Component: Arm Compiler for Embedded 6.22 Tool: armlink [5ee90200]

==============================================================================

Section Cross References

    startup_stm32f446xx.o(RESET) refers to startup_stm32f446xx.o(STACK) for __initial_sp
    startup_stm32f446xx.o(RESET) refers to startup_stm32f446xx.o(.text) for Reset_Handler
    startup_stm32f446xx.o(RESET) refers to stm32f4xx_it.o(.text.NMI_Handler) for NMI_Handler
    startup_stm32f446xx.o(RESET) refers to stm32f4xx_it.o(.text.HardFault_Handler) for HardFault_Handler
    startup_stm32f446xx.o(RESET) refers to stm32f4xx_it.o(.text.MemManage_Handler) for MemManage_Handler
    startup_stm32f446xx.o(RESET) refers to stm32f4xx_it.o(.text.BusFault_Handler) for BusFault_Handler
    startup_stm32f446xx.o(RESET) refers to stm32f4xx_it.o(.text.UsageFault_Handler) for UsageFault_Handler
    startup_stm32f446xx.o(RESET) refers to stm32f4xx_it.o(.text.SVC_Handler) for SVC_Handler
    startup_stm32f446xx.o(RESET) refers to stm32f4xx_it.o(.text.DebugMon_Handler) for DebugMon_Handler
    startup_stm32f446xx.o(RESET) refers to stm32f4xx_it.o(.text.PendSV_Handler) for PendSV_Handler
    startup_stm32f446xx.o(RESET) refers to stm32f4xx_it.o(.text.SysTick_Handler) for SysTick_Handler
    startup_stm32f446xx.o(RESET) refers to stm32f4xx_it.o(.text.SPI1_IRQHandler) for SPI1_IRQHandler
    startup_stm32f446xx.o(RESET) refers to stm32f4xx_it.o(.text.DMA2_Stream3_IRQHandler) for DMA2_Stream3_IRQHandler
    startup_stm32f446xx.o(.text) refers to system_stm32f4xx.o(.text.SystemInit) for SystemInit
    startup_stm32f446xx.o(.text) refers to entry.o(.ARM.Collect$$$$00000000) for __main
    battle.o(.text.drawBattleScreen) refers to ili9341_gfx.o(.rodata.ILI9341_BLACK) for ILI9341_BLACK
    battle.o(.text.drawBattleScreen) refers to ili9341_gfx.o(.text.ili9341_fill_screen) for ili9341_fill_screen
    battle.o(.text.drawBattleScreen) refers to ili9341_gfx.o(.rodata.ILI9341_WHITE) for ILI9341_WHITE
    battle.o(.text.drawBattleScreen) refers to ili9341_font.o(.rodata.ili9341_font_11x18) for ili9341_font_11x18
    battle.o(.text.drawBattleScreen) refers to ili9341_gfx.o(.text.ili9341_draw_string) for ili9341_draw_string
    battle.o(.text.drawBattleScreen) refers to ili9341_gfx.o(.rodata.ILI9341_RED) for ILI9341_RED
    battle.o(.text.drawBattleScreen) refers to graphics.o(.text.drawGhost) for drawGhost
    battle.o(.text.drawBattleScreen) refers to ili9341_gfx.o(.rodata.ILI9341_YELLOW) for ILI9341_YELLOW
    battle.o(.text.drawBattleScreen) refers to graphics.o(.text.drawPacMan) for drawPacMan
    battle.o(.ARM.exidx.text.drawBattleScreen) refers to battle.o(.text.drawBattleScreen) for [Anonymous Symbol]
    battle.o(.text.drawRandomTarget) refers to battle.o(.bss..L_MergedGlobals) for .L_MergedGlobals
    battle.o(.text.drawRandomTarget) refers to rand.o(.text) for rand
    battle.o(.text.drawRandomTarget) refers to ili9341_gfx.o(.rodata.ILI9341_BLACK) for ILI9341_BLACK
    battle.o(.text.drawRandomTarget) refers to ili9341_gfx.o(.text.ili9341_fill_rect) for ili9341_fill_rect
    battle.o(.ARM.exidx.text.drawRandomTarget) refers to battle.o(.text.drawRandomTarget) for [Anonymous Symbol]
    battle.o(.text.incrementPowerBar) refers to ili9341_gfx.o(.text.ili9341_fill_rect) for ili9341_fill_rect
    battle.o(.ARM.exidx.text.incrementPowerBar) refers to battle.o(.text.incrementPowerBar) for [Anonymous Symbol]
    battle.o(.text.updateEnemyPowerBar) refers to rand.o(.text) for rand
    battle.o(.text.updateEnemyPowerBar) refers to ili9341_gfx.o(.text.ili9341_fill_rect) for ili9341_fill_rect
    battle.o(.ARM.exidx.text.updateEnemyPowerBar) refers to battle.o(.text.updateEnemyPowerBar) for [Anonymous Symbol]
    battle.o(.text.checkWinner) refers to graphics.o(.text.drawGrave) for drawGrave
    battle.o(.text.checkWinner) refers to ili9341_gfx.o(.rodata.ILI9341_BLACK) for ILI9341_BLACK
    battle.o(.text.checkWinner) refers to ili9341_gfx.o(.text.ili9341_fill_rect) for ili9341_fill_rect
    battle.o(.text.checkWinner) refers to memseta.o(.text) for __aeabi_memclr4
    battle.o(.text.checkWinner) refers to ili9341_gfx.o(.rodata.ILI9341_WHITE) for ILI9341_WHITE
    battle.o(.text.checkWinner) refers to printf2.o(i.__0sprintf$2) for __2sprintf
    battle.o(.text.checkWinner) refers to ili9341_font.o(.rodata.ili9341_font_11x18) for ili9341_font_11x18
    battle.o(.text.checkWinner) refers to ili9341_gfx.o(.text.ili9341_draw_string) for ili9341_draw_string
    battle.o(.text.checkWinner) refers to stm32f4xx_hal.o(.text.HAL_Delay) for HAL_Delay
    battle.o(.ARM.exidx.text.checkWinner) refers to battle.o(.text.checkWinner) for [Anonymous Symbol]
    battle.o(.text.battle) refers to battle.o(.text.drawBattleScreen) for drawBattleScreen
    battle.o(.text.battle) refers to ili9341_gfx.o(.rodata.ILI9341_BLACK) for ILI9341_BLACK
    battle.o(.text.battle) refers to battle.o(.bss..L_MergedGlobals) for .L_MergedGlobals
[...]
    ../clib/microlib/longlong.c              0x00000000   Number         0  llsshr.o ABSOLUTE
    ../clib/microlib/malloc/malloc.c         0x00000000   Number         0  malloc.o ABSOLUTE
    ../clib/microlib/malloc/malloc.c         0x00000000   Number         0  mallocr.o ABSOLUTE
    ../clib/microlib/malloc/malloc.c         0x00000000   Number         0  malloca.o ABSOLUTE
    ../clib/microlib/malloc/malloc.c         0x00000000   Number         0  mallocra.o ABSOLUTE
    ../clib/microlib/malloc/mvars.c          0x00000000   Number         0  mvars.o ABSOLUTE
    ../clib/microlib/printf/printf.c         0x00000000   Number         0  printfb.o ABSOLUTE
    ../clib/microlib/printf/printf.c         0x00000000   Number         0  printf0.o ABSOLUTE
    ../clib/microlib/printf/printf.c         0x00000000   Number         0  printf1.o ABSOLUTE
    ../clib/microlib/printf/printf.c         0x00000000   Number         0  printf2.o ABSOLUTE
    ../clib/microlib/printf/printf.c         0x00000000   Number         0  printf3.o ABSOLUTE
    ../clib/microlib/printf/printf.c         0x00000000   Number         0  printf4.o ABSOLUTE
    ../clib/microlib/printf/printf.c         0x00000000   Number         0  printf5.o ABSOLUTE
    ../clib/microlib/printf/printf.c         0x00000000   Number         0  printf6.o ABSOLUTE
    ../clib/microlib/printf/printf.c         0x00000000   Number         0  printf7.o ABSOLUTE
    ../clib/microlib/printf/printf.c         0x00000000   Number         0  printf8.o ABSOLUTE
    ../clib/microlib/printf/printf.c         0x00000000   Number         0  printfa.o ABSOLUTE
    ../clib/microlib/printf/stubs.s          0x00000000   Number         0  printfstubs.o ABSOLUTE
    ../clib/microlib/stdio/streams.c         0x00000000   Number         0  stdout.o ABSOLUTE
    ../clib/microlib/stdlib/rand.c           0x00000000   Number         0  rand.o ABSOLUTE
    ../clib/microlib/string/memcpy.c         0x00000000   Number         0  memcpya.o ABSOLUTE
    ../clib/microlib/string/memcpy.c         0x00000000   Number         0  memcpyb.o ABSOLUTE
    ../clib/microlib/string/memset.c         0x00000000   Number         0  memseta.o ABSOLUTE
    ../clib/microlib/stubs.s                 0x00000000   Number         0  iusefp.o ABSOLUTE
    ../fplib/microlib/d2f.c                  0x00000000   Number         0  d2f.o ABSOLUTE
    ../fplib/microlib/f2d.c                  0x00000000   Number         0  f2d.o ABSOLUTE
    ../fplib/microlib/fpadd.c                0x00000000   Number         0  dadd.o ABSOLUTE
    ../fplib/microlib/fpcmp.c                0x00000000   Number         0  dcmpge.o ABSOLUTE
    ../fplib/microlib/fpcmp.c                0x00000000   Number         0  dcmpgt.o ABSOLUTE
    ../fplib/microlib/fpdiv.c                0x00000000   Number         0  ddiv.o ABSOLUTE
    ../fplib/microlib/fpepilogue.c           0x00000000   Number         0  fepilogue.o ABSOLUTE
    ../fplib/microlib/fpepilogue.c           0x00000000   Number         0  depilogue.o ABSOLUTE
    ../fplib/microlib/fpfix.c                0x00000000   Number         0  dfixi.o ABSOLUTE
    ../fplib/microlib/fpfix.c                0x00000000   Number         0  dfixul.o ABSOLUTE
    ../fplib/microlib/fpflt.c                0x00000000   Number         0  ffltl.o ABSOLUTE
    ../fplib/microlib/fpflt.c                0x00000000   Number         0  dflti.o ABSOLUTE
    ../fplib/microlib/fpflt.c                0x00000000   Number         0  dfltui.o ABSOLUTE
    ../fplib/microlib/fpmul.c                0x00000000   Number         0  dmul.o ABSOLUTE
    ../fplib/microlib/fpneg.c                0x00000000   Number         0  dneg.o ABSOLUTE
    ../fplib/microlib/fprem.c                0x00000000   Number         0  frem.o ABSOLUTE
    ../mathlib/cos.c                         0x00000000   Number         0  cos.o ABSOLUTE
    ../mathlib/cos_i.c                       0x00000000   Number         0  cos_i.o ABSOLUTE
    ../mathlib/dunder.c                      0x00000000   Number         0  dunder.o ABSOLUTE
    ../mathlib/fabs.c                        0x00000000   Number         0  fabs.o ABSOLUTE
    ../mathlib/fmodf.c                       0x00000000   Number         0  fmodf.o ABSOLUTE
    ../mathlib/fpclassify.c                  0x00000000   Number         0  fpclassify.o ABSOLUTE
    ../mathlib/funder.c                      0x00000000   Number         0  funder.o ABSOLUTE
    ../mathlib/poly.c                        0x00000000   Number         0  poly.o ABSOLUTE
    ../mathlib/rred.c                        0x00000000   Number         0  rred.o ABSOLUTE
    ../mathlib/sin.c                         0x00000000   Number         0  sin.o ABSOLUTE
    ../mathlib/sin_i.c                       0x00000000   Number         0  sin_i.o ABSOLUTE
    Battle.c                                 0x00000000   Number         0  battle.o ABSOLUTE
    Game.c                                   0x00000000   Number         0  game.o ABSOLUTE
    Graphics.c                               0x00000000   Number         0  graphics.o ABSOLUTE
    Menu.c                                   0x00000000   Number         0  menu.o ABSOLUTE
    cdrcmple.s                               0x00000000   Number         0  cdrcmple.o ABSOLUTE
    dc.s                                     0x00000000   Number         0  dc.o ABSOLUTE
    dma.c                                    0x00000000   Number         0  dma.o ABSOLUTE
    gpio.c                                   0x00000000   Number         0  gpio.o ABSOLUTE
    handlers.s                               0x00000000   Number         0  handlers.o ABSOLUTE
    ili9341.c                                0x00000000   Number         0  ili9341.o ABSOLUTE
    ili9341_font.c                           0x00000000   Number         0  ili9341_font.o ABSOLUTE
    ili9341_gfx.c                            0x00000000   Number         0  ili9341_gfx.o ABSOLUTE
    init.s                                   0x00000000   Number         0  init.o ABSOLUTE
    main.c                                   0x00000000   Number         0  main.o ABSOLUTE
    spi.c                                    0x00000000   Number         0  spi.o ABSOLUTE
    startup_stm32f446xx.s                    0x00000000   Number         0  startup_stm32f446xx.o ABSOLUTE
    stm32f4xx_hal.c                          0x00000000   Number         0  stm32f4xx_hal.o ABSOLUTE
    stm32f4xx_hal_cortex.c                   0x00000000   Number         0  stm32f4xx_hal_cortex.o ABSOLUTE
    stm32f4xx_hal_dma.c                      0x00000000   Number         0  stm32f4xx_hal_dma.o ABSOLUTE
    stm32f4xx_hal_dma_ex.c                   0x00000000   Number         0  stm32f4xx_hal_dma_ex.o ABSOLUTE
    stm32f4xx_hal_exti.c                     0x00000000   Number         0  stm32f4xx_hal_exti.o ABSOLUTE
    stm32f4xx_hal_flash.c                    0x00000000   Number         0  stm32f4xx_hal_flash.o ABSOLUTE
    stm32f4xx_hal_flash_ex.c                 0x00000000   Number         0  stm32f4xx_hal_flash_ex.o ABSOLUTE
    stm32f4xx_hal_flash_ramfunc.c            0x00000000   Number         0  stm32f4xx_hal_flash_ramfunc.o ABSOLUTE
    stm32f4xx_hal_gpio.c                     0x00000000   Number         0  stm32f4xx_hal_gpio.o ABSOLUTE
    stm32f4xx_hal_msp.c                      0x00000000   Number         0  stm32f4xx_hal_msp.o ABSOLUTE
    stm32f4xx_hal_pwr.c                      0x00000000   Number         0  stm32f4xx_hal_pwr.o ABSOLUTE
    stm32f4xx_hal_pwr_ex.c                   0x00000000   Number         0  stm32f4xx_hal_pwr_ex.o ABSOLUTE
    stm32f4xx_hal_rcc.c                      0x00000000   Number         0  stm32f4xx_hal_rcc.o ABSOLUTE
    stm32f4xx_hal_rcc_ex.c                   0x00000000   Number         0  stm32f4xx_hal_rcc_ex.o ABSOLUTE
    stm32f4xx_hal_spi.c                      0x00000000   Number         0  stm32f4xx_hal_spi.o ABSOLUTE
    stm32f4xx_hal_tim.c                      0x00000000   Number         0  stm32f4xx_hal_tim.o ABSOLUTE
    stm32f4xx_hal_tim_ex.c                   0x00000000   Number         0  stm32f4xx_hal_tim_ex.o ABSOLUTE
    stm32f4xx_hal_uart.c                     0x00000000   Number         0  stm32f4xx_hal_uart.o ABSOLUTE
    stm32f4xx_it.c                           0x00000000   Number         0  stm32f4xx_it.o ABSOLUTE
    system_stm32f4xx.c                       0x00000000   Number         0  system_stm32f4xx.o ABSOLUTE
    usart.c                                  0x00000000   Number         0  usart.o ABSOLUTE
    RESET                                    0x08000000   Section      452  startup_stm32f446xx.o(RESET)
    .ARM.Collect$$$$00000000                 0x080001c4   Section        0  entry.o(.ARM.Collect$$$$00000000)
    .ARM.Collect$$$$00000001                 0x080001c4   Section        4  entry2.o(.ARM.Collect$$$$00000001)
    .ARM.Collect$$$$00000004                 0x080001c8   Section        4  entry5.o(.ARM.Collect$$$$00000004)
    .ARM.Collect$$$$00000008                 0x080001cc   Section        0  entry7b.o(.ARM.Collect$$$$00000008)
    .ARM.Collect$$$$0000000A                 0x080001cc   Section        0  entry8b.o(.ARM.Collect$$$$0000000A)
    .ARM.Collect$$$$0000000B                 0x080001cc   Section        8  entry9a.o(.ARM.Collect$$$$0000000B)
    __lit__00000000                          0x080001d4   Data           4  entry2.o(.ARM.Collect$$$$00002712)
    .ARM.Collect$$$$0000000D                 0x080001d4   Section        0  entry10a.o(.ARM.Collect$$$$0000000D)
    .ARM.Collect$$$$0000000F                 0x080001d4   Section        0  entry11a.o(.ARM.Collect$$$$0000000F)
    .ARM.Collect$$$$00002712                 0x080001d4   Section        4  entry2.o(.ARM.Collect$$$$00002712)
    $v0                                      0x080001d8   Number         0  startup_stm32f446xx.o(.text)
    .text                                    0x080001d8   Section       36  startup_stm32f446xx.o(.text)
    .text                                    0x080001fc   Section        0  uldiv.o(.text)
    .text                                    0x08000260   Section        0  rand.o(.text)
    .text                                    0x08000284   Section        0  memseta.o(.text)
    .text                                    0x080002a8   Section        0  dadd.o(.text)
    .text                                    0x080003f6   Section        0  ddiv.o(.text)
    .text                                    0x080004d4   Section        0  dcmpge.o(.text)
    .text                                    0x0800050a   Section        0  dcmpgt.o(.text)
    .text                                    0x08000540   Section        0  dfixi.o(.text)
    .text                                    0x0800057e   Section        0  f2d.o(.text)
    .text                                    0x080005a4   Section        0  d2f.o(.text)
    .text                                    0x080005dc   Section        0  llshl.o(.text)
    .text                                    0x080005fa   Section        0  llushr.o(.text)
    .text                                    0x0800061a   Section        0  llsshr.o(.text)
    .text                                    0x0800063e   Section        0  iusefp.o(.text)
    .text                                    0x0800063e   Section        0  fepilogue.o(.text)
    .text                                    0x080006ac   Section        0  depilogue.o(.text)
    .text                                    0x08000766   Section        0  dmul.o(.text)
    .text                                    0x0800084c   Section       48  init.o(.text)
    .text                                    0x0800087c   Section        0  dflti.o(.text)
    .text                                    0x0800089e   Section        0  dfltui.o(.text)
    .text                                    0x080008b8   Section        0  __dclz77c.o(.text)
    [Anonymous Symbol]                       0x08000918   Section        0  stm32f4xx_it.o(.text.BusFault_Handler)
    [Anonymous Symbol]                       0x0800091c   Section        0  stm32f4xx_it.o(.text.DMA2_Stream3_IRQHandler)
    [Anonymous Symbol]                       0x08000928   Section        0  stm32f4xx_it.o(.text.DebugMon_Handler)
    [Anonymous Symbol]                       0x0800092c   Section        0  main.o(.text.Error_Handler)
    [Anonymous Symbol]                       0x08000934   Section        0  stm32f4xx_hal_dma.o(.text.HAL_DMA_Abort_IT)
    [Anonymous Symbol]                       0x08000958   Section        0  stm32f4xx_hal_dma.o(.text.HAL_DMA_GetState)
    [Anonymous Symbol]                       0x08000960   Section        0  stm32f4xx_hal_dma.o(.text.HAL_DMA_IRQHandler)
    [Anonymous Symbol]                       0x08000b24   Section        0  stm32f4xx_hal_dma.o(.text.HAL_DMA_Init)
    [Anonymous Symbol]                       0x08000c88   Section        0  stm32f4xx_hal_dma.o(.text.HAL_DMA_Start_IT)
    [Anonymous Symbol]                       0x08000d2c   Section        0  stm32f4xx_hal.o(.text.HAL_Delay)
    [Anonymous Symbol]                       0x08000d54   Section        0  stm32f4xx_hal_gpio.o(.text.HAL_GPIO_Init)
    [Anonymous Symbol]                       0x08000ef4   Section        0  stm32f4xx_hal_gpio.o(.text.HAL_GPIO_WritePin)
    [Anonymous Symbol]                       0x08000f00   Section        0  stm32f4xx_hal.o(.text.HAL_GetTick)
    [Anonymous Symbol]                       0x08000f0c   Section        0  stm32f4xx_hal.o(.text.HAL_IncTick)
    [Anonymous Symbol]                       0x08000f28   Section        0  stm32f4xx_hal.o(.text.HAL_Init)
    [Anonymous Symbol]                       0x08000f60   Section        0  stm32f4xx_hal.o(.text.HAL_InitTick)
    [Anonymous Symbol]                       0x08000fa8   Section        0  stm32f4xx_hal_msp.o(.text.HAL_MspInit)
    [Anonymous Symbol]                       0x08000fe4   Section        0  stm32f4xx_hal_cortex.o(.text.HAL_NVIC_EnableIRQ)
    [Anonymous Symbol]                       0x08001008   Section        0  stm32f4xx_hal_cortex.o(.text.HAL_NVIC_SetPriority)
    [Anonymous Symbol]                       0x08001060   Section        0  stm32f4xx_hal_cortex.o(.text.HAL_NVIC_SetPriorityGrouping)
    [Anonymous Symbol]                       0x08001080   Section        0  stm32f4xx_hal_rcc.o(.text.HAL_RCC_ClockConfig)
    [Anonymous Symbol]                       0x080011e4   Section        0  stm32f4xx_hal_rcc.o(.text.HAL_RCC_GetPCLK1Freq)
    [Anonymous Symbol]                       0x0800120c   Section        0  stm32f4xx_hal_rcc.o(.text.HAL_RCC_GetPCLK2Freq)
    [Anonymous Symbol]                       0x08001234   Section        0  stm32f4xx_hal_rcc_ex.o(.text.HAL_RCC_GetSysClockFreq)
    [Anonymous Symbol]                       0x080012d8   Section        0  stm32f4xx_hal_rcc_ex.o(.text.HAL_RCC_OscConfig)
    [Anonymous Symbol]                       0x080016b4   Section        0  stm32f4xx_hal_spi.o(.text.HAL_SPI_ErrorCallback)
    [Anonymous Symbol]                       0x080016b8   Section        0  stm32f4xx_hal_spi.o(.text.HAL_SPI_IRQHandler)
    [Anonymous Symbol]                       0x080017e8   Section        0  stm32f4xx_hal_spi.o(.text.HAL_SPI_Init)
    [Anonymous Symbol]                       0x08001898   Section        0  spi.o(.text.HAL_SPI_MspInit)
    [Anonymous Symbol]                       0x08001958   Section        0  stm32f4xx_hal_spi.o(.text.HAL_SPI_Transmit)
    [Anonymous Symbol]                       0x08001bd4   Section        0  stm32f4xx_hal_spi.o(.text.HAL_SPI_Transmit_DMA)
    [Anonymous Symbol]                       0x08001cb4   Section        0  stm32f4xx_hal_spi.o(.text.HAL_SPI_TxCpltCallback)
    [Anonymous Symbol]                       0x08001cb8   Section        0  stm32f4xx_hal_spi.o(.text.HAL_SPI_TxHalfCpltCallback)
    [Anonymous Symbol]                       0x08001cbc   Section        0  stm32f4xx_hal_cortex.o(.text.HAL_SYSTICK_Config)
    [Anonymous Symbol]                       0x08001ce8   Section        0  stm32f4xx_hal_uart.o(.text.HAL_UART_Init)
    [Anonymous Symbol]                       0x08001d48   Section        0  usart.o(.text.HAL_UART_MspInit)
    [Anonymous Symbol]                       0x08001dbc   Section        0  stm32f4xx_it.o(.text.HardFault_Handler)
    [Anonymous Symbol]                       0x08001dc0   Section        0  dma.o(.text.MX_DMA_Init)
    [Anonymous Symbol]                       0x08001df8   Section        0  gpio.o(.text.MX_GPIO_Init)
    [Anonymous Symbol]                       0x08001eb8   Section        0  spi.o(.text.MX_SPI1_Init)
    [Anonymous Symbol]                       0x08001f00   Section        0  usart.o(.text.MX_USART2_UART_Init)
    [Anonymous Symbol]                       0x08001f3c   Section        0  stm32f4xx_it.o(.text.MemManage_Handler)
    [Anonymous Symbol]                       0x08001f40   Section        0  stm32f4xx_it.o(.text.NMI_Handler)
    [Anonymous Symbol]                       0x08001f44   Section        0  stm32f4xx_it.o(.text.PendSV_Handler)
    [Anonymous Symbol]                       0x08001f48   Section        0  stm32f4xx_it.o(.text.SPI1_IRQHandler)
    SPI_DMAAbortOnError                      0x08001f55   Thumb Code    12  stm32f4xx_hal_spi.o(.text.SPI_DMAAbortOnError)
    [Anonymous Symbol]                       0x08001f54   Section        0  stm32f4xx_hal_spi.o(.text.SPI_DMAAbortOnError)
    SPI_DMAError                             0x08001f61   Thumb Code    30  stm32f4xx_hal_spi.o(.text.SPI_DMAError)
    [Anonymous Symbol]                       0x08001f60   Section        0  stm32f4xx_hal_spi.o(.text.SPI_DMAError)
    SPI_DMAHalfTransmitCplt                  0x08001f81   Thumb Code     6  stm32f4xx_hal_spi.o(.text.SPI_DMAHalfTransmitCplt)
    [Anonymous Symbol]                       0x08001f80   Section        0  stm32f4xx_hal_spi.o(.text.SPI_DMAHalfTransmitCplt)
    SPI_DMATransmitCplt                      0x08001f89   Thumb Code   274  stm32f4xx_hal_spi.o(.text.SPI_DMATransmitCplt)
    [Anonymous Symbol]                       0x08001f88   Section        0  stm32f4xx_hal_spi.o(.text.SPI_DMATransmitCplt)
    SPI_WaitFlagStateUntilTimeout            0x0800209d   Thumb Code   288  stm32f4xx_hal_spi.o(.text.SPI_WaitFlagStateUntilTimeout)
    [Anonymous Symbol]                       0x0800209c   Section        0  stm32f4xx_hal_spi.o(.text.SPI_WaitFlagStateUntilTimeout)
    [Anonymous Symbol]                       0x080021bc   Section        0  stm32f4xx_it.o(.text.SVC_Handler)
    [Anonymous Symbol]                       0x080021c0   Section        0  stm32f4xx_it.o(.text.SysTick_Handler)
    [Anonymous Symbol]                       0x080021c4   Section        0  main.o(.text.SystemClock_Config)
    [Anonymous Symbol]                       0x08002268   Section        0  system_stm32f4xx.o(.text.SystemInit)
    UART_SetConfig                           0x0800227d   Thumb Code   230  stm32f4xx_hal_uart.o(.text.UART_SetConfig)
    [Anonymous Symbol]                       0x0800227c   Section        0  stm32f4xx_hal_uart.o(.text.UART_SetConfig)
    [Anonymous Symbol]                       0x08002364   Section        0  stm32f4xx_it.o(.text.UsageFault_Handler)
    [Anonymous Symbol]                       0x08002368   Section        0  battle.o(.text.battle)
    [Anonymous Symbol]                       0x0800245c   Section        0  game.o(.text.checkBoundary)
    [Anonymous Symbol]                       0x08002630   Section        0  battle.o(.text.checkWinner)
    [Anonymous Symbol]                       0x08002720   Section        0  menu.o(.text.choosePlayer)
    [Anonymous Symbol]                       0x08002880   Section        0  battle.o(.text.drawBattleScreen)
    [Anonymous Symbol]                       0x0800295c   Section        0  graphics.o(.text.drawGhost)
    [Anonymous Symbol]                       0x08002a50   Section        0  graphics.o(.text.drawGrave)
    [Anonymous Symbol]                       0x08002b04   Section        0  game.o(.text.drawMaze)
    [Anonymous Symbol]                       0x08002da4   Section        0  graphics.o(.text.drawPacMan)
    [Anonymous Symbol]                       0x08002e24   Section        0  game.o(.text.getSprite)
    [Anonymous Symbol]                       0x08002eb4   Section        0  ili9341_font.o(.text.glyph_index)
    [Anonymous Symbol]                       0x08002ec4   Section        0  ili9341_gfx.o(.text.ili9341_draw_char)
    [Anonymous Symbol]                       0x080030b4   Section        0  ili9341_gfx.o(.text.ili9341_draw_line)
    [Anonymous Symbol]                       0x0800320c   Section        0  ili9341_gfx.o(.text.ili9341_draw_pixel)
    [Anonymous Symbol]                       0x080032c4   Section        0  ili9341_gfx.o(.text.ili9341_draw_rect)
    [Anonymous Symbol]                       0x0800332c   Section        0  ili9341_gfx.o(.text.ili9341_draw_string)
    [Anonymous Symbol]                       0x0800339c   Section        0  ili9341_gfx.o(.text.ili9341_fill_circle)
    [Anonymous Symbol]                       0x080034b0   Section        0  ili9341_gfx.o(.text.ili9341_fill_rect)
    [Anonymous Symbol]                       0x08003654   Section        0  ili9341_gfx.o(.text.ili9341_fill_screen)
    [Anonymous Symbol]                       0x08003670   Section        0  ili9341.o(.text.ili9341_new)
    [Anonymous Symbol]                       0x08003da0   Section        0  ili9341.o(.text.ili9341_spi_tft_release)
    [Anonymous Symbol]                       0x08003dac   Section        0  ili9341.o(.text.ili9341_spi_tft_select)
    [Anonymous Symbol]                       0x08003db8   Section        0  ili9341_gfx.o(.text.ili9341_spi_tft_set_address_rect)
    [Anonymous Symbol]                       0x08003e34   Section        0  ili9341.o(.text.ili9341_spi_write_command)
    [Anonymous Symbol]                       0x08003ea4   Section        0  ili9341.o(.text.ili9341_spi_write_command_data)
    [Anonymous Symbol]                       0x08003f54   Section        0  ili9341_gfx.o(.text.ili9341_transmit_color)
    [Anonymous Symbol]                       0x08003f88   Section        0  main.o(.text.main)
    [Anonymous Symbol]                       0x0800405c   Section        0  game.o(.text.updatePosition)
    [Anonymous Symbol]                       0x080041a8   Section        0  graphics.o(.text.writeFillArcHelper)
    __arm_cp.1_7                             0x080044a8   Number         4  graphics.o(.text.writeFillArcHelper)
    __arm_cp.1_10                            0x08004578   Number         4  graphics.o(.text.writeFillArcHelper)
    i.__0sprintf$2                           0x08004614   Section        0  printf2.o(i.__0sprintf$2)
    i.__ARM_fpclassify                       0x0800463c   Section        0  fpclassify.o(i.__ARM_fpclassify)
    i.__hardfp_cos                           0x08004670   Section        0  cos.o(i.__hardfp_cos)
    i.__hardfp_sin                           0x08004738   Section        0  sin.o(i.__hardfp_sin)
    i.__ieee754_rem_pio2                     0x08004800   Section        0  rred.o(i.__ieee754_rem_pio2)
    i.__kernel_cos                           0x08004c38   Section        0  cos_i.o(i.__kernel_cos)
    i.__kernel_poly                          0x08004da8   Section        0  poly.o(i.__kernel_poly)
    i.__kernel_sin                           0x08004ea0   Section        0  sin_i.o(i.__kernel_sin)
    i.__mathlib_dbl_infnan                   0x08004fd0   Section        0  dunder.o(i.__mathlib_dbl_infnan)
    i.__mathlib_dbl_invalid                  0x08004fe8   Section        0  dunder.o(i.__mathlib_dbl_invalid)
    i.__mathlib_dbl_underflow                0x08005008   Section        0  dunder.o(i.__mathlib_dbl_underflow)
    i.__scatterload_copy                     0x08005028   Section       14  handlers.o(i.__scatterload_copy)
    i.__scatterload_null                     0x08005036   Section        2  handlers.o(i.__scatterload_null)
    i.__scatterload_zeroinit                 0x08005038   Section       14  handlers.o(i.__scatterload_zeroinit)
    i.__set_errno                            0x08005048   Section        0  errno.o(i.__set_errno)
    _printf_core                             0x08005055   Thumb Code   214  printf2.o(i._printf_core)
    i._printf_core                           0x08005054   Section        0  printf2.o(i._printf_core)
    _sputc                                   0x0800512b   Thumb Code    10  printf2.o(i._sputc)
    i._sputc                                 0x0800512a   Section        0  printf2.o(i._sputc)
    i.fabs                                   0x08005134   Section        0  fabs.o(i.fabs)
    i.malloc                                 0x0800514c   Section        0  malloc.o(i.malloc)
    C                                        0x080051b8   Data          48  cos_i.o(.constdata)
    .constdata                               0x080051b8   Section       48  cos_i.o(.constdata)
    pio2s                                    0x080051e8   Data          48  rred.o(.constdata)
    .constdata                               0x080051e8   Section      204  rred.o(.constdata)
    twooverpi                                0x08005218   Data         156  rred.o(.constdata)
    S                                        0x080052b8   Data          40  sin_i.o(.constdata)
    .constdata                               0x080052b8   Section       40  sin_i.o(.constdata)
    DMA_CalcBaseAndBitshift.flagBitshiftOffset 0x08005302   Data           8  stm32f4xx_hal_dma.o(.rodata.cst8)
    [Anonymous Symbol]                       0x08005302   Section        0  stm32f4xx_hal_dma.o(.rodata.cst8)
    _rand_state                              0x20000000   Data           4  rand.o(.data)
    .data                                    0x20000000   Section        4  rand.o(.data)
    .data                                    0x20000004   Section        4  mvars.o(.data)
    .data                                    0x20000008   Section        4  mvars.o(.data)
    _errno                                   0x2000000c   Data           4  errno.o(.data)
    .data                                    0x2000000c   Section        4  errno.o(.data)
    .L_MergedGlobals                         0x20000010   Data           8  stm32f4xx_hal.o(.data..L_MergedGlobals)
    [Anonymous Symbol]                       0x20000010   Section        0  stm32f4xx_hal.o(.data..L_MergedGlobals)
    .L_MergedGlobals                         0x200013a0   Data           4  battle.o(.bss..L_MergedGlobals)
    drawRandomTarget.previous_pos_y          0x200013a0   Data           2  battle.o(.bss..L_MergedGlobals)
    [Anonymous Symbol]                       0x200013a0   Section        0  battle.o(.bss..L_MergedGlobals)
    drawRandomTarget.counter                 0x200013a2   Data           2  battle.o(.bss..L_MergedGlobals)
    .L_MergedGlobals                         0x200013a4   Data          40  main.o(.bss..L_MergedGlobals)
    main.game_state                          0x200013a4   Data           1  main.o(.bss..L_MergedGlobals)
    [Anonymous Symbol]                       0x200013a4   Section        0  main.o(.bss..L_MergedGlobals)
    spi_tx_block                             0x200014cc   Data        2048  ili9341_gfx.o(.bss.spi_tx_block)
    [Anonymous Symbol]                       0x200014cc   Section        0  ili9341_gfx.o(.bss.spi_tx_block)
    HEAP                                     0x20001cd0   Section      512  startup_stm32f446xx.o(HEAP)
    STACK                                    0x20001ed0   Section     1024  startup_stm32f446xx.o(STACK)

    Global Symbols

    Symbol Name                              Value     Ov Type        Size  Object(Section)

    BuildAttributes$$THM_ISAv4$E$P$D$K$B$S$7EM$VFPi3$EXTD16$VFPS$VFMA$PE$A:L22UL41UL21$X:L11$S22US41US21$IEEE1$IW$~IW$USESV6$~STKCKD$USESV7$~SHL$OTIME$ROPI$IEEEX$EBA8$MICROLIB$REQ8$PRES8$EABIv2 0x00000000   Number         0  anon$$obj.o ABSOLUTE
    _printf_a                                0x00000000   Number         0  printfstubs.o ABSOLUTE
    _printf_c                                0x00000000   Number         0  printfstubs.o ABSOLUTE
    _printf_charcount                        0x00000000   Number         0  printfstubs.o ABSOLUTE
    _printf_d                                0x00000000   Number         0  printfstubs.o ABSOLUTE
    _printf_e                                0x00000000   Number         0  printfstubs.o ABSOLUTE
    _printf_f                                0x00000000   Number         0  printfstubs.o ABSOLUTE
    _printf_flags                            0x00000000   Number         0  printfstubs.o ABSOLUTE
    _printf_fp_dec                           0x00000000   Number         0  printfstubs.o ABSOLUTE
    _printf_fp_hex                           0x00000000   Number         0  printfstubs.o ABSOLUTE
    _printf_g                                0x00000000   Number         0  printfstubs.o ABSOLUTE
    _printf_i                                0x00000000   Number         0  printfstubs.o ABSOLUTE
    _printf_int_dec                          0x00000000   Number         0  printfstubs.o ABSOLUTE
    _printf_l                                0x00000000   Number         0  printfstubs.o ABSOLUTE
    _printf_lc                               0x00000000   Number         0  printfstubs.o ABSOLUTE
    _printf_ll                               0x00000000   Number         0  printfstubs.o ABSOLUTE
    _printf_lld                              0x00000000   Number         0  printfstubs.o ABSOLUTE
    _printf_lli                              0x00000000   Number         0  printfstubs.o ABSOLUTE
    _printf_llo                              0x00000000   Number         0  printfstubs.o ABSOLUTE
    _printf_llu                              0x00000000   Number         0  printfstubs.o ABSOLUTE
    _printf_llx                              0x00000000   Number         0  printfstubs.o ABSOLUTE
    _printf_longlong_dec                     0x00000000   Number         0  printfstubs.o ABSOLUTE
    _printf_longlong_hex                     0x00000000   Number         0  printfstubs.o ABSOLUTE
    _printf_longlong_oct                     0x00000000   Number         0  printfstubs.o ABSOLUTE
    _printf_ls                               0x00000000   Number         0  printfstubs.o ABSOLUTE
    _printf_mbtowc                           0x00000000   Number         0  printfstubs.o ABSOLUTE
    _printf_n                                0x00000000   Number         0  printfstubs.o ABSOLUTE
    _printf_o                                0x00000000   Number         0  printfstubs.o ABSOLUTE
    _printf_p                                0x00000000   Number         0  printfstubs.o ABSOLUTE
    _printf_percent                          0x00000000   Number         0  printfstubs.o ABSOLUTE
    _printf_pre_padding                      0x00000000   Number         0  printfstubs.o ABSOLUTE
    _printf_return_value                     0x00000000   Number         0  printfstubs.o ABSOLUTE
    _printf_s                                0x00000000   Number         0  printfstubs.o ABSOLUTE
    _printf_sizespec                         0x00000000   Number         0  printfstubs.o ABSOLUTE
    _printf_str                              0x00000000   Number         0  printfstubs.o ABSOLUTE
    _printf_truncate_signed                  0x00000000   Number         0  printfstubs.o ABSOLUTE
    _printf_truncate_unsigned                0x00000000   Number         0  printfstubs.o ABSOLUTE
    _printf_u                                0x00000000   Number         0  printfstubs.o ABSOLUTE
    _printf_wc                               0x00000000   Number         0  printfstubs.o ABSOLUTE
    _printf_wctomb                           0x00000000   Number         0  printfstubs.o ABSOLUTE
    _printf_widthprec                        0x00000000   Number         0  printfstubs.o ABSOLUTE
    _printf_x                                0x00000000   Number         0  printfstubs.o ABSOLUTE
    __cpp_initialize__aeabi_                  - Undefined Weak Reference
    __cxa_finalize                            - Undefined Weak Reference
    _clock_init                               - Undefined Weak Reference
    _microlib_exit                            - Undefined Weak Reference
    __Vectors_Size                           0x000001c4   Number         0  startup_stm32f446xx.o ABSOLUTE
    __Vectors                                0x08000000   Data           4  startup_stm32f446xx.o(RESET)
    __Vectors_End                            0x080001c4   Data           0  startup_stm32f446xx.o(RESET)
    __main                                   0x080001c5   Thumb Code     0  entry.o(.ARM.Collect$$$$00000000)
    _main_stk                                0x080001c5   Thumb Code     0  entry2.o(.ARM.Collect$$$$00000001)
    _main_scatterload                        0x080001c9   Thumb Code     0  entry5.o(.ARM.Collect$$$$00000004)
    __main_after_scatterload                 0x080001cd   Thumb Code     0  entry5.o(.ARM.Collect$$$$00000004)
    _main_clock                              0x080001cd   Thumb Code     0  entry7b.o(.ARM.Collect$$$$00000008)
    _main_cpp_init                           0x080001cd   Thumb Code     0  entry8b.o(.ARM.Collect$$$$0000000A)
    _main_init                               0x080001cd   Thumb Code     0  entry9a.o(.ARM.Collect$$$$0000000B)
    __rt_final_cpp                           0x080001d5   Thumb Code     0  entry10a.o(.ARM.Collect$$$$0000000D)
    __rt_final_exit                          0x080001d5   Thumb Code     0  entry11a.o(.ARM.Collect$$$$0000000F)
    Reset_Handler                            0x080001d9   Thumb Code     8  startup_stm32f446xx.o(.text)
    ADC_IRQHandler                           0x080001f3   Thumb Code     0  startup_stm32f446xx.o(.text)
    CAN1_RX0_IRQHandler                      0x080001f3   Thumb Code     0  startup_stm32f446xx.o(.text)
    CAN1_RX1_IRQHandler                      0x080001f3   Thumb Code     0  startup_stm32f446xx.o(.text)
    CAN1_SCE_IRQHandler                      0x080001f3   Thumb Code     0  startup_stm32f446xx.o(.text)
    CAN1_TX_IRQHandler                       0x080001f3   Thumb Code     0  startup_stm32f446xx.o(.text)
    CAN2_RX0_IRQHandler                      0x080001f3   Thumb Code     0  startup_stm32f446xx.o(.text)
    CAN2_RX1_IRQHandler                      0x080001f3   Thumb Code     0  startup_stm32f446xx.o(.text)
    CAN2_SCE_IRQHandler                      0x080001f3   Thumb Code     0  startup_stm32f446xx.o(.text)
    CAN2_TX_IRQHandler                       0x080001f3   Thumb Code     0  startup_stm32f446xx.o(.text)
    CEC_IRQHandler                           0x080001f3   Thumb Code     0  startup_stm32f446xx.o(.text)
    DCMI_IRQHandler                          0x080001f3   Thumb Code     0  startup_stm32f446xx.o(.text)
    DMA1_Stream0_IRQHandler                  0x080001f3   Thumb Code     0  startup_stm32f446xx.o(.text)
    DMA1_Stream1_IRQHandler                  0x080001f3   Thumb Code     0  startup_stm32f446xx.o(.text)
    DMA1_Stream2_IRQHandler                  0x080001f3   Thumb Code     0  startup_stm32f446xx.o(.text)
    DMA1_Stream3_IRQHandler                  0x080001f3   Thumb Code     0  startup_stm32f446xx.o(.text)
    DMA1_Stream4_IRQHandler                  0x080001f3   Thumb Code     0  startup_stm32f446xx.o(.text)
    DMA1_Stream5_IRQHandler                  0x080001f3   Thumb Code     0  startup_stm32f446xx.o(.text)
    DMA1_Stream6_IRQHandler                  0x080001f3   Thumb Code     0  startup_stm32f446xx.o(.text)
    DMA1_Stream7_IRQHandler                  0x080001f3   Thumb Code     0  startup_stm32f446xx.o(.text)
    DMA2_Stream0_IRQHandler                  0x080001f3   Thumb Code     0  startup_stm32f446xx.o(.text)
    DMA2_Stream1_IRQHandler                  0x080001f3   Thumb Code     0  startup_stm32f446xx.o(.text)
    DMA2_Stream2_IRQHandler                  0x080001f3   Thumb Code     0  startup_stm32f446xx.o(.text)
    DMA2_Stream4_IRQHandler                  0x080001f3   Thumb Code     0  startup_stm32f446xx.o(.text)
    DMA2_Stream5_IRQHandler                  0x080001f3   Thumb Code     0  startup_stm32f446xx.o(.text)
    DMA2_Stream6_IRQHandler                  0x080001f3   Thumb Code     0  startup_stm32f446xx.o(.text)
    DMA2_Stream7_IRQHandler                  0x080001f3   Thumb Code     0  startup_stm32f446xx.o(.text)
    EXTI0_IRQHandler                         0x080001f3   Thumb Code     0  startup_stm32f446xx.o(.text)
    EXTI15_10_IRQHandler                     0x080001f3   Thumb Code     0  startup_stm32f446xx.o(.text)
    EXTI1_IRQHandler                         0x080001f3   Thumb Code     0  startup_stm32f446xx.o(.text)
    EXTI2_IRQHandler                         0x080001f3   Thumb Code     0  startup_stm32f446xx.o(.text)
    EXTI3_IRQHandler                         0x080001f3   Thumb Code     0  startup_stm32f446xx.o(.text)
    EXTI4_IRQHandler                         0x080001f3   Thumb Code     0  startup_stm32f446xx.o(.text)
    EXTI9_5_IRQHandler                       0x080001f3   Thumb Code     0  startup_stm32f446xx.o(.text)
    FLASH_IRQHandler                         0x080001f3   Thumb Code     0  startup_stm32f446xx.o(.text)
    FMC_IRQHandler                           0x080001f3   Thumb Code     0  startup_stm32f446xx.o(.text)
    FMPI2C1_ER_IRQHandler                    0x080001f3   Thumb Code     0  startup_stm32f446xx.o(.text)
    FMPI2C1_EV_IRQHandler                    0x080001f3   Thumb Code     0  startup_stm32f446xx.o(.text)
    FPU_IRQHandler                           0x080001f3   Thumb Code     0  startup_stm32f446xx.o(.text)
    I2C1_ER_IRQHandler                       0x080001f3   Thumb Code     0  startup_stm32f446xx.o(.text)
    I2C1_EV_IRQHandler                       0x080001f3   Thumb Code     0  startup_stm32f446xx.o(.text)
    I2C2_ER_IRQHandler                       0x080001f3   Thumb Code     0  startup_stm32f446xx.o(.text)
    I2C2_EV_IRQHandler                       0x080001f3   Thumb Code     0  startup_stm32f446xx.o(.text)
    I2C3_ER_IRQHandler                       0x080001f3   Thumb Code     0  startup_stm32f446xx.o(.text)
    I2C3_EV_IRQHandler                       0x080001f3   Thumb Code     0  startup_stm32f446xx.o(.text)
    OTG_FS_IRQHandler                        0x080001f3   Thumb Code     0  startup_stm32f446xx.o(.text)
    OTG_FS_WKUP_IRQHandler                   0x080001f3   Thumb Code     0  startup_stm32f446xx.o(.text)
    OTG_HS_EP1_IN_IRQHandler                 0x080001f3   Thumb Code     0  startup_stm32f446xx.o(.text)
    OTG_HS_EP1_OUT_IRQHandler                0x080001f3   Thumb Code     0  startup_stm32f446xx.o(.text)
    OTG_HS_IRQHandler                        0x080001f3   Thumb Code     0  startup_stm32f446xx.o(.text)
    OTG_HS_WKUP_IRQHandler                   0x080001f3   Thumb Code     0  startup_stm32f446xx.o(.text)
    PVD_IRQHandler                           0x080001f3   Thumb Code     0  startup_stm32f446xx.o(.text)
    QUADSPI_IRQHandler                       0x080001f3   Thumb Code     0  startup_stm32f446xx.o(.text)
    RCC_IRQHandler                           0x080001f3   Thumb Code     0  startup_stm32f446xx.o(.text)
    RTC_Alarm_IRQHandler                     0x080001f3   Thumb Code     0  startup_stm32f446xx.o(.text)
    RTC_WKUP_IRQHandler                      0x080001f3   Thumb Code     0  startup_stm32f446xx.o(.text)
    SAI1_IRQHandler                          0x080001f3   Thumb Code     0  startup_stm32f446xx.o(.text)
    SAI2_IRQHandler                          0x080001f3   Thumb Code     0  startup_stm32f446xx.o(.text)
    SDIO_IRQHandler                          0x080001f3   Thumb Code     0  startup_stm32f446xx.o(.text)
    SPDIF_RX_IRQHandler                      0x080001f3   Thumb Code     0  startup_stm32f446xx.o(.text)
    SPI2_IRQHandler                          0x080001f3   Thumb Code     0  startup_stm32f446xx.o(.text)
    SPI3_IRQHandler                          0x080001f3   Thumb Code     0  startup_stm32f446xx.o(.text)
    SPI4_IRQHandler                          0x080001f3   Thumb Code     0  startup_stm32f446xx.o(.text)
    TAMP_STAMP_IRQHandler                    0x080001f3   Thumb Code     0  startup_stm32f446xx.o(.text)
    TIM1_BRK_TIM9_IRQHandler                 0x080001f3   Thumb Code     0  startup_stm32f446xx.o(.text)
    TIM1_CC_IRQHandler                       0x080001f3   Thumb Code     0  startup_stm32f446xx.o(.text)
    TIM1_TRG_COM_TIM11_IRQHandler            0x080001f3   Thumb Code     0  startup_stm32f446xx.o(.text)
    TIM1_UP_TIM10_IRQHandler                 0x080001f3   Thumb Code     0  startup_stm32f446xx.o(.text)
    TIM2_IRQHandler                          0x080001f3   Thumb Code     0  startup_stm32f446xx.o(.text)
    TIM3_IRQHandler                          0x080001f3   Thumb Code     0  startup_stm32f446xx.o(.text)
    TIM4_IRQHandler                          0x080001f3   Thumb Code     0  startup_stm32f446xx.o(.text)
    TIM5_IRQHandler                          0x080001f3   Thumb Code     0  startup_stm32f446xx.o(.text)
    TIM6_DAC_IRQHandler                      0x080001f3   Thumb Code     0  startup_stm32f446xx.o(.text)
    TIM7_IRQHandler                          0x080001f3   Thumb Code     0  startup_stm32f446xx.o(.text)
    TIM8_BRK_TIM12_IRQHandler                0x080001f3   Thumb Code     0  startup_stm32f446xx.o(.text)
    TIM8_CC_IRQHandler                       0x080001f3   Thumb Code     0  startup_stm32f446xx.o(.text)
    TIM8_TRG_COM_TIM14_IRQHandler            0x080001f3   Thumb Code     0  startup_stm32f446xx.o(.text)
    TIM8_UP_TIM13_IRQHandler                 0x080001f3   Thumb Code     0  startup_stm32f446xx.o(.text)
    UART4_IRQHandler                         0x080001f3   Thumb Code     0  startup_stm32f446xx.o(.text)
    UART5_IRQHandler                         0x080001f3   Thumb Code     0  startup_stm32f446xx.o(.text)
    USART1_IRQHandler                        0x080001f3   Thumb Code     0  startup_stm32f446xx.o(.text)
    USART2_IRQHandler                        0x080001f3   Thumb Code     0  startup_stm32f446xx.o(.text)
    USART3_IRQHandler                        0x080001f3   Thumb Code     0  startup_stm32f446xx.o(.text)
    USART6_IRQHandler                        0x080001f3   Thumb Code     0  startup_stm32f446xx.o(.text)
    WWDG_IRQHandler                          0x080001f3   Thumb Code     0  startup_stm32f446xx.o(.text)
    __aeabi_uldivmod                         0x080001fd   Thumb Code    98  uldiv.o(.text)
    rand                                     0x08000261   Thumb Code    20  rand.o(.text)
    srand                                    0x08000275   Thumb Code     6  rand.o(.text)
    __aeabi_memset                           0x08000285   Thumb Code    14  memseta.o(.text)
    __aeabi_memset4                          0x08000285   Thumb Code     0  memseta.o(.text)
    __aeabi_memset8                          0x08000285   Thumb Code     0  memseta.o(.text)
    __aeabi_memclr                           0x08000293   Thumb Code     4  memseta.o(.text)
    __aeabi_memclr4                          0x08000293   Thumb Code     0  memseta.o(.text)
    __aeabi_memclr8                          0x08000293   Thumb Code     0  memseta.o(.text)
    _memset$wrapper                          0x08000297   Thumb Code    18  memseta.o(.text)
    __aeabi_dadd                             0x080002a9   Thumb Code   322  dadd.o(.text)
    __aeabi_dsub                             0x080003eb   Thumb Code     6  dadd.o(.text)
    __aeabi_drsub                            0x080003f1   Thumb Code     6  dadd.o(.text)
    __aeabi_ddiv                             0x080003f7   Thumb Code   222  ddiv.o(.text)
    __aeabi_dcmpge                           0x080004d5   Thumb Code    54  dcmpge.o(.text)
    __aeabi_dcmpgt                           0x0800050b   Thumb Code    54  dcmpgt.o(.text)
    __aeabi_d2iz                             0x08000541   Thumb Code    62  dfixi.o(.text)
    __aeabi_f2d                              0x0800057f   Thumb Code    38  f2d.o(.text)
    __aeabi_d2f                              0x080005a5   Thumb Code    56  d2f.o(.text)
    __aeabi_llsl                             0x080005dd   Thumb Code    30  llshl.o(.text)
    _ll_shift_l                              0x080005dd   Thumb Code     0  llshl.o(.text)
    __aeabi_llsr                             0x080005fb   Thumb Code    32  llushr.o(.text)
    _ll_ushift_r                             0x080005fb   Thumb Code     0  llushr.o(.text)
    __aeabi_lasr                             0x0800061b   Thumb Code    36  llsshr.o(.text)
    _ll_sshift_r                             0x0800061b   Thumb Code     0  llsshr.o(.text)
    __I$use$fp                               0x0800063f   Thumb Code     0  iusefp.o(.text)
    _float_round                             0x0800063f   Thumb Code    18  fepilogue.o(.text)
    _float_epilogue                          0x08000651   Thumb Code    92  fepilogue.o(.text)
    _double_round                            0x080006ad   Thumb Code    30  depilogue.o(.text)
    _double_epilogue                         0x080006cb   Thumb Code   156  depilogue.o(.text)
    __aeabi_dmul                             0x08000767   Thumb Code   228  dmul.o(.text)
    __scatterload                            0x0800084d   Thumb Code    38  init.o(.text)
    __scatterload_rt2                        0x0800084d   Thumb Code     0  init.o(.text)
    __aeabi_i2d                              0x0800087d   Thumb Code    34  dflti.o(.text)
    __aeabi_ui2d                             0x0800089f   Thumb Code    26  dfltui.o(.text)
    __decompress                             0x080008b9   Thumb Code     0  __dclz77c.o(.text)
    __decompress2                            0x080008b9   Thumb Code    94  __dclz77c.o(.text)
    BusFault_Handler                         0x08000919   Thumb Code     2  stm32f4xx_it.o(.text.BusFault_Handler)
    DMA2_Stream3_IRQHandler                  0x0800091d   Thumb Code    12  stm32f4xx_it.o(.text.DMA2_Stream3_IRQHandler)
    DebugMon_Handler                         0x08000929   Thumb Code     2  stm32f4xx_it.o(.text.DebugMon_Handler)
    Error_Handler                            0x0800092d   Thumb Code     6  main.o(.text.Error_Handler)
    HAL_DMA_Abort_IT                         0x08000935   Thumb Code    36  stm32f4xx_hal_dma.o(.text.HAL_DMA_Abort_IT)
    HAL_DMA_GetState                         0x08000959   Thumb Code     6  stm32f4xx_hal_dma.o(.text.HAL_DMA_GetState)
    HAL_DMA_IRQHandler                       0x08000961   Thumb Code   452  stm32f4xx_hal_dma.o(.text.HAL_DMA_IRQHandler)
    HAL_DMA_Init                             0x08000b25   Thumb Code   354  stm32f4xx_hal_dma.o(.text.HAL_DMA_Init)
    HAL_DMA_Start_IT                         0x08000c89   Thumb Code   162  stm32f4xx_hal_dma.o(.text.HAL_DMA_Start_IT)
    HAL_Delay                                0x08000d2d   Thumb Code    40  stm32f4xx_hal.o(.text.HAL_Delay)
    HAL_GPIO_Init                            0x08000d55   Thumb Code   414  stm32f4xx_hal_gpio.o(.text.HAL_GPIO_Init)
    HAL_GPIO_WritePin                        0x08000ef5   Thumb Code    10  stm32f4xx_hal_gpio.o(.text.HAL_GPIO_WritePin)
    HAL_GetTick                              0x08000f01   Thumb Code    12  stm32f4xx_hal.o(.text.HAL_GetTick)
    HAL_IncTick                              0x08000f0d   Thumb Code    26  stm32f4xx_hal.o(.text.HAL_IncTick)
    HAL_Init                                 0x08000f29   Thumb Code    54  stm32f4xx_hal.o(.text.HAL_Init)
    HAL_InitTick                             0x08000f61   Thumb Code    72  stm32f4xx_hal.o(.text.HAL_InitTick)
    HAL_MspInit                              0x08000fa9   Thumb Code    60  stm32f4xx_hal_msp.o(.text.HAL_MspInit)
    HAL_NVIC_EnableIRQ                       0x08000fe5   Thumb Code    34  stm32f4xx_hal_cortex.o(.text.HAL_NVIC_EnableIRQ)
    HAL_NVIC_SetPriority                     0x08001009   Thumb Code    86  stm32f4xx_hal_cortex.o(.text.HAL_NVIC_SetPriority)
    HAL_NVIC_SetPriorityGrouping             0x08001061   Thumb Code    32  stm32f4xx_hal_cortex.o(.text.HAL_NVIC_SetPriorityGrouping)
    HAL_RCC_ClockConfig                      0x08001081   Thumb Code   356  stm32f4xx_hal_rcc.o(.text.HAL_RCC_ClockConfig)
    HAL_RCC_GetPCLK1Freq                     0x080011e5   Thumb Code    38  stm32f4xx_hal_rcc.o(.text.HAL_RCC_GetPCLK1Freq)
    HAL_RCC_GetPCLK2Freq                     0x0800120d   Thumb Code    38  stm32f4xx_hal_rcc.o(.text.HAL_RCC_GetPCLK2Freq)
    HAL_RCC_GetSysClockFreq                  0x08001235   Thumb Code   162  stm32f4xx_hal_rcc_ex.o(.text.HAL_RCC_GetSysClockFreq)
    HAL_RCC_OscConfig                        0x080012d9   Thumb Code   988  stm32f4xx_hal_rcc_ex.o(.text.HAL_RCC_OscConfig)
    HAL_SPI_ErrorCallback                    0x080016b5   Thumb Code     2  stm32f4xx_hal_spi.o(.text.HAL_SPI_ErrorCallback)
    HAL_SPI_IRQHandler                       0x080016b9   Thumb Code   302  stm32f4xx_hal_spi.o(.text.HAL_SPI_IRQHandler)
    HAL_SPI_Init                             0x080017e9   Thumb Code   176  stm32f4xx_hal_spi.o(.text.HAL_SPI_Init)
    HAL_SPI_MspInit                          0x08001899   Thumb Code   192  spi.o(.text.HAL_SPI_MspInit)
    HAL_SPI_Transmit                         0x08001959   Thumb Code   634  stm32f4xx_hal_spi.o(.text.HAL_SPI_Transmit)
    HAL_SPI_Transmit_DMA                     0x08001bd5   Thumb Code   222  stm32f4xx_hal_spi.o(.text.HAL_SPI_Transmit_DMA)
    HAL_SPI_TxCpltCallback                   0x08001cb5   Thumb Code     2  stm32f4xx_hal_spi.o(.text.HAL_SPI_TxCpltCallback)
    HAL_SPI_TxHalfCpltCallback               0x08001cb9   Thumb Code     2  stm32f4xx_hal_spi.o(.text.HAL_SPI_TxHalfCpltCallback)
    HAL_SYSTICK_Config                       0x08001cbd   Thumb Code    44  stm32f4xx_hal_cortex.o(.text.HAL_SYSTICK_Config)
    HAL_UART_Init                            0x08001ce9   Thumb Code    96  stm32f4xx_hal_uart.o(.text.HAL_UART_Init)
    HAL_UART_MspInit                         0x08001d49   Thumb Code   116  usart.o(.text.HAL_UART_MspInit)
    HardFault_Handler                        0x08001dbd   Thumb Code     2  stm32f4xx_it.o(.text.HardFault_Handler)
    MX_DMA_Init                              0x08001dc1   Thumb Code    56  dma.o(.text.MX_DMA_Init)
    MX_GPIO_Init                             0x08001df9   Thumb Code   190  gpio.o(.text.MX_GPIO_Init)
    MX_SPI1_Init                             0x08001eb9   Thumb Code    70  spi.o(.text.MX_SPI1_Init)
    MX_USART2_UART_Init                      0x08001f01   Thumb Code    60  usart.o(.text.MX_USART2_UART_Init)
    MemManage_Handler                        0x08001f3d   Thumb Code     2  stm32f4xx_it.o(.text.MemManage_Handler)
    NMI_Handler                              0x08001f41   Thumb Code     2  stm32f4xx_it.o(.text.NMI_Handler)
    PendSV_Handler                           0x08001f45   Thumb Code     2  stm32f4xx_it.o(.text.PendSV_Handler)
    SPI1_IRQHandler                          0x08001f49   Thumb Code    12  stm32f4xx_it.o(.text.SPI1_IRQHandler)
    SVC_Handler                              0x080021bd   Thumb Code     2  stm32f4xx_it.o(.text.SVC_Handler)
    SysTick_Handler                          0x080021c1   Thumb Code     4  stm32f4xx_it.o(.text.SysTick_Handler)
    SystemClock_Config                       0x080021c5   Thumb Code   164  main.o(.text.SystemClock_Config)
    SystemInit                               0x08002269   Thumb Code    18  system_stm32f4xx.o(.text.SystemInit)
    UsageFault_Handler                       0x08002365   Thumb Code     2  stm32f4xx_it.o(.text.UsageFault_Handler)
    battle                                   0x08002369   Thumb Code   242  battle.o(.text.battle)
    checkBoundary                            0x0800245d   Thumb Code   466  game.o(.text.checkBoundary)
    checkWinner                              0x08002631   Thumb Code   208  battle.o(.text.checkWinner)
    choosePlayer                             0x08002721   Thumb Code   350  menu.o(.text.choosePlayer)
    drawBattleScreen                         0x08002881   Thumb Code   220  battle.o(.text.drawBattleScreen)
    drawGhost                                0x0800295d   Thumb Code   242  graphics.o(.text.drawGhost)
    drawGrave                                0x08002a51   Thumb Code   180  graphics.o(.text.drawGrave)
    drawMaze                                 0x08002b05   Thumb Code   672  game.o(.text.drawMaze)
    drawPacMan                               0x08002da5   Thumb Code   120  graphics.o(.text.drawPacMan)
    getSprite                                0x08002e25   Thumb Code   142  game.o(.text.getSprite)
    glyph_index                              0x08002eb5   Thumb Code    14  ili9341_font.o(.text.glyph_index)
    ili9341_draw_char                        0x08002ec5   Thumb Code   496  ili9341_gfx.o(.text.ili9341_draw_char)
    ili9341_draw_line                        0x080030b5   Thumb Code   342  ili9341_gfx.o(.text.ili9341_draw_line)
    ili9341_draw_pixel                       0x0800320d   Thumb Code   184  ili9341_gfx.o(.text.ili9341_draw_pixel)
    ili9341_draw_rect                        0x080032c5   Thumb Code   102  ili9341_gfx.o(.text.ili9341_draw_rect)
    ili9341_draw_string                      0x0800332d   Thumb Code   110  ili9341_gfx.o(.text.ili9341_draw_string)
    ili9341_fill_circle                      0x0800339d   Thumb Code   274  ili9341_gfx.o(.text.ili9341_fill_circle)
    ili9341_fill_rect                        0x080034b1   Thumb Code   420  ili9341_gfx.o(.text.ili9341_fill_rect)
    ili9341_fill_screen                      0x08003655   Thumb Code    28  ili9341_gfx.o(.text.ili9341_fill_screen)
    ili9341_new                              0x08003671   Thumb Code  1840  ili9341.o(.text.ili9341_new)
    ili9341_spi_tft_release                  0x08003da1   Thumb Code    12  ili9341.o(.text.ili9341_spi_tft_release)
    ili9341_spi_tft_select                   0x08003dad   Thumb Code    12  ili9341.o(.text.ili9341_spi_tft_select)
    ili9341_spi_tft_set_address_rect         0x08003db9   Thumb Code   124  ili9341_gfx.o(.text.ili9341_spi_tft_set_address_rect)
    ili9341_spi_write_command                0x08003e35   Thumb Code   110  ili9341.o(.text.ili9341_spi_write_command)
    ili9341_spi_write_command_data           0x08003ea5   Thumb Code   176  ili9341.o(.text.ili9341_spi_write_command_data)
    ili9341_transmit_color                   0x08003f55   Thumb Code    50  ili9341_gfx.o(.text.ili9341_transmit_color)
    main                                     0x08003f89   Thumb Code   210  main.o(.text.main)
    updatePosition                           0x0800405d   Thumb Code   332  game.o(.text.updatePosition)
    writeFillArcHelper                       0x080041a9   Thumb Code  1112  graphics.o(.text.writeFillArcHelper)
    __0sprintf$2                             0x08004615   Thumb Code    34  printf2.o(i.__0sprintf$2)
    __1sprintf$2                             0x08004615   Thumb Code     0  printf2.o(i.__0sprintf$2)
    __2sprintf                               0x08004615   Thumb Code     0  printf2.o(i.__0sprintf$2)
    __ARM_fpclassify                         0x0800463d   Thumb Code    48  fpclassify.o(i.__ARM_fpclassify)
    __hardfp_cos                             0x08004671   Thumb Code   180  cos.o(i.__hardfp_cos)
    __hardfp_sin                             0x08004739   Thumb Code   180  sin.o(i.__hardfp_sin)
    __ieee754_rem_pio2                       0x08004801   Thumb Code   938  rred.o(i.__ieee754_rem_pio2)
    __kernel_cos                             0x08004c39   Thumb Code   322  cos_i.o(i.__kernel_cos)
    __kernel_poly                            0x08004da9   Thumb Code   248  poly.o(i.__kernel_poly)
    __kernel_sin                             0x08004ea1   Thumb Code   280  sin_i.o(i.__kernel_sin)
    __mathlib_dbl_infnan                     0x08004fd1   Thumb Code    20  dunder.o(i.__mathlib_dbl_infnan)
    __mathlib_dbl_invalid                    0x08004fe9   Thumb Code    24  dunder.o(i.__mathlib_dbl_invalid)
    __mathlib_dbl_underflow                  0x08005009   Thumb Code    24  dunder.o(i.__mathlib_dbl_underflow)
    __scatterload_copy                       0x08005029   Thumb Code    14  handlers.o(i.__scatterload_copy)
    __scatterload_null                       0x08005037   Thumb Code     2  handlers.o(i.__scatterload_null)
    __scatterload_zeroinit                   0x08005039   Thumb Code    14  handlers.o(i.__scatterload_zeroinit)
    __set_errno                              0x08005049   Thumb Code     6  errno.o(i.__set_errno)
    fabs                                     0x08005135   Thumb Code    24  fabs.o(i.fabs)
    malloc                                   0x0800514d   Thumb Code    92  malloc.o(i.malloc)
    AHBPrescTable                            0x080052e0   Data          16  system_stm32f4xx.o(.rodata.AHBPrescTable)
    APBPrescTable                            0x080052f0   Data           8  system_stm32f4xx.o(.rodata.APBPrescTable)
    ILI9341_BLACK                            0x080052f8   Data           2  ili9341_gfx.o(.rodata.ILI9341_BLACK)
    ILI9341_DARKGREY                         0x080052fa   Data           2  ili9341_gfx.o(.rodata.ILI9341_DARKGREY)
    ILI9341_RED                              0x080052fc   Data           2  ili9341_gfx.o(.rodata.ILI9341_RED)
    ILI9341_WHITE                            0x080052fe   Data           2  ili9341_gfx.o(.rodata.ILI9341_WHITE)
    ILI9341_YELLOW                           0x08005300   Data           2  ili9341_gfx.o(.rodata.ILI9341_YELLOW)
    ili9341_font_11x18                       0x0800530a   Data        3422  ili9341_font.o(.rodata.ili9341_font_11x18)
    Region$$Table$$Base                      0x08006068   Number         0  anon$$obj.o(Region$$Table)
    Region$$Table$$Limit                     0x08006088   Number         0  anon$$obj.o(Region$$Table)
    __microlib_freelist                      0x20000004   Data           4  mvars.o(.data)
    __microlib_freelist_initialised          0x20000008   Data           4  mvars.o(.data)
    uwTickFreq                               0x20000010   Data           1  stm32f4xx_hal.o(.data..L_MergedGlobals)
    uwTickPrio                               0x20000014   Data           4  stm32f4xx_hal.o(.data..L_MergedGlobals)
    SystemCoreClock                          0x20000018   Data           4  system_stm32f4xx.o(.data.SystemCoreClock)
    maze                                     0x2000001c   Data        1536  game.o(.data.maze)
    sprite_01                                0x2000061c   Data         200  game.o(.data.sprite_01)
    sprite_01_meta                           0x200006e4   Data          12  game.o(.data.sprite_01_meta)
    sprite_02                                0x200006f0   Data         200  game.o(.data.sprite_02)
    sprite_02_meta                           0x200007b8   Data          12  game.o(.data.sprite_02_meta)
    sprite_03                                0x200007c4   Data         200  game.o(.data.sprite_03)
    sprite_03_meta                           0x2000088c   Data          12  game.o(.data.sprite_03_meta)
    sprite_04                                0x20000898   Data         200  game.o(.data.sprite_04)
    sprite_04_meta                           0x20000960   Data          12  game.o(.data.sprite_04_meta)
    sprite_05                                0x2000096c   Data         200  game.o(.data.sprite_05)
    sprite_05_meta                           0x20000a34   Data          12  game.o(.data.sprite_05_meta)
    sprite_06                                0x20000a40   Data         200  game.o(.data.sprite_06)
    sprite_06_meta                           0x20000b08   Data          12  game.o(.data.sprite_06_meta)
    sprite_07                                0x20000b14   Data         200  game.o(.data.sprite_07)
    sprite_07_meta                           0x20000bdc   Data          12  game.o(.data.sprite_07_meta)
    sprite_08                                0x20000be8   Data         200  game.o(.data.sprite_08)
    sprite_08_meta                           0x20000cb0   Data          12  game.o(.data.sprite_08_meta)
    sprite_09                                0x20000cbc   Data         200  game.o(.data.sprite_09)
    sprite_09_meta                           0x20000d84   Data          12  game.o(.data.sprite_09_meta)
    sprite_10                                0x20000d90   Data         200  game.o(.data.sprite_10)
    sprite_10_meta                           0x20000e58   Data          12  game.o(.data.sprite_10_meta)
    sprite_11                                0x20000e64   Data         200  game.o(.data.sprite_11)
    sprite_11_meta                           0x20000f2c   Data          12  game.o(.data.sprite_11_meta)
    sprite_12                                0x20000f38   Data         200  game.o(.data.sprite_12)
    sprite_12_meta                           0x20001000   Data          12  game.o(.data.sprite_12_meta)
    sprite_13                                0x2000100c   Data         200  game.o(.data.sprite_13)
    sprite_13_meta                           0x200010d4   Data          12  game.o(.data.sprite_13_meta)
    sprite_14                                0x200010e0   Data         200  game.o(.data.sprite_14)
    sprite_14_meta                           0x200011a8   Data          12  game.o(.data.sprite_14_meta)
    sprite_15                                0x200011b4   Data         200  game.o(.data.sprite_15)
    sprite_15_meta                           0x2000127c   Data          12  game.o(.data.sprite_15_meta)
    sprite_16                                0x20001288   Data         200  game.o(.data.sprite_16)
    sprite_16_meta                           0x20001350   Data          12  game.o(.data.sprite_16_meta)
    sprites                                  0x2000135c   Data          64  game.o(.data.sprites)
    _screen                                  0x200013a8   Data           4  main.o(.bss..L_MergedGlobals)
    players                                  0x200013ac   Data          32  main.o(.bss..L_MergedGlobals)
    hdma_spi1_tx                             0x200013cc   Data          96  spi.o(.bss.hdma_spi1_tx)
    hspi1                                    0x2000142c   Data          88  spi.o(.bss.hspi1)
    huart2                                   0x20001484   Data          72  usart.o(.bss.huart2)
    uwTick                                   0x20001ccc   Data           4  stm32f4xx_hal.o(.bss.uwTick)
    __heap_base                              0x20001cd0   Data           0  startup_stm32f446xx.o(HEAP)
    __heap_limit                             0x20001ed0   Data           0  startup_stm32f446xx.o(HEAP)
    __initial_sp                             0x200022d0   Data           0  startup_stm32f446xx.o(STACK)



==============================================================================

Memory Map of the image

  Image Entry point : 0x080001c5

  Load Region LR_IROM1 (Base: 0x08000000, Size: 0x00007428, Max: 0x00080000, ABSOLUTE, COMPRESSED[0x00006498])

    Execution Region ER_IROM1 (Exec base: 0x08000000, Load base: 0x08000000, Size: 0x00006088, Max: 0x00080000, ABSOLUTE)

    Exec Addr    Load Addr    Size         Type   Attr      Idx    E Section Name        Object

    0x08000000   0x08000000   0x000001c4   Data   RO            3    RESET               startup_stm32f446xx.o
    0x080001c4   0x080001c4   0x00000000   Code   RO         1037  * .ARM.Collect$$$$00000000  mc_w.l(entry.o)
    0x080001c4   0x080001c4   0x00000004   Code   RO         1391    .ARM.Collect$$$$00000001  mc_w.l(entry2.o)
    0x080001c8   0x080001c8   0x00000004   Code   RO         1394    .ARM.Collect$$$$00000004  mc_w.l(entry5.o)
    0x080001cc   0x080001cc   0x00000000   Code   RO         1396    .ARM.Collect$$$$00000008  mc_w.l(entry7b.o)
    0x080001cc   0x080001cc   0x00000000   Code   RO         1398    .ARM.Collect$$$$0000000A  mc_w.l(entry8b.o)
    0x080001cc   0x080001cc   0x00000008   Code   RO         1399    .ARM.Collect$$$$0000000B  mc_w.l(entry9a.o)
    0x080001d4   0x080001d4   0x00000000   Code   RO         1401    .ARM.Collect$$$$0000000D  mc_w.l(entry10a.o)
    0x080001d4   0x080001d4   0x00000000   Code   RO         1403    .ARM.Collect$$$$0000000F  mc_w.l(entry11a.o)
    0x080001d4   0x080001d4   0x00000004   Code   RO         1392    .ARM.Collect$$$$00002712  mc_w.l(entry2.o)
    0x080001d8   0x080001d8   0x00000024   Code   RO            4    .text               startup_stm32f446xx.o
    0x080001fc   0x080001fc   0x00000062   Code   RO         1040    .text               mc_w.l(uldiv.o)
    0x0800025e   0x0800025e   0x00000002   PAD
    0x08000260   0x08000260   0x00000024   Code   RO         1042    .text               mc_w.l(rand.o)
    0x08000284   0x08000284   0x00000024   Code   RO         1045    .text               mc_w.l(memseta.o)
    0x080002a8   0x080002a8   0x0000014e   Code   RO         1336    .text               mf_w.l(dadd.o)
    0x080003f6   0x080003f6   0x000000de   Code   RO         1338    .text               mf_w.l(ddiv.o)
    0x080004d4   0x080004d4   0x00000036   Code   RO         1340    .text               mf_w.l(dcmpge.o)
    0x0800050a   0x0800050a   0x00000036   Code   RO         1342    .text               mf_w.l(dcmpgt.o)
    0x08000540   0x08000540   0x0000003e   Code   RO         1346    .text               mf_w.l(dfixi.o)
    0x0800057e   0x0800057e   0x00000026   Code   RO         1348    .text               mf_w.l(f2d.o)
    0x080005a4   0x080005a4   0x00000038   Code   RO         1350    .text               mf_w.l(d2f.o)
    0x080005dc   0x080005dc   0x0000001e   Code   RO         1417    .text               mc_w.l(llshl.o)
    0x080005fa   0x080005fa   0x00000020   Code   RO         1419    .text               mc_w.l(llushr.o)
    0x0800061a   0x0800061a   0x00000024   Code   RO         1421    .text               mc_w.l(llsshr.o)
    0x0800063e   0x0800063e   0x00000000   Code   RO         1436    .text               mc_w.l(iusefp.o)
    0x0800063e   0x0800063e   0x0000006e   Code   RO         1437    .text               mf_w.l(fepilogue.o)
    0x080006ac   0x080006ac   0x000000ba   Code   RO         1441    .text               mf_w.l(depilogue.o)
    0x08000766   0x08000766   0x000000e4   Code   RO         1443    .text               mf_w.l(dmul.o)
    0x0800084a   0x0800084a   0x00000002   PAD
    0x0800084c   0x0800084c   0x00000030   Code   RO         1461    .text               mc_w.l(init.o)
    0x0800087c   0x0800087c   0x00000022   Code   RO         1463    .text               mf_w.l(dflti.o)
    0x0800089e   0x0800089e   0x0000001a   Code   RO         1465    .text               mf_w.l(dfltui.o)
    0x080008b8   0x080008b8   0x0000005e   Code   RO         1475    .text               mc_w.l(__dclz77c.o)
    0x08000916   0x08000916   0x00000002   PAD
    0x08000918   0x08000918   0x00000002   Code   RO          311    .text.BusFault_Handler  stm32f4xx_it.o
    0x0800091a   0x0800091a   0x00000002   PAD
    0x0800091c   0x0800091c   0x0000000c   Code   RO          325    .text.DMA2_Stream3_IRQHandler  stm32f4xx_it.o
    0x08000928   0x08000928   0x00000002   Code   RO          317    .text.DebugMon_Handler  stm32f4xx_it.o
    0x0800092a   0x0800092a   0x00000002   PAD
    0x0800092c   0x0800092c   0x00000006   Code   RO          242    .text.Error_Handler  main.o
    0x08000932   0x08000932   0x00000002   PAD
    0x08000934   0x08000934   0x00000024   Code   RO          648    .text.HAL_DMA_Abort_IT  stm32f4xx_hal_dma.o
    0x08000958   0x08000958   0x00000006   Code   RO          658    .text.HAL_DMA_GetState  stm32f4xx_hal_dma.o
    0x0800095e   0x0800095e   0x00000002   PAD
    0x08000960   0x08000960   0x000001c4   Code   RO          652    .text.HAL_DMA_IRQHandler  stm32f4xx_hal_dma.o
    0x08000b24   0x08000b24   0x00000162   Code   RO          638    .text.HAL_DMA_Init  stm32f4xx_hal_dma.o
    0x08000c86   0x08000c86   0x00000002   PAD
    0x08000c88   0x08000c88   0x000000a2   Code   RO          644    .text.HAL_DMA_Start_IT  stm32f4xx_hal_dma.o
    0x08000d2a   0x08000d2a   0x00000002   PAD
    0x08000d2c   0x08000d2c   0x00000028   Code   RO          811    .text.HAL_Delay     stm32f4xx_hal.o
    0x08000d54   0x08000d54   0x0000019e   Code   RO          600    .text.HAL_GPIO_Init  stm32f4xx_hal_gpio.o
    0x08000ef2   0x08000ef2   0x00000002   PAD
    0x08000ef4   0x08000ef4   0x0000000a   Code   RO          606    .text.HAL_GPIO_WritePin  stm32f4xx_hal_gpio.o
    0x08000efe   0x08000efe   0x00000002   PAD
    0x08000f00   0x08000f00   0x0000000c   Code   RO          803    .text.HAL_GetTick   stm32f4xx_hal.o
    0x08000f0c   0x08000f0c   0x0000001a   Code   RO          801    .text.HAL_IncTick   stm32f4xx_hal.o
    0x08000f26   0x08000f26   0x00000002   PAD
    0x08000f28   0x08000f28   0x00000036   Code   RO          791    .text.HAL_Init      stm32f4xx_hal.o
    0x08000f5e   0x08000f5e   0x00000002   PAD
    0x08000f60   0x08000f60   0x00000048   Code   RO          793    .text.HAL_InitTick  stm32f4xx_hal.o
    0x08000fa8   0x08000fa8   0x0000003c   Code   RO          334    .text.HAL_MspInit   stm32f4xx_hal_msp.o
    0x08000fe4   0x08000fe4   0x00000022   Code   RO          743    .text.HAL_NVIC_EnableIRQ  stm32f4xx_hal_cortex.o
    0x08001006   0x08001006   0x00000002   PAD
    0x08001008   0x08001008   0x00000056   Code   RO          741    .text.HAL_NVIC_SetPriority  stm32f4xx_hal_cortex.o
    0x0800105e   0x0800105e   0x00000002   PAD
    0x08001060   0x08001060   0x00000020   Code   RO          739    .text.HAL_NVIC_SetPriorityGrouping  stm32f4xx_hal_cortex.o
    0x08001080   0x08001080   0x00000164   Code   RO          460    .text.HAL_RCC_ClockConfig  stm32f4xx_hal_rcc.o
    0x080011e4   0x080011e4   0x00000026   Code   RO          472    .text.HAL_RCC_GetPCLK1Freq  stm32f4xx_hal_rcc.o
    0x0800120a   0x0800120a   0x00000002   PAD
    0x0800120c   0x0800120c   0x00000026   Code   RO          474    .text.HAL_RCC_GetPCLK2Freq  stm32f4xx_hal_rcc.o
    0x08001232   0x08001232   0x00000002   PAD
    0x08001234   0x08001234   0x000000a2   Code   RO          508    .text.HAL_RCC_GetSysClockFreq  stm32f4xx_hal_rcc_ex.o
    0x080012d6   0x080012d6   0x00000002   PAD
    0x080012d8   0x080012d8   0x000003dc   Code   RO          512    .text.HAL_RCC_OscConfig  stm32f4xx_hal_rcc_ex.o
    0x080016b4   0x080016b4   0x00000002   Code   RO          422    .text.HAL_SPI_ErrorCallback  stm32f4xx_hal_spi.o
    0x080016b6   0x080016b6   0x00000002   PAD
    0x080016b8   0x080016b8   0x0000012e   Code   RO          418    .text.HAL_SPI_IRQHandler  stm32f4xx_hal_spi.o
    0x080017e6   0x080017e6   0x00000002   PAD
    0x080017e8   0x080017e8   0x000000b0   Code   RO          342    .text.HAL_SPI_Init  stm32f4xx_hal_spi.o
    0x08001898   0x08001898   0x000000c0   Code   RO          276    .text.HAL_SPI_MspInit  spi.o
    0x08001958   0x08001958   0x0000027a   Code   RO          350    .text.HAL_SPI_Transmit  stm32f4xx_hal_spi.o
    0x08001bd2   0x08001bd2   0x00000002   PAD
    0x08001bd4   0x08001bd4   0x000000de   Code   RO          378    .text.HAL_SPI_Transmit_DMA  stm32f4xx_hal_spi.o
    0x08001cb2   0x08001cb2   0x00000002   PAD
    0x08001cb4   0x08001cb4   0x00000002   Code   RO          424    .text.HAL_SPI_TxCpltCallback  stm32f4xx_hal_spi.o
    0x08001cb6   0x08001cb6   0x00000002   PAD
    0x08001cb8   0x08001cb8   0x00000002   Code   RO          430    .text.HAL_SPI_TxHalfCpltCallback  stm32f4xx_hal_spi.o
    0x08001cba   0x08001cba   0x00000002   PAD
    0x08001cbc   0x08001cbc   0x0000002c   Code   RO          751    .text.HAL_SYSTICK_Config  stm32f4xx_hal_cortex.o
    0x08001ce8   0x08001ce8   0x00000060   Code   RO          883    .text.HAL_UART_Init  stm32f4xx_hal_uart.o
    0x08001d48   0x08001d48   0x00000074   Code   RO          292    .text.HAL_UART_MspInit  usart.o
    0x08001dbc   0x08001dbc   0x00000002   Code   RO          307    .text.HardFault_Handler  stm32f4xx_it.o
    0x08001dbe   0x08001dbe   0x00000002   PAD
    0x08001dc0   0x08001dc0   0x00000038   Code   RO          265    .text.MX_DMA_Init   dma.o
    0x08001df8   0x08001df8   0x000000be   Code   RO          256    .text.MX_GPIO_Init  gpio.o
    0x08001eb6   0x08001eb6   0x00000002   PAD
    0x08001eb8   0x08001eb8   0x00000046   Code   RO          274    .text.MX_SPI1_Init  spi.o
    0x08001efe   0x08001efe   0x00000002   PAD
    0x08001f00   0x08001f00   0x0000003c   Code   RO          290    .text.MX_USART2_UART_Init  usart.o
    0x08001f3c   0x08001f3c   0x00000002   Code   RO          309    .text.MemManage_Handler  stm32f4xx_it.o
    0x08001f3e   0x08001f3e   0x00000002   PAD
    0x08001f40   0x08001f40   0x00000002   Code   RO          305    .text.NMI_Handler   stm32f4xx_it.o
    0x08001f42   0x08001f42   0x00000002   PAD
    0x08001f44   0x08001f44   0x00000002   Code   RO          319    .text.PendSV_Handler  stm32f4xx_it.o
    0x08001f46   0x08001f46   0x00000002   PAD
    0x08001f48   0x08001f48   0x0000000c   Code   RO          323    .text.SPI1_IRQHandler  stm32f4xx_it.o
    0x08001f54   0x08001f54   0x0000000c   Code   RO          420    .text.SPI_DMAAbortOnError  stm32f4xx_hal_spi.o
    0x08001f60   0x08001f60   0x0000001e   Code   RO          384    .text.SPI_DMAError  stm32f4xx_hal_spi.o
    0x08001f7e   0x08001f7e   0x00000002   PAD
    0x08001f80   0x08001f80   0x00000006   Code   RO          380    .text.SPI_DMAHalfTransmitCplt  stm32f4xx_hal_spi.o
    0x08001f86   0x08001f86   0x00000002   PAD
    0x08001f88   0x08001f88   0x00000112   Code   RO          382    .text.SPI_DMATransmitCplt  stm32f4xx_hal_spi.o
    0x0800209a   0x0800209a   0x00000002   PAD
    0x0800209c   0x0800209c   0x00000120   Code   RO          446    .text.SPI_WaitFlagStateUntilTimeout  stm32f4xx_hal_spi.o
    0x080021bc   0x080021bc   0x00000002   Code   RO          315    .text.SVC_Handler   stm32f4xx_it.o
    0x080021be   0x080021be   0x00000002   PAD
    0x080021c0   0x080021c0   0x00000004   Code   RO          321    .text.SysTick_Handler  stm32f4xx_it.o
    0x080021c4   0x080021c4   0x000000a4   Code   RO          240    .text.SystemClock_Config  main.o
    0x08002268   0x08002268   0x00000012   Code   RO         1005    .text.SystemInit    system_stm32f4xx.o
    0x0800227a   0x0800227a   0x00000002   PAD
    0x0800227c   0x0800227c   0x000000e6   Code   RO          887    .text.UART_SetConfig  stm32f4xx_hal_uart.o
    0x08002362   0x08002362   0x00000002   PAD
    0x08002364   0x08002364   0x00000002   Code   RO          313    .text.UsageFault_Handler  stm32f4xx_it.o
    0x08002366   0x08002366   0x00000002   PAD
    0x08002368   0x08002368   0x000000f2   Code   RO           21    .text.battle        battle.o
    0x0800245a   0x0800245a   0x00000002   PAD
    0x0800245c   0x0800245c   0x000001d2   Code   RO           43    .text.checkBoundary  game.o
    0x0800262e   0x0800262e   0x00000002   PAD
    0x08002630   0x08002630   0x000000f0   Code   RO           19    .text.checkWinner   battle.o
    0x08002720   0x08002720   0x0000015e   Code   RO          229    .text.choosePlayer  menu.o
    0x0800287e   0x0800287e   0x00000002   PAD
    0x08002880   0x08002880   0x000000dc   Code   RO           11    .text.drawBattleScreen  battle.o
    0x0800295c   0x0800295c   0x000000f2   Code   RO           99    .text.drawGhost     graphics.o
    0x08002a4e   0x08002a4e   0x00000002   PAD
    0x08002a50   0x08002a50   0x000000b4   Code   RO           91    .text.drawGrave     graphics.o
    0x08002b04   0x08002b04   0x000002a0   Code   RO           39    .text.drawMaze      game.o
    0x08002da4   0x08002da4   0x00000080   Code   RO           97    .text.drawPacMan    graphics.o
    0x08002e24   0x08002e24   0x0000008e   Code   RO           33    .text.getSprite     game.o
    0x08002eb2   0x08002eb2   0x00000002   PAD
    0x08002eb4   0x08002eb4   0x0000000e   Code   RO          159    .text.glyph_index   ili9341_font.o
    0x08002ec2   0x08002ec2   0x00000002   PAD
    0x08002ec4   0x08002ec4   0x000001f0   Code   RO          197    .text.ili9341_draw_char  ili9341_gfx.o
    0x080030b4   0x080030b4   0x00000156   Code   RO          183    .text.ili9341_draw_line  ili9341_gfx.o
    0x0800320a   0x0800320a   0x00000002   PAD
    0x0800320c   0x0800320c   0x000000b8   Code   RO          181    .text.ili9341_draw_pixel  ili9341_gfx.o
    0x080032c4   0x080032c4   0x00000066   Code   RO          187    .text.ili9341_draw_rect  ili9341_gfx.o
    0x0800332a   0x0800332a   0x00000002   PAD
    0x0800332c   0x0800332c   0x0000006e   Code   RO          199    .text.ili9341_draw_string  ili9341_gfx.o
    0x0800339a   0x0800339a   0x00000002   PAD
    0x0800339c   0x0800339c   0x00000112   Code   RO          191    .text.ili9341_fill_circle  ili9341_gfx.o
    0x080034ae   0x080034ae   0x00000002   PAD
    0x080034b0   0x080034b0   0x000001a4   Code   RO          185    .text.ili9341_fill_rect  ili9341_gfx.o
    0x08003654   0x08003654   0x0000001c   Code   RO          193    .text.ili9341_fill_screen  ili9341_gfx.o
    0x08003670   0x08003670   0x00000730   Code   RO          109    .text.ili9341_new   ili9341.o
    0x08003da0   0x08003da0   0x0000000c   Code   RO          133    .text.ili9341_spi_tft_release  ili9341.o
    0x08003dac   0x08003dac   0x0000000c   Code   RO          131    .text.ili9341_spi_tft_select  ili9341.o
    0x08003db8   0x08003db8   0x0000007c   Code   RO          175    .text.ili9341_spi_tft_set_address_rect  ili9341_gfx.o
    0x08003e34   0x08003e34   0x0000006e   Code   RO          139    .text.ili9341_spi_write_command  ili9341.o
    0x08003ea2   0x08003ea2   0x00000002   PAD
    0x08003ea4   0x08003ea4   0x000000b0   Code   RO          145    .text.ili9341_spi_write_command_data  ili9341.o
    0x08003f54   0x08003f54   0x00000032   Code   RO          179    .text.ili9341_transmit_color  ili9341_gfx.o
    0x08003f86   0x08003f86   0x00000002   PAD
    0x08003f88   0x08003f88   0x000000d2   Code   RO          238    .text.main          main.o
    0x0800405a   0x0800405a   0x00000002   PAD
    0x0800405c   0x0800405c   0x0000014c   Code   RO           45    .text.updatePosition  game.o
    0x080041a8   0x080041a8   0x0000046c   Code   RO           93    .text.writeFillArcHelper  graphics.o
    0x08004614   0x08004614   0x00000028   Code   RO         1116    i.__0sprintf$2      mc_w.l(printf2.o)
    0x0800463c   0x0800463c   0x00000030   Code   RO         1457    i.__ARM_fpclassify  m_wm.l(fpclassify.o)
    0x0800466c   0x0800466c   0x00000004   PAD
    0x08004670   0x08004670   0x000000c8   Code   RO         1019    i.__hardfp_cos      m_wm.l(cos.o)
    0x08004738   0x08004738   0x000000c8   Code   RO         1031    i.__hardfp_sin      m_wm.l(sin.o)
    0x08004800   0x08004800   0x00000438   Code   RO         1383    i.__ieee754_rem_pio2  m_wm.l(rred.o)
    0x08004c38   0x08004c38   0x00000170   Code   RO         1352    i.__kernel_cos      m_wm.l(cos_i.o)
    0x08004da8   0x08004da8   0x000000f8   Code   RO         1459    i.__kernel_poly     m_wm.l(poly.o)
    0x08004ea0   0x08004ea0   0x00000130   Code   RO         1388    i.__kernel_sin      m_wm.l(sin_i.o)
    0x08004fd0   0x08004fd0   0x00000014   Code   RO         1356    i.__mathlib_dbl_infnan  m_wm.l(dunder.o)
    0x08004fe4   0x08004fe4   0x00000004   PAD
    0x08004fe8   0x08004fe8   0x00000020   Code   RO         1358    i.__mathlib_dbl_invalid  m_wm.l(dunder.o)
    0x08005008   0x08005008   0x00000020   Code   RO         1361    i.__mathlib_dbl_underflow  m_wm.l(dunder.o)
    0x08005028   0x08005028   0x0000000e   Code   RO         1469    i.__scatterload_copy  mc_w.l(handlers.o)
    0x08005036   0x08005036   0x00000002   Code   RO         1470    i.__scatterload_null  mc_w.l(handlers.o)
    0x08005038   0x08005038   0x0000000e   Code   RO         1471    i.__scatterload_zeroinit  mc_w.l(handlers.o)
    0x08005046   0x08005046   0x00000002   PAD
    0x08005048   0x08005048   0x0000000c   Code   RO         1431    i.__set_errno       mc_w.l(errno.o)
    0x08005054   0x08005054   0x000000d6   Code   RO         1121    i._printf_core      mc_w.l(printf2.o)
    0x0800512a   0x0800512a   0x0000000a   Code   RO         1123    i._sputc            mc_w.l(printf2.o)
    0x08005134   0x08005134   0x00000018   Code   RO         1453    i.fabs              m_wm.l(fabs.o)
    0x0800514c   0x0800514c   0x0000006c   Code   RO         1309    i.malloc            mc_w.l(malloc.o)
    0x080051b8   0x080051b8   0x00000030   Data   RO         1353    .constdata          m_wm.l(cos_i.o)
    0x080051e8   0x080051e8   0x000000cc   Data   RO         1385    .constdata          m_wm.l(rred.o)
    0x080052b4   0x080052b4   0x00000004   PAD
    0x080052b8   0x080052b8   0x00000028   Data   RO         1389    .constdata          m_wm.l(sin_i.o)
    0x080052e0   0x080052e0   0x00000010   Data   RO         1010    .rodata.AHBPrescTable  system_stm32f4xx.o
    0x080052f0   0x080052f0   0x00000008   Data   RO         1011    .rodata.APBPrescTable  system_stm32f4xx.o
    0x080052f8   0x080052f8   0x00000002   Data   RO          201    .rodata.ILI9341_BLACK  ili9341_gfx.o
    0x080052fa   0x080052fa   0x00000002   Data   RO          209    .rodata.ILI9341_DARKGREY  ili9341_gfx.o
    0x080052fc   0x080052fc   0x00000002   Data   RO          213    .rodata.ILI9341_RED  ili9341_gfx.o
    0x080052fe   0x080052fe   0x00000002   Data   RO          216    .rodata.ILI9341_WHITE  ili9341_gfx.o
    0x08005300   0x08005300   0x00000002   Data   RO          215    .rodata.ILI9341_YELLOW  ili9341_gfx.o
    0x08005302   0x08005302   0x00000008   Data   RO          662    .rodata.cst8        stm32f4xx_hal_dma.o
    0x0800530a   0x0800530a   0x00000d5e   Data   RO          162    .rodata.ili9341_font_11x18  ili9341_font.o
    0x08006068   0x08006068   0x00000020   Data   RO         1468    Region$$Table       anon$$obj.o


    Execution Region RW_IRAM1 (Exec base: 0x20000000, Load base: 0x08006088, Size: 0x000022d0, Max: 0x00020000, ABSOLUTE, COMPRESSED[0x00000410])

    Exec Addr    Load Addr    Size         Type   Attr      Idx    E Section Name        Object

    0x20000000   COMPRESSED   0x00000004   Data   RW         1043    .data               mc_w.l(rand.o)
    0x20000004   COMPRESSED   0x00000004   Data   RW         1427    .data               mc_w.l(mvars.o)
    0x20000008   COMPRESSED   0x00000004   Data   RW         1428    .data               mc_w.l(mvars.o)
    0x2000000c   COMPRESSED   0x00000004   Data   RW         1432    .data               mc_w.l(errno.o)
    0x20000010   COMPRESSED   0x00000008   Data   RW          846    .data..L_MergedGlobals  stm32f4xx_hal.o
    0x20000018   COMPRESSED   0x00000004   Data   RW         1009    .data.SystemCoreClock  system_stm32f4xx.o
    0x2000001c   COMPRESSED   0x00000600   Data   RW           82    .data.maze          game.o
    0x2000061c   COMPRESSED   0x000000c8   Data   RW           49    .data.sprite_01     game.o
    0x200006e4   COMPRESSED   0x0000000c   Data   RW           65    .data.sprite_01_meta  game.o
    0x200006f0   COMPRESSED   0x000000c8   Data   RW           50    .data.sprite_02     game.o
    0x200007b8   COMPRESSED   0x0000000c   Data   RW           66    .data.sprite_02_meta  game.o
    0x200007c4   COMPRESSED   0x000000c8   Data   RW           51    .data.sprite_03     game.o
    0x2000088c   COMPRESSED   0x0000000c   Data   RW           67    .data.sprite_03_meta  game.o
    0x20000898   COMPRESSED   0x000000c8   Data   RW           52    .data.sprite_04     game.o
    0x20000960   COMPRESSED   0x0000000c   Data   RW           68    .data.sprite_04_meta  game.o
    0x2000096c   COMPRESSED   0x000000c8   Data   RW           53    .data.sprite_05     game.o
    0x20000a34   COMPRESSED   0x0000000c   Data   RW           69    .data.sprite_05_meta  game.o
    0x20000a40   COMPRESSED   0x000000c8   Data   RW           54    .data.sprite_06     game.o
    0x20000b08   COMPRESSED   0x0000000c   Data   RW           70    .data.sprite_06_meta  game.o
    0x20000b14   COMPRESSED   0x000000c8   Data   RW           55    .data.sprite_07     game.o
    0x20000bdc   COMPRESSED   0x0000000c   Data   RW           71    .data.sprite_07_meta  game.o
    0x20000be8   COMPRESSED   0x000000c8   Data   RW           56    .data.sprite_08     game.o
    0x20000cb0   COMPRESSED   0x0000000c   Data   RW           72    .data.sprite_08_meta  game.o
    0x20000cbc   COMPRESSED   0x000000c8   Data   RW           57    .data.sprite_09     game.o
    0x20000d84   COMPRESSED   0x0000000c   Data   RW           73    .data.sprite_09_meta  game.o
    0x20000d90   COMPRESSED   0x000000c8   Data   RW           58    .data.sprite_10     game.o
    0x20000e58   COMPRESSED   0x0000000c   Data   RW           74    .data.sprite_10_meta  game.o
    0x20000e64   COMPRESSED   0x000000c8   Data   RW           59    .data.sprite_11     game.o
    0x20000f2c   COMPRESSED   0x0000000c   Data   RW           75    .data.sprite_11_meta  game.o
    0x20000f38   COMPRESSED   0x000000c8   Data   RW           60    .data.sprite_12     game.o
    0x20001000   COMPRESSED   0x0000000c   Data   RW           76    .data.sprite_12_meta  game.o
    0x2000100c   COMPRESSED   0x000000c8   Data   RW           61    .data.sprite_13     game.o
    0x200010d4   COMPRESSED   0x0000000c   Data   RW           77    .data.sprite_13_meta  game.o
    0x200010e0   COMPRESSED   0x000000c8   Data   RW           62    .data.sprite_14     game.o
    0x200011a8   COMPRESSED   0x0000000c   Data   RW           78    .data.sprite_14_meta  game.o
    0x200011b4   COMPRESSED   0x000000c8   Data   RW           63    .data.sprite_15     game.o
    0x2000127c   COMPRESSED   0x0000000c   Data   RW           79    .data.sprite_15_meta  game.o
    0x20001288   COMPRESSED   0x000000c8   Data   RW           64    .data.sprite_16     game.o
    0x20001350   COMPRESSED   0x0000000c   Data   RW           80    .data.sprite_16_meta  game.o
    0x2000135c   COMPRESSED   0x00000040   Data   RW           81    .data.sprites       game.o
    0x2000139c   COMPRESSED   0x00000004   PAD
    0x200013a0        -       0x00000004   Zero   RW           24    .bss..L_MergedGlobals  battle.o
    0x200013a4        -       0x00000028   Zero   RW          247    .bss..L_MergedGlobals  main.o
    0x200013cc        -       0x00000060   Zero   RW          281    .bss.hdma_spi1_tx   spi.o
    0x2000142c        -       0x00000058   Zero   RW          280    .bss.hspi1          spi.o
    0x20001484        -       0x00000048   Zero   RW          296    .bss.huart2         usart.o
    0x200014cc        -       0x00000800   Zero   RW          220    .bss.spi_tx_block   ili9341_gfx.o
    0x20001ccc        -       0x00000004   Zero   RW          845    .bss.uwTick         stm32f4xx_hal.o
    0x20001cd0        -       0x00000200   Zero   RW            2    HEAP                startup_stm32f446xx.o
    0x20001ed0        -       0x00000400   Zero   RW            1    STACK               startup_stm32f446xx.o


==============================================================================

Image component sizes


      Code (inc. data)   RO Data    RW Data    ZI Data      Debug   Object Name

       702         32          0          0          4       9844   battle.o
        56          0          0          0          0       3680   dma.o
      1612          0          0       4992          0      15301   game.o
       190          0          0          0          0       2279   gpio.o
      1682         56          0          0          0      11492   graphics.o
      2150          0          0          0          0      23140   ili9341.o
        14          0       3422          0          0        984   ili9341_font.o
      2130          0         10          0       2048      20512   ili9341_gfx.o
       380          6          0          0         40       9477   main.o
       350          0          0          0          0       6875   menu.o
       262          0          0          0        184       7253   spi.o
        36          8        452          0       1536        836   startup_stm32f446xx.o
       204          0          0          8          4       7515   stm32f4xx_hal.o
       196          0          0          0          0      10843   stm32f4xx_hal_cortex.o
      1010          6          8          0          0      10553   stm32f4xx_hal_dma.o
       424          0          0          0          0       5486   stm32f4xx_hal_gpio.o
        60          0          0          0          0       1721   stm32f4xx_hal_msp.o
       432          0          0          0          0       7585   stm32f4xx_hal_rcc.o
      1150          4          0          0          0      11171   stm32f4xx_hal_rcc_ex.o
      1950          0          0          0          0      26366   stm32f4xx_hal_spi.o
       326          0          0          0          0      32163   stm32f4xx_hal_uart.o
        44          0          0          0          0       4185   stm32f4xx_it.o
        18          0         24          4          0       2757   system_stm32f4xx.o
       176          0          0          0         72       5168   usart.o

    ----------------------------------------------------------------------
     15648        112       3948       5004       3892     237186   Object Totals
         0          0         32          0          0          0   (incl. Generated)
        94          0          0          0          4          0   (incl. Padding)

    ----------------------------------------------------------------------

      Code (inc. data)   RO Data    RW Data    ZI Data      Debug   Library Member Name

       200         20          0          0          0        164   cos.o
       368         46         48          0          0        200   cos_i.o
        84         16          0          0          0        372   dunder.o
        24          0          0          0          0        124   fabs.o
        48          0          0          0          0        124   fpclassify.o
       248          0          0          0          0        152   poly.o
      1080        142        204          0          0        188   rred.o
       200         20          0          0          0        164   sin.o
       304         24         40          0          0        208   sin_i.o
        94          0          0          0          0          0   __dclz77c.o
         0          0          0          0          0          0   entry.o
         0          0          0          0          0          0   entry10a.o
         0          0          0          0          0          0   entry11a.o
         8          4          0          0          0          0   entry2.o
         4          0          0          0          0          0   entry5.o
         0          0          0          0          0          0   entry7b.o
         0          0          0          0          0          0   entry8b.o
         8          4          0          0          0          0   entry9a.o
        12          6          0          4          0         68   errno.o
        30          0          0          0          0          0   handlers.o
        48         10          0          0          0         68   init.o
         0          0          0          0          0          0   iusefp.o
        30          0          0          0          0         68   llshl.o
        36          0          0          0          0         68   llsshr.o
        32          0          0          0          0         68   llushr.o
       108         16          0          0          0         84   malloc.o
        36          0          0          0          0        108   memseta.o
         0          0          0          8          0          0   mvars.o
       264          6          0          0          0        244   printf2.o
        36         10          0          4          0        136   rand.o
        98          0          0          0          0         92   uldiv.o
        56          0          0          0          0         88   d2f.o
       334          0          0          0          0        148   dadd.o
        54          0          0          0          0         80   dcmpge.o
        54          0          0          0          0         80   dcmpgt.o
       222          0          0          0          0        100   ddiv.o
       186          0          0          0          0        176   depilogue.o
        62          0          0          0          0         80   dfixi.o
        34          0          0          0          0         76   dflti.o
        26          0          0          0          0         76   dfltui.o
       228          0          0          0          0         96   dmul.o
        38          0          0          0          0         68   f2d.o
       110          0          0          0          0        168   fepilogue.o

    ----------------------------------------------------------------------
      4820        324        296         16          0       3936   Library Totals
        16          0          4          0          0          0   (incl. Padding)

    ----------------------------------------------------------------------

      Code (inc. data)   RO Data    RW Data    ZI Data      Debug   Library Name

      2556        268        292          0          0       1696   m_wm.l
       844         56          0         16          0       1004   mc_w.l
      1404          0          0          0          0       1236   mf_w.l

    ----------------------------------------------------------------------
      4820        324        296         16          0       3936   Library Totals

    ----------------------------------------------------------------------

==============================================================================


      Code (inc. data)   RO Data    RW Data    ZI Data      Debug   

     20468        436       4244       5020       3892     238822   Grand Totals
     20468        436       4244       1040       3892     238822   ELF Image Totals (compressed)
     20468        436       4244       1040          0          0   ROM Totals

==============================================================================

    Total RO  Size (Code + RO Data)                24712 (  24.13kB)
    Total RW  Size (RW Data + ZI Data)              8912 (   8.70kB)
    Total ROM Size (Code + RO Data + RW Data)      25752 (  25.15kB)

==============================================================================

