Component: Arm Compiler for Embedded 6.22 Tool: armlink [5ee90200]

==============================================================================

Section Cross References

    startup_stm32f446xx.o(RESET) refers to startup_stm32f446xx.o(STACK) for __initial_sp
    startup_stm32f446xx.o(RESET) refers to startup_stm32f446xx.o(.text) for Reset_Handler
    startup_stm32f446xx.o(RESET) refers to stm32f4xx_it.o(.text.NMI_Handler) for NMI_Handler
    startup_stm32f446xx.o(RESET) refers to stm32f4xx_it.o(.text.HardFault_Handler) for HardFault_Handler
    startup_stm32f446xx.o(RESET) refers to stm32f4xx_it.o(.text.MemManage_Handler) for MemManage_Handler
    startup_stm32f446xx.o(RESET) refers to stm32f4xx_it.o(.text.BusFault_Handler) for BusFault_Handler
    startup_stm32f446xx.o(RESET) refers to stm32f4xx_it.o(.text.UsageFault_Handler) for UsageFault_Handler
    startup_stm32f446xx.o(RESET) refers to stm32f4xx_it.o(.text.SVC_Handler) for SVC_Handler
    startup_stm32f446xx.o(RESET) refers to stm32f4xx_it.o(.text.DebugMon_Handler) for DebugMon_Handler
    startup_stm32f446xx.o(RESET) refers to stm32f4xx_it.o(.text.PendSV_Handler) for PendSV_Handler
    startup_stm32f446xx.o(RESET) refers to stm32f4xx_it.o(.text.SysTick_Handler) for SysTick_Handler
    startup_stm32f446xx.o(RESET) refers to stm32f4xx_it.o(.text.DMA1_Stream0_IRQHandler) for DMA1_Stream0_IRQHandler
    startup_stm32f446xx.o(RESET) refers to stm32f4xx_it.o(.text.DMA1_Stream6_IRQHandler) for DMA1_Stream6_IRQHandler
    startup_stm32f446xx.o(RESET) refers to stm32f4xx_it.o(.text.I2C1_EV_IRQHandler) for I2C1_EV_IRQHandler
    startup_stm32f446xx.o(RESET) refers to stm32f4xx_it.o(.text.I2C1_ER_IRQHandler) for I2C1_ER_IRQHandler
    startup_stm32f446xx.o(RESET) refers to stm32f4xx_it.o(.text.SPI1_IRQHandler) for SPI1_IRQHandler
    startup_stm32f446xx.o(RESET) refers to stm32f4xx_it.o(.text.EXTI15_10_IRQHandler) for EXTI15_10_IRQHandler
    startup_stm32f446xx.o(RESET) refers to stm32f4xx_it.o(.text.TIM8_TRG_COM_TIM14_IRQHandler) for TIM8_TRG_COM_TIM14_IRQHandler
    startup_stm32f446xx.o(RESET) refers to stm32f4xx_it.o(.text.DMA1_Stream7_IRQHandler) for DMA1_Stream7_IRQHandler
    startup_stm32f446xx.o(RESET) refers to stm32f4xx_it.o(.text.UART5_IRQHandler) for UART5_IRQHandler
    startup_stm32f446xx.o(RESET) refers to stm32f4xx_it.o(.text.DMA2_Stream3_IRQHandler) for DMA2_Stream3_IRQHandler
    startup_stm32f446xx.o(.text) refers to system_stm32f4xx.o(.text.SystemInit) for SystemInit
    startup_stm32f446xx.o(.text) refers to entry.o(.ARM.Collect$$$$00000000) for __main
    battle.o(.text.drawBattleScreen) refers to ili9341_gfx.o(.rodata.ILI9341_BLACK) for ILI9341_BLACK
    battle.o(.text.drawBattleScreen) refers to ili9341_gfx.o(.text.ili9341_fill_screen) for ili9341_fill_screen
    battle.o(.text.drawBattleScreen) refers to ili9341_gfx.o(.rodata.ILI9341_WHITE) for ILI9341_WHITE
    battle.o(.text.drawBattleScreen) refers to ili9341_font.o(.rodata.ili9341_font_11x18) for ili9341_font_11x18
    battle.o(.text.drawBattleScreen) refers to ili9341_gfx.o(.text.ili9341_draw_string) for ili9341_draw_string
    battle.o(.text.drawBattleScreen) refers to ili9341_gfx.o(.rodata.ILI9341_RED) for ILI9341_RED
    battle.o(.text.drawBattleScreen) refers to graphics.o(.text.drawGhost) for drawGhost
    battle.o(.text.drawBattleScreen) refers to ili9341_gfx.o(.rodata.ILI9341_YELLOW) for ILI9341_YELLOW
    battle.o(.text.drawBattleScreen) refers to graphics.o(.text.drawPacMan) for drawPacMan
    battle.o(.ARM.exidx.text.drawBattleScreen) refers to battle.o(.text.drawBattleScreen) for [Anonymous Symbol]
    battle.o(.text.drawRandomTarget) refers to battle.o(.bss..L_MergedGlobals) for .L_MergedGlobals
    battle.o(.text.drawRandomTarget) refers to rand.o(.text) for rand
    battle.o(.text.drawRandomTarget) refers to ili9341_gfx.o(.rodata.ILI9341_BLACK) for ILI9341_BLACK
    battle.o(.text.drawRandomTarget) refers to ili9341_gfx.o(.text.ili9341_fill_rect) for ili9341_fill_rect
    battle.o(.ARM.exidx.text.drawRandomTarget) refers to battle.o(.text.drawRandomTarget) for [Anonymous Symbol]
    battle.o(.text.incrementPowerBar) refers to ili9341_gfx.o(.text.ili9341_fill_rect) for ili9341_fill_rect
    battle.o(.ARM.exidx.text.incrementPowerBar) refers to battle.o(.text.incrementPowerBar) for [Anonymous Symbol]
    battle.o(.text.updateEnemyPowerBar) refers to rand.o(.text) for rand
    battle.o(.text.updateEnemyPowerBar) refers to ili9341_gfx.o(.text.ili9341_fill_rect) for ili9341_fill_rect
    battle.o(.ARM.exidx.text.updateEnemyPowerBar) refers to battle.o(.text.updateEnemyPowerBar) for [Anonymous Symbol]
    battle.o(.text.checkWinner) refers to graphics.o(.text.drawGrave) for drawGrave
    battle.o(.text.checkWinner) refers to ili9341_gfx.o(.rodata.ILI9341_BLACK) for ILI9341_BLACK
    battle.o(.text.checkWinner) refers to ili9341_gfx.o(.text.ili9341_fill_rect) for ili9341_fill_rect
    battle.o(.text.checkWinner) refers to memseta.o(.text) for __aeabi_memclr4
[...]
    i.__mathlib_dbl_underflow                0x08008ae0   Section        0  dunder.o(i.__mathlib_dbl_underflow)
    i.__scatterload_copy                     0x08008b00   Section       14  handlers.o(i.__scatterload_copy)
    i.__scatterload_null                     0x08008b0e   Section        2  handlers.o(i.__scatterload_null)
    i.__scatterload_zeroinit                 0x08008b10   Section       14  handlers.o(i.__scatterload_zeroinit)
    i.__set_errno                            0x08008b20   Section        0  errno.o(i.__set_errno)
    _printf_core                             0x08008b2d   Thumb Code   436  printf3.o(i._printf_core)
    i._printf_core                           0x08008b2c   Section        0  printf3.o(i._printf_core)
    _sputc                                   0x08008ce5   Thumb Code    10  printf3.o(i._sputc)
    i._sputc                                 0x08008ce4   Section        0  printf3.o(i._sputc)
    i.fabs                                   0x08008cee   Section        0  fabs.o(i.fabs)
    i.malloc                                 0x08008d08   Section        0  malloc.o(i.malloc)
    i.puts                                   0x08008d74   Section        0  puts.o(i.puts)
    C                                        0x08008d98   Data          48  cos_i.o(.constdata)
    .constdata                               0x08008d98   Section       48  cos_i.o(.constdata)
    pio2s                                    0x08008dc8   Data          48  rred.o(.constdata)
    .constdata                               0x08008dc8   Section      204  rred.o(.constdata)
    twooverpi                                0x08008df8   Data         156  rred.o(.constdata)
    S                                        0x08008e98   Data          40  sin_i.o(.constdata)
    .constdata                               0x08008e98   Section       40  sin_i.o(.constdata)
    DMA_CalcBaseAndBitshift.flagBitshiftOffset 0x08008ee4   Data           8  stm32f4xx_hal_dma.o(.rodata.cst8)
    [Anonymous Symbol]                       0x08008ee4   Section        0  stm32f4xx_hal_dma.o(.rodata.cst8)
    .L.str.1                                 0x08009c4a   Data          54  main.o(.rodata.str1.1)
    [Anonymous Symbol]                       0x08009c4a   Section        0  main.o(.rodata.str1.1)
    .Lstr                                    0x08009c80   Data          22  main.o(.rodata.str1.1)
    .Lstr.18                                 0x08009c96   Data          37  main.o(.rodata.str1.1)
    .Lstr.17                                 0x08009cbb   Data          36  main.o(.rodata.str1.1)
    .Lstr.16                                 0x08009cdf   Data          32  main.o(.rodata.str1.1)
    .Lstr.15                                 0x08009cff   Data          38  main.o(.rodata.str1.1)
    .L.str.2                                 0x08009d25   Data          51  main.o(.rodata.str1.1)
    _rand_state                              0x20000000   Data           4  rand.o(.data)
    .data                                    0x20000000   Section        4  rand.o(.data)
    .data                                    0x20000004   Section        4  stdout.o(.data)
    .data                                    0x20000008   Section        4  mvars.o(.data)
    .data                                    0x2000000c   Section        4  mvars.o(.data)
    _errno                                   0x20000010   Data           4  errno.o(.data)
    .data                                    0x20000010   Section        4  errno.o(.data)
    .L_MergedGlobals                         0x20000014   Data           8  stm32f4xx_hal.o(.data..L_MergedGlobals)
    [Anonymous Symbol]                       0x20000014   Section        0  stm32f4xx_hal.o(.data..L_MergedGlobals)
    transmission_complete                    0x200013a4   Data           4  main.o(.data.transmission_complete)
    [Anonymous Symbol]                       0x200013a4   Section        0  main.o(.data.transmission_complete)
    .L_MergedGlobals                         0x200013a8   Data           4  battle.o(.bss..L_MergedGlobals)
    drawRandomTarget.previous_pos_y          0x200013a8   Data           2  battle.o(.bss..L_MergedGlobals)
    [Anonymous Symbol]                       0x200013a8   Section        0  battle.o(.bss..L_MergedGlobals)
    drawRandomTarget.counter                 0x200013aa   Data           2  battle.o(.bss..L_MergedGlobals)
    .L_MergedGlobals                         0x200013ac   Data          82  main.o(.bss..L_MergedGlobals)
    [Anonymous Symbol]                       0x200013ac   Section        0  main.o(.bss..L_MergedGlobals)
    rx_size                                  0x200013af   Data           1  main.o(.bss..L_MergedGlobals)
    reception_complete                       0x200013d0   Data           4  main.o(.bss..L_MergedGlobals)
    rx_data                                  0x20001804   Data         255  main.o(.bss.rx_data)
    [Anonymous Symbol]                       0x20001804   Section        0  main.o(.bss.rx_data)
    spi_tx_block                             0x20001904   Data        2048  ili9341_gfx.o(.bss.spi_tx_block)
    [Anonymous Symbol]                       0x20001904   Section        0  ili9341_gfx.o(.bss.spi_tx_block)
    tx_buffer                                0x20002104   Data         255  main.o(.bss.tx_buffer)
    [Anonymous Symbol]                       0x20002104   Section        0  main.o(.bss.tx_buffer)
    HEAP                                     0x20002208   Section      512  startup_stm32f446xx.o(HEAP)
    STACK                                    0x20002408   Section     1024  startup_stm32f446xx.o(STACK)

    Global Symbols

    Symbol Name                              Value     Ov Type        Size  Object(Section)

    BuildAttributes$$THM_ISAv4$E$P$D$K$B$S$7EM$VFPi3$EXTD16$VFPS$VFMA$PE$A:L22UL41UL21$X:L11$S22US41US21$IEEE1$IW$~IW$USESV6$~STKCKD$USESV7$~SHL$OTIME$ROPI$IEEEX$EBA8$MICROLIB$REQ8$PRES8$EABIv2 0x00000000   Number         0  anon$$obj.o ABSOLUTE
    _printf_a                                0x00000000   Number         0  printfstubs.o ABSOLUTE
    _printf_c                                0x00000000   Number         0  printfstubs.o ABSOLUTE
    _printf_charcount                        0x00000000   Number         0  printfstubs.o ABSOLUTE
    _printf_d                                0x00000000   Number         0  printfstubs.o ABSOLUTE
    _printf_e                                0x00000000   Number         0  printfstubs.o ABSOLUTE
    _printf_f                                0x00000000   Number         0  printfstubs.o ABSOLUTE
    _printf_flags                            0x00000000   Number         0  printfstubs.o ABSOLUTE
    _printf_fp_dec                           0x00000000   Number         0  printfstubs.o ABSOLUTE
    _printf_fp_hex                           0x00000000   Number         0  printfstubs.o ABSOLUTE
    _printf_g                                0x00000000   Number         0  printfstubs.o ABSOLUTE
    _printf_i                                0x00000000   Number         0  printfstubs.o ABSOLUTE
    _printf_int_dec                          0x00000000   Number         0  printfstubs.o ABSOLUTE
    _printf_l                                0x00000000   Number         0  printfstubs.o ABSOLUTE
    _printf_lc                               0x00000000   Number         0  printfstubs.o ABSOLUTE
    _printf_ll                               0x00000000   Number         0  printfstubs.o ABSOLUTE
    _printf_lld                              0x00000000   Number         0  printfstubs.o ABSOLUTE
    _printf_lli                              0x00000000   Number         0  printfstubs.o ABSOLUTE
    _printf_llo                              0x00000000   Number         0  printfstubs.o ABSOLUTE
    _printf_llu                              0x00000000   Number         0  printfstubs.o ABSOLUTE
    _printf_llx                              0x00000000   Number         0  printfstubs.o ABSOLUTE
    _printf_longlong_dec                     0x00000000   Number         0  printfstubs.o ABSOLUTE
    _printf_longlong_hex                     0x00000000   Number         0  printfstubs.o ABSOLUTE
    _printf_longlong_oct                     0x00000000   Number         0  printfstubs.o ABSOLUTE
    _printf_ls                               0x00000000   Number         0  printfstubs.o ABSOLUTE
    _printf_mbtowc                           0x00000000   Number         0  printfstubs.o ABSOLUTE
    _printf_n                                0x00000000   Number         0  printfstubs.o ABSOLUTE
    _printf_o                                0x00000000   Number         0  printfstubs.o ABSOLUTE
    _printf_p                                0x00000000   Number         0  printfstubs.o ABSOLUTE
    _printf_percent                          0x00000000   Number         0  printfstubs.o ABSOLUTE
    _printf_pre_padding                      0x00000000   Number         0  printfstubs.o ABSOLUTE
    _printf_return_value                     0x00000000   Number         0  printfstubs.o ABSOLUTE
    _printf_s                                0x00000000   Number         0  printfstubs.o ABSOLUTE
    _printf_sizespec                         0x00000000   Number         0  printfstubs.o ABSOLUTE
    _printf_str                              0x00000000   Number         0  printfstubs.o ABSOLUTE
    _printf_truncate_signed                  0x00000000   Number         0  printfstubs.o ABSOLUTE
    _printf_truncate_unsigned                0x00000000   Number         0  printfstubs.o ABSOLUTE
    _printf_u                                0x00000000   Number         0  printfstubs.o ABSOLUTE
    _printf_wc                               0x00000000   Number         0  printfstubs.o ABSOLUTE
    _printf_wctomb                           0x00000000   Number         0  printfstubs.o ABSOLUTE
    _printf_widthprec                        0x00000000   Number         0  printfstubs.o ABSOLUTE
    _printf_x                                0x00000000   Number         0  printfstubs.o ABSOLUTE
    __cpp_initialize__aeabi_                  - Undefined Weak Reference
    __cxa_finalize                            - Undefined Weak Reference
    _clock_init                               - Undefined Weak Reference
    _microlib_exit                            - Undefined Weak Reference
    __Vectors_Size                           0x000001c4   Number         0  startup_stm32f446xx.o ABSOLUTE
    __Vectors                                0x08000000   Data           4  startup_stm32f446xx.o(RESET)
    __Vectors_End                            0x080001c4   Data           0  startup_stm32f446xx.o(RESET)
    __main                                   0x080001c5   Thumb Code     0  entry.o(.ARM.Collect$$$$00000000)
    _main_stk                                0x080001c5   Thumb Code     0  entry2.o(.ARM.Collect$$$$00000001)
    _main_scatterload                        0x080001c9   Thumb Code     0  entry5.o(.ARM.Collect$$$$00000004)
    __main_after_scatterload                 0x080001cd   Thumb Code     0  entry5.o(.ARM.Collect$$$$00000004)
    _main_clock                              0x080001cd   Thumb Code     0  entry7b.o(.ARM.Collect$$$$00000008)
    _main_cpp_init                           0x080001cd   Thumb Code     0  entry8b.o(.ARM.Collect$$$$0000000A)
    _main_init                               0x080001cd   Thumb Code     0  entry9a.o(.ARM.Collect$$$$0000000B)
    __rt_final_cpp                           0x080001d5   Thumb Code     0  entry10a.o(.ARM.Collect$$$$0000000D)
    __rt_final_exit                          0x080001d5   Thumb Code     0  entry11a.o(.ARM.Collect$$$$0000000F)
    Reset_Handler                            0x080001d9   Thumb Code     8  startup_stm32f446xx.o(.text)
    ADC_IRQHandler                           0x080001f3   Thumb Code     0  startup_stm32f446xx.o(.text)
    CAN1_RX0_IRQHandler                      0x080001f3   Thumb Code     0  startup_stm32f446xx.o(.text)
    CAN1_RX1_IRQHandler                      0x080001f3   Thumb Code     0  startup_stm32f446xx.o(.text)
    CAN1_SCE_IRQHandler                      0x080001f3   Thumb Code     0  startup_stm32f446xx.o(.text)
    CAN1_TX_IRQHandler                       0x080001f3   Thumb Code     0  startup_stm32f446xx.o(.text)
    CAN2_RX0_IRQHandler                      0x080001f3   Thumb Code     0  startup_stm32f446xx.o(.text)
    CAN2_RX1_IRQHandler                      0x080001f3   Thumb Code     0  startup_stm32f446xx.o(.text)
    CAN2_SCE_IRQHandler                      0x080001f3   Thumb Code     0  startup_stm32f446xx.o(.text)
    CAN2_TX_IRQHandler                       0x080001f3   Thumb Code     0  startup_stm32f446xx.o(.text)
    CEC_IRQHandler                           0x080001f3   Thumb Code     0  startup_stm32f446xx.o(.text)
    DCMI_IRQHandler                          0x080001f3   Thumb Code     0  startup_stm32f446xx.o(.text)
    DMA1_Stream1_IRQHandler                  0x080001f3   Thumb Code     0  startup_stm32f446xx.o(.text)
    DMA1_Stream2_IRQHandler                  0x080001f3   Thumb Code     0  startup_stm32f446xx.o(.text)
    DMA1_Stream3_IRQHandler                  0x080001f3   Thumb Code     0  startup_stm32f446xx.o(.text)
    DMA1_Stream4_IRQHandler                  0x080001f3   Thumb Code     0  startup_stm32f446xx.o(.text)
    DMA1_Stream5_IRQHandler                  0x080001f3   Thumb Code     0  startup_stm32f446xx.o(.text)
    DMA2_Stream0_IRQHandler                  0x080001f3   Thumb Code     0  startup_stm32f446xx.o(.text)
    DMA2_Stream1_IRQHandler                  0x080001f3   Thumb Code     0  startup_stm32f446xx.o(.text)
    DMA2_Stream2_IRQHandler                  0x080001f3   Thumb Code     0  startup_stm32f446xx.o(.text)
    DMA2_Stream4_IRQHandler                  0x080001f3   Thumb Code     0  startup_stm32f446xx.o(.text)
    DMA2_Stream5_IRQHandler                  0x080001f3   Thumb Code     0  startup_stm32f446xx.o(.text)
    DMA2_Stream6_IRQHandler                  0x080001f3   Thumb Code     0  startup_stm32f446xx.o(.text)
    DMA2_Stream7_IRQHandler                  0x080001f3   Thumb Code     0  startup_stm32f446xx.o(.text)
    EXTI0_IRQHandler                         0x080001f3   Thumb Code     0  startup_stm32f446xx.o(.text)
    EXTI1_IRQHandler                         0x080001f3   Thumb Code     0  startup_stm32f446xx.o(.text)
    EXTI2_IRQHandler                         0x080001f3   Thumb Code     0  startup_stm32f446xx.o(.text)
    EXTI3_IRQHandler                         0x080001f3   Thumb Code     0  startup_stm32f446xx.o(.text)
    EXTI4_IRQHandler                         0x080001f3   Thumb Code     0  startup_stm32f446xx.o(.text)
    EXTI9_5_IRQHandler                       0x080001f3   Thumb Code     0  startup_stm32f446xx.o(.text)
    FLASH_IRQHandler                         0x080001f3   Thumb Code     0  startup_stm32f446xx.o(.text)
    FMC_IRQHandler                           0x080001f3   Thumb Code     0  startup_stm32f446xx.o(.text)
    FMPI2C1_ER_IRQHandler                    0x080001f3   Thumb Code     0  startup_stm32f446xx.o(.text)
    FMPI2C1_EV_IRQHandler                    0x080001f3   Thumb Code     0  startup_stm32f446xx.o(.text)
    FPU_IRQHandler                           0x080001f3   Thumb Code     0  startup_stm32f446xx.o(.text)
    I2C2_ER_IRQHandler                       0x080001f3   Thumb Code     0  startup_stm32f446xx.o(.text)
    I2C2_EV_IRQHandler                       0x080001f3   Thumb Code     0  startup_stm32f446xx.o(.text)
    I2C3_ER_IRQHandler                       0x080001f3   Thumb Code     0  startup_stm32f446xx.o(.text)
    I2C3_EV_IRQHandler                       0x080001f3   Thumb Code     0  startup_stm32f446xx.o(.text)
    OTG_FS_IRQHandler                        0x080001f3   Thumb Code     0  startup_stm32f446xx.o(.text)
    OTG_FS_WKUP_IRQHandler                   0x080001f3   Thumb Code     0  startup_stm32f446xx.o(.text)
    OTG_HS_EP1_IN_IRQHandler                 0x080001f3   Thumb Code     0  startup_stm32f446xx.o(.text)
    OTG_HS_EP1_OUT_IRQHandler                0x080001f3   Thumb Code     0  startup_stm32f446xx.o(.text)
    OTG_HS_IRQHandler                        0x080001f3   Thumb Code     0  startup_stm32f446xx.o(.text)
    OTG_HS_WKUP_IRQHandler                   0x080001f3   Thumb Code     0  startup_stm32f446xx.o(.text)
    PVD_IRQHandler                           0x080001f3   Thumb Code     0  startup_stm32f446xx.o(.text)
    QUADSPI_IRQHandler                       0x080001f3   Thumb Code     0  startup_stm32f446xx.o(.text)
    RCC_IRQHandler                           0x080001f3   Thumb Code     0  startup_stm32f446xx.o(.text)
    RTC_Alarm_IRQHandler                     0x080001f3   Thumb Code     0  startup_stm32f446xx.o(.text)
    RTC_WKUP_IRQHandler                      0x080001f3   Thumb Code     0  startup_stm32f446xx.o(.text)
    SAI1_IRQHandler                          0x080001f3   Thumb Code     0  startup_stm32f446xx.o(.text)
    SAI2_IRQHandler                          0x080001f3   Thumb Code     0  startup_stm32f446xx.o(.text)
    SDIO_IRQHandler                          0x080001f3   Thumb Code     0  startup_stm32f446xx.o(.text)
    SPDIF_RX_IRQHandler                      0x080001f3   Thumb Code     0  startup_stm32f446xx.o(.text)
    SPI2_IRQHandler                          0x080001f3   Thumb Code     0  startup_stm32f446xx.o(.text)
    SPI3_IRQHandler                          0x080001f3   Thumb Code     0  startup_stm32f446xx.o(.text)
    SPI4_IRQHandler                          0x080001f3   Thumb Code     0  startup_stm32f446xx.o(.text)
    TAMP_STAMP_IRQHandler                    0x080001f3   Thumb Code     0  startup_stm32f446xx.o(.text)
    TIM1_BRK_TIM9_IRQHandler                 0x080001f3   Thumb Code     0  startup_stm32f446xx.o(.text)
    TIM1_CC_IRQHandler                       0x080001f3   Thumb Code     0  startup_stm32f446xx.o(.text)
    TIM1_TRG_COM_TIM11_IRQHandler            0x080001f3   Thumb Code     0  startup_stm32f446xx.o(.text)
    TIM1_UP_TIM10_IRQHandler                 0x080001f3   Thumb Code     0  startup_stm32f446xx.o(.text)
    TIM2_IRQHandler                          0x080001f3   Thumb Code     0  startup_stm32f446xx.o(.text)
    TIM3_IRQHandler                          0x080001f3   Thumb Code     0  startup_stm32f446xx.o(.text)
    TIM4_IRQHandler                          0x080001f3   Thumb Code     0  startup_stm32f446xx.o(.text)
    TIM5_IRQHandler                          0x080001f3   Thumb Code     0  startup_stm32f446xx.o(.text)
    TIM6_DAC_IRQHandler                      0x080001f3   Thumb Code     0  startup_stm32f446xx.o(.text)
    TIM7_IRQHandler                          0x080001f3   Thumb Code     0  startup_stm32f446xx.o(.text)
    TIM8_BRK_TIM12_IRQHandler                0x080001f3   Thumb Code     0  startup_stm32f446xx.o(.text)
    TIM8_CC_IRQHandler                       0x080001f3   Thumb Code     0  startup_stm32f446xx.o(.text)
    TIM8_UP_TIM13_IRQHandler                 0x080001f3   Thumb Code     0  startup_stm32f446xx.o(.text)
    UART4_IRQHandler                         0x080001f3   Thumb Code     0  startup_stm32f446xx.o(.text)
    USART1_IRQHandler                        0x080001f3   Thumb Code     0  startup_stm32f446xx.o(.text)
    USART2_IRQHandler                        0x080001f3   Thumb Code     0  startup_stm32f446xx.o(.text)
    USART3_IRQHandler                        0x080001f3   Thumb Code     0  startup_stm32f446xx.o(.text)
    USART6_IRQHandler                        0x080001f3   Thumb Code     0  startup_stm32f446xx.o(.text)
    WWDG_IRQHandler                          0x080001f3   Thumb Code     0  startup_stm32f446xx.o(.text)
    __aeabi_uldivmod                         0x080001fd   Thumb Code    98  uldiv.o(.text)
    rand                                     0x08000261   Thumb Code    20  rand.o(.text)
    srand                                    0x08000275   Thumb Code     6  rand.o(.text)
    __aeabi_memset                           0x08000285   Thumb Code    14  memseta.o(.text)
    __aeabi_memset4                          0x08000285   Thumb Code     0  memseta.o(.text)
    __aeabi_memset8                          0x08000285   Thumb Code     0  memseta.o(.text)
    __aeabi_memclr                           0x08000293   Thumb Code     4  memseta.o(.text)
    __aeabi_memclr4                          0x08000293   Thumb Code     0  memseta.o(.text)
    __aeabi_memclr8                          0x08000293   Thumb Code     0  memseta.o(.text)
    _memset$wrapper                          0x08000297   Thumb Code    18  memseta.o(.text)
    __aeabi_dadd                             0x080002a9   Thumb Code   322  dadd.o(.text)
    __aeabi_dsub                             0x080003eb   Thumb Code     6  dadd.o(.text)
    __aeabi_drsub                            0x080003f1   Thumb Code     6  dadd.o(.text)
    __aeabi_ddiv                             0x080003f7   Thumb Code   222  ddiv.o(.text)
    __aeabi_dcmpge                           0x080004d5   Thumb Code    54  dcmpge.o(.text)
    __aeabi_dcmpgt                           0x0800050b   Thumb Code    54  dcmpgt.o(.text)
    __aeabi_d2iz                             0x08000541   Thumb Code    62  dfixi.o(.text)
    __aeabi_f2d                              0x0800057f   Thumb Code    38  f2d.o(.text)
    __aeabi_d2f                              0x080005a5   Thumb Code    56  d2f.o(.text)
    __aeabi_uidiv                            0x080005dd   Thumb Code     0  uidiv.o(.text)
    __aeabi_uidivmod                         0x080005dd   Thumb Code    44  uidiv.o(.text)
    __aeabi_llsl                             0x08000609   Thumb Code    30  llshl.o(.text)
    _ll_shift_l                              0x08000609   Thumb Code     0  llshl.o(.text)
    __aeabi_llsr                             0x08000627   Thumb Code    32  llushr.o(.text)
    _ll_ushift_r                             0x08000627   Thumb Code     0  llushr.o(.text)
    __aeabi_lasr                             0x08000647   Thumb Code    36  llsshr.o(.text)
    _ll_sshift_r                             0x08000647   Thumb Code     0  llsshr.o(.text)
    __I$use$fp                               0x0800066b   Thumb Code     0  iusefp.o(.text)
    _float_round                             0x0800066b   Thumb Code    18  fepilogue.o(.text)
    _float_epilogue                          0x0800067d   Thumb Code    92  fepilogue.o(.text)
    _double_round                            0x080006d9   Thumb Code    30  depilogue.o(.text)
    _double_epilogue                         0x080006f7   Thumb Code   156  depilogue.o(.text)
    __aeabi_dmul                             0x08000793   Thumb Code   228  dmul.o(.text)
    __scatterload                            0x08000879   Thumb Code    38  init.o(.text)
    __scatterload_rt2                        0x08000879   Thumb Code     0  init.o(.text)
    __aeabi_i2d                              0x080008a9   Thumb Code    34  dflti.o(.text)
    __aeabi_ui2d                             0x080008cb   Thumb Code    26  dfltui.o(.text)
    __decompress                             0x080008e5   Thumb Code     0  __dclz77c.o(.text)
    __decompress2                            0x080008e5   Thumb Code    94  __dclz77c.o(.text)
    BusFault_Handler                         0x08000945   Thumb Code     2  stm32f4xx_it.o(.text.BusFault_Handler)
    Configure_MPU6050                        0x08000949   Thumb Code   308  main.o(.text.Configure_MPU6050)
    DMA1_Stream0_IRQHandler                  0x08000af5   Thumb Code    12  stm32f4xx_it.o(.text.DMA1_Stream0_IRQHandler)
    DMA1_Stream6_IRQHandler                  0x08000b01   Thumb Code    12  stm32f4xx_it.o(.text.DMA1_Stream6_IRQHandler)
    DMA1_Stream7_IRQHandler                  0x08000b0d   Thumb Code    12  stm32f4xx_it.o(.text.DMA1_Stream7_IRQHandler)
    DMA2_Stream3_IRQHandler                  0x08000b19   Thumb Code    12  stm32f4xx_it.o(.text.DMA2_Stream3_IRQHandler)
    DebugMon_Handler                         0x08000b25   Thumb Code     2  stm32f4xx_it.o(.text.DebugMon_Handler)
    EXTI15_10_IRQHandler                     0x08000b29   Thumb Code     8  stm32f4xx_it.o(.text.EXTI15_10_IRQHandler)
    Error_Handler                            0x08000b31   Thumb Code     6  main.o(.text.Error_Handler)
    HAL_DMA_Abort                            0x08000b39   Thumb Code   142  stm32f4xx_hal_dma.o(.text.HAL_DMA_Abort)
    HAL_DMA_Abort_IT                         0x08000bc9   Thumb Code    36  stm32f4xx_hal_dma.o(.text.HAL_DMA_Abort_IT)
    HAL_DMA_GetError                         0x08000bed   Thumb Code     4  stm32f4xx_hal_dma.o(.text.HAL_DMA_GetError)
    HAL_DMA_GetState                         0x08000bf1   Thumb Code     6  stm32f4xx_hal_dma.o(.text.HAL_DMA_GetState)
    HAL_DMA_IRQHandler                       0x08000bf9   Thumb Code   452  stm32f4xx_hal_dma.o(.text.HAL_DMA_IRQHandler)
    HAL_DMA_Init                             0x08000dbd   Thumb Code   354  stm32f4xx_hal_dma.o(.text.HAL_DMA_Init)
    HAL_DMA_Start_IT                         0x08000f21   Thumb Code   162  stm32f4xx_hal_dma.o(.text.HAL_DMA_Start_IT)
    HAL_Delay                                0x08000fc5   Thumb Code    40  stm32f4xx_hal.o(.text.HAL_Delay)
    HAL_GPIO_EXTI_Callback                   0x08000fed   Thumb Code   100  main.o(.text.HAL_GPIO_EXTI_Callback)
    HAL_GPIO_EXTI_IRQHandler                 0x08001065   Thumb Code    22  stm32f4xx_hal_gpio.o(.text.HAL_GPIO_EXTI_IRQHandler)
    HAL_GPIO_Init                            0x0800107d   Thumb Code   414  stm32f4xx_hal_gpio.o(.text.HAL_GPIO_Init)
    HAL_GPIO_WritePin                        0x0800121d   Thumb Code    10  stm32f4xx_hal_gpio.o(.text.HAL_GPIO_WritePin)
    HAL_GetTick                              0x08001229   Thumb Code    12  stm32f4xx_hal.o(.text.HAL_GetTick)
    HAL_I2C_AbortCpltCallback                0x08001235   Thumb Code     2  stm32f4xx_hal_i2c.o(.text.HAL_I2C_AbortCpltCallback)
    HAL_I2C_AddrCallback                     0x08001239   Thumb Code     2  stm32f4xx_hal_i2c.o(.text.HAL_I2C_AddrCallback)
    HAL_I2C_ER_IRQHandler                    0x0800123d   Thumb Code   336  stm32f4xx_hal_i2c.o(.text.HAL_I2C_ER_IRQHandler)
    HAL_I2C_EV_IRQHandler                    0x0800138d   Thumb Code  1532  stm32f4xx_hal_i2c.o(.text.HAL_I2C_EV_IRQHandler)
    HAL_I2C_ErrorCallback                    0x08001989   Thumb Code     2  stm32f4xx_hal_i2c.o(.text.HAL_I2C_ErrorCallback)
    HAL_I2C_Init                             0x0800198d   Thumb Code   356  stm32f4xx_hal_i2c.o(.text.HAL_I2C_Init)
    HAL_I2C_ListenCpltCallback               0x08001af1   Thumb Code     2  stm32f4xx_hal_i2c.o(.text.HAL_I2C_ListenCpltCallback)
    HAL_I2C_MasterRxCpltCallback             0x08001af5   Thumb Code     2  stm32f4xx_hal_i2c.o(.text.HAL_I2C_MasterRxCpltCallback)
    HAL_I2C_MasterTxCpltCallback             0x08001af9   Thumb Code     2  stm32f4xx_hal_i2c.o(.text.HAL_I2C_MasterTxCpltCallback)
    HAL_I2C_MemRxCpltCallback                0x08001afd   Thumb Code   102  main.o(.text.HAL_I2C_MemRxCpltCallback)
    HAL_I2C_MemTxCpltCallback                0x08001b65   Thumb Code     2  stm32f4xx_hal_i2c.o(.text.HAL_I2C_MemTxCpltCallback)
    HAL_I2C_Mem_Read                         0x08001b69   Thumb Code   600  stm32f4xx_hal_i2c.o(.text.HAL_I2C_Mem_Read)
    HAL_I2C_Mem_Read_DMA                     0x08001dc1   Thumb Code   580  stm32f4xx_hal_i2c.o(.text.HAL_I2C_Mem_Read_DMA)
    HAL_I2C_Mem_Write                        0x08002005   Thumb Code   348  stm32f4xx_hal_i2c.o(.text.HAL_I2C_Mem_Write)
    HAL_I2C_MspInit                          0x08002161   Thumb Code   274  i2c.o(.text.HAL_I2C_MspInit)
    HAL_I2C_SlaveRxCpltCallback              0x08002275   Thumb Code     2  stm32f4xx_hal_i2c.o(.text.HAL_I2C_SlaveRxCpltCallback)
    HAL_I2C_SlaveTxCpltCallback              0x08002279   Thumb Code     2  stm32f4xx_hal_i2c.o(.text.HAL_I2C_SlaveTxCpltCallback)
    HAL_IncTick                              0x0800227d   Thumb Code    26  stm32f4xx_hal.o(.text.HAL_IncTick)
    HAL_Init                                 0x08002299   Thumb Code    54  stm32f4xx_hal.o(.text.HAL_Init)
    HAL_InitTick                             0x080022d1   Thumb Code    72  stm32f4xx_hal.o(.text.HAL_InitTick)
    HAL_MspInit                              0x08002319   Thumb Code    60  stm32f4xx_hal_msp.o(.text.HAL_MspInit)
    HAL_NVIC_EnableIRQ                       0x08002355   Thumb Code    34  stm32f4xx_hal_cortex.o(.text.HAL_NVIC_EnableIRQ)
    HAL_NVIC_SetPriority                     0x08002379   Thumb Code    86  stm32f4xx_hal_cortex.o(.text.HAL_NVIC_SetPriority)
    HAL_NVIC_SetPriorityGrouping             0x080023d1   Thumb Code    32  stm32f4xx_hal_cortex.o(.text.HAL_NVIC_SetPriorityGrouping)
    HAL_RCC_ClockConfig                      0x080023f1   Thumb Code   356  stm32f4xx_hal_rcc.o(.text.HAL_RCC_ClockConfig)
    HAL_RCC_GetPCLK1Freq                     0x08002555   Thumb Code    38  stm32f4xx_hal_rcc.o(.text.HAL_RCC_GetPCLK1Freq)
    HAL_RCC_GetPCLK2Freq                     0x0800257d   Thumb Code    38  stm32f4xx_hal_rcc.o(.text.HAL_RCC_GetPCLK2Freq)
    HAL_RCC_GetSysClockFreq                  0x080025a5   Thumb Code   162  stm32f4xx_hal_rcc_ex.o(.text.HAL_RCC_GetSysClockFreq)
    HAL_RCC_OscConfig                        0x08002649   Thumb Code   988  stm32f4xx_hal_rcc_ex.o(.text.HAL_RCC_OscConfig)
    HAL_SPI_ErrorCallback                    0x08002a25   Thumb Code     2  stm32f4xx_hal_spi.o(.text.HAL_SPI_ErrorCallback)
    HAL_SPI_IRQHandler                       0x08002a29   Thumb Code   302  stm32f4xx_hal_spi.o(.text.HAL_SPI_IRQHandler)
    HAL_SPI_Init                             0x08002b59   Thumb Code   176  stm32f4xx_hal_spi.o(.text.HAL_SPI_Init)
    HAL_SPI_MspInit                          0x08002c09   Thumb Code   192  spi.o(.text.HAL_SPI_MspInit)
    HAL_SPI_Transmit                         0x08002cc9   Thumb Code   634  stm32f4xx_hal_spi.o(.text.HAL_SPI_Transmit)
    HAL_SPI_Transmit_DMA                     0x08002f45   Thumb Code   222  stm32f4xx_hal_spi.o(.text.HAL_SPI_Transmit_DMA)
    HAL_SPI_TxCpltCallback                   0x08003025   Thumb Code     2  stm32f4xx_hal_spi.o(.text.HAL_SPI_TxCpltCallback)
    HAL_SPI_TxHalfCpltCallback               0x08003029   Thumb Code     2  stm32f4xx_hal_spi.o(.text.HAL_SPI_TxHalfCpltCallback)
    HAL_SYSTICK_Config                       0x0800302d   Thumb Code    44  stm32f4xx_hal_cortex.o(.text.HAL_SYSTICK_Config)
    HAL_TIMEx_BreakCallback                  0x08003059   Thumb Code     2  stm32f4xx_hal_tim_ex.o(.text.HAL_TIMEx_BreakCallback)
    HAL_TIMEx_CommutCallback                 0x0800305d   Thumb Code     2  stm32f4xx_hal_tim_ex.o(.text.HAL_TIMEx_CommutCallback)
    HAL_TIM_Base_Init                        0x08003061   Thumb Code    90  stm32f4xx_hal_tim.o(.text.HAL_TIM_Base_Init)
    HAL_TIM_Base_MspInit                     0x080030bd   Thumb Code    72  tim.o(.text.HAL_TIM_Base_MspInit)
    HAL_TIM_Base_Start_IT                    0x08003105   Thumb Code   170  stm32f4xx_hal_tim.o(.text.HAL_TIM_Base_Start_IT)
    HAL_TIM_IC_CaptureCallback               0x080031b1   Thumb Code     2  stm32f4xx_hal_tim.o(.text.HAL_TIM_IC_CaptureCallback)
    HAL_TIM_IRQHandler                       0x080031b5   Thumb Code   334  stm32f4xx_hal_tim.o(.text.HAL_TIM_IRQHandler)
    HAL_TIM_OC_DelayElapsedCallback          0x08003305   Thumb Code     2  stm32f4xx_hal_tim.o(.text.HAL_TIM_OC_DelayElapsedCallback)
    HAL_TIM_PWM_PulseFinishedCallback        0x08003309   Thumb Code     2  stm32f4xx_hal_tim.o(.text.HAL_TIM_PWM_PulseFinishedCallback)
    HAL_TIM_PeriodElapsedCallback            0x0800330d   Thumb Code    30  main.o(.text.HAL_TIM_PeriodElapsedCallback)
    HAL_TIM_TriggerCallback                  0x0800332d   Thumb Code     2  stm32f4xx_hal_tim.o(.text.HAL_TIM_TriggerCallback)
    HAL_UARTEx_RxEventCallback               0x08003331   Thumb Code     2  stm32f4xx_hal_uart.o(.text.HAL_UARTEx_RxEventCallback)
    HAL_UART_ErrorCallback                   0x08003335   Thumb Code     2  stm32f4xx_hal_uart.o(.text.HAL_UART_ErrorCallback)
    HAL_UART_IRQHandler                      0x08003339   Thumb Code  1392  stm32f4xx_hal_uart.o(.text.HAL_UART_IRQHandler)
    HAL_UART_Init                            0x080038a9   Thumb Code    96  stm32f4xx_hal_uart.o(.text.HAL_UART_Init)
    HAL_UART_MspInit                         0x08003909   Thumb Code   356  usart.o(.text.HAL_UART_MspInit)
    HAL_UART_Receive_IT                      0x08003a6d   Thumb Code    84  stm32f4xx_hal_uart.o(.text.HAL_UART_Receive_IT)
    HAL_UART_RxCpltCallback                  0x08003ac1   Thumb Code   272  main.o(.text.HAL_UART_RxCpltCallback)
    HAL_UART_Transmit                        0x08003bd1   Thumb Code   402  stm32f4xx_hal_uart.o(.text.HAL_UART_Transmit)
    HAL_UART_Transmit_DMA                    0x08003d65   Thumb Code   188  stm32f4xx_hal_uart.o(.text.HAL_UART_Transmit_DMA)
    HAL_UART_TxCpltCallback                  0x08003e21   Thumb Code    30  main.o(.text.HAL_UART_TxCpltCallback)
    HAL_UART_TxHalfCpltCallback              0x08003e41   Thumb Code     2  stm32f4xx_hal_uart.o(.text.HAL_UART_TxHalfCpltCallback)
    HardFault_Handler                        0x08003e45   Thumb Code     2  stm32f4xx_it.o(.text.HardFault_Handler)
    I2C1_ER_IRQHandler                       0x08003e49   Thumb Code    12  stm32f4xx_it.o(.text.I2C1_ER_IRQHandler)
    I2C1_EV_IRQHandler                       0x08003e55   Thumb Code    12  stm32f4xx_it.o(.text.I2C1_EV_IRQHandler)
    MX_DMA_Init                              0x08004d4d   Thumb Code   124  dma.o(.text.MX_DMA_Init)
    MX_GPIO_Init                             0x08004dc9   Thumb Code   248  gpio.o(.text.MX_GPIO_Init)
    MX_I2C1_Init                             0x08004ec1   Thumb Code    66  i2c.o(.text.MX_I2C1_Init)
    MX_SPI1_Init                             0x08004f05   Thumb Code    70  spi.o(.text.MX_SPI1_Init)
    MX_TIM14_Init                            0x08004f4d   Thumb Code    54  tim.o(.text.MX_TIM14_Init)
    MX_UART5_Init                            0x08004f85   Thumb Code    60  usart.o(.text.MX_UART5_Init)
    MX_USART2_UART_Init                      0x08004fc1   Thumb Code    60  usart.o(.text.MX_USART2_UART_Init)
    MemManage_Handler                        0x08004ffd   Thumb Code     2  stm32f4xx_it.o(.text.MemManage_Handler)
    NMI_Handler                              0x08005001   Thumb Code     2  stm32f4xx_it.o(.text.NMI_Handler)
    PendSV_Handler                           0x08005005   Thumb Code     2  stm32f4xx_it.o(.text.PendSV_Handler)
    SPI1_IRQHandler                          0x08005009   Thumb Code    12  stm32f4xx_it.o(.text.SPI1_IRQHandler)
    SVC_Handler                              0x0800527d   Thumb Code     2  stm32f4xx_it.o(.text.SVC_Handler)
    SysTick_Handler                          0x08005281   Thumb Code     4  stm32f4xx_it.o(.text.SysTick_Handler)
    SystemClock_Config                       0x08005285   Thumb Code   164  main.o(.text.SystemClock_Config)
    SystemInit                               0x08005329   Thumb Code    18  system_stm32f4xx.o(.text.SystemInit)
    TIM8_TRG_COM_TIM14_IRQHandler            0x0800533d   Thumb Code    12  stm32f4xx_it.o(.text.TIM8_TRG_COM_TIM14_IRQHandler)
    TIM_Base_SetConfig                       0x08005349   Thumb Code   324  stm32f4xx_hal_tim.o(.text.TIM_Base_SetConfig)
    UART5_IRQHandler                         0x0800548d   Thumb Code    12  stm32f4xx_it.o(.text.UART5_IRQHandler)
    UsageFault_Handler                       0x080058c1   Thumb Code     2  stm32f4xx_it.o(.text.UsageFault_Handler)
    battle                                   0x080058c5   Thumb Code   242  battle.o(.text.battle)
    checkBoundary                            0x080059b9   Thumb Code   796  game.o(.text.checkBoundary)
    checkWinner                              0x08005cd5   Thumb Code   208  battle.o(.text.checkWinner)
    choosePlayer                             0x08005dc5   Thumb Code   524  menu.o(.text.choosePlayer)
    drawBattleScreen                         0x08005fdd   Thumb Code   220  battle.o(.text.drawBattleScreen)
    drawGhost                                0x080060b9   Thumb Code   242  graphics.o(.text.drawGhost)
    drawGrave                                0x080061ad   Thumb Code   180  graphics.o(.text.drawGrave)
    drawMaze                                 0x08006261   Thumb Code   672  game.o(.text.drawMaze)
    drawPacMan                               0x08006501   Thumb Code   120  graphics.o(.text.drawPacMan)
    drawRemotePlayer                         0x08006581   Thumb Code   200  game.o(.text.drawRemotePlayer)
    fputc                                    0x08006649   Thumb Code    32  main.o(.text.fputc)
    getSprite                                0x08006669   Thumb Code   142  game.o(.text.getSprite)
    glyph_index                              0x080066f9   Thumb Code    14  ili9341_font.o(.text.glyph_index)
    ili9341_draw_char                        0x08006709   Thumb Code   496  ili9341_gfx.o(.text.ili9341_draw_char)
    ili9341_draw_line                        0x080068f9   Thumb Code   342  ili9341_gfx.o(.text.ili9341_draw_line)
    ili9341_draw_pixel                       0x08006a51   Thumb Code   184  ili9341_gfx.o(.text.ili9341_draw_pixel)
    ili9341_draw_rect                        0x08006b09   Thumb Code   102  ili9341_gfx.o(.text.ili9341_draw_rect)
    ili9341_draw_string                      0x08006b71   Thumb Code   110  ili9341_gfx.o(.text.ili9341_draw_string)
    ili9341_fill_circle                      0x08006be1   Thumb Code   274  ili9341_gfx.o(.text.ili9341_fill_circle)
    ili9341_fill_rect                        0x08006cf5   Thumb Code   420  ili9341_gfx.o(.text.ili9341_fill_rect)
    ili9341_fill_screen                      0x08006e99   Thumb Code    28  ili9341_gfx.o(.text.ili9341_fill_screen)
    ili9341_new                              0x08006eb5   Thumb Code  1840  ili9341.o(.text.ili9341_new)
    ili9341_spi_tft_release                  0x080075e5   Thumb Code    12  ili9341.o(.text.ili9341_spi_tft_release)
    ili9341_spi_tft_select                   0x080075f1   Thumb Code    12  ili9341.o(.text.ili9341_spi_tft_select)
    ili9341_spi_tft_set_address_rect         0x080075fd   Thumb Code   124  ili9341_gfx.o(.text.ili9341_spi_tft_set_address_rect)
    ili9341_spi_write_command                0x08007679   Thumb Code   110  ili9341.o(.text.ili9341_spi_write_command)
    ili9341_spi_write_command_data           0x080076e9   Thumb Code   176  ili9341.o(.text.ili9341_spi_write_command_data)
    ili9341_transmit_color                   0x08007799   Thumb Code    50  ili9341_gfx.o(.text.ili9341_transmit_color)
    main                                     0x080077cd   Thumb Code   816  main.o(.text.main)
    updatePosition                           0x08007b11   Thumb Code   332  game.o(.text.updatePosition)
    writeFillArcHelper                       0x08007c61   Thumb Code  1112  graphics.o(.text.writeFillArcHelper)
    __0printf$3                              0x080080cd   Thumb Code    22  printf3.o(i.__0printf$3)
    __1printf$3                              0x080080cd   Thumb Code     0  printf3.o(i.__0printf$3)
    __2printf                                0x080080cd   Thumb Code     0  printf3.o(i.__0printf$3)
    __0sprintf$3                             0x080080ed   Thumb Code    34  printf3.o(i.__0sprintf$3)
    __1sprintf$3                             0x080080ed   Thumb Code     0  printf3.o(i.__0sprintf$3)
    __2sprintf                               0x080080ed   Thumb Code     0  printf3.o(i.__0sprintf$3)
    __ARM_fpclassify                         0x08008115   Thumb Code    48  fpclassify.o(i.__ARM_fpclassify)
    __hardfp_cos                             0x08008149   Thumb Code   180  cos.o(i.__hardfp_cos)
    __hardfp_sin                             0x08008211   Thumb Code   180  sin.o(i.__hardfp_sin)
    __ieee754_rem_pio2                       0x080082d9   Thumb Code   938  rred.o(i.__ieee754_rem_pio2)
    __kernel_cos                             0x08008711   Thumb Code   322  cos_i.o(i.__kernel_cos)
    __kernel_poly                            0x08008881   Thumb Code   248  poly.o(i.__kernel_poly)
    __kernel_sin                             0x08008979   Thumb Code   280  sin_i.o(i.__kernel_sin)
    __mathlib_dbl_infnan                     0x08008aa9   Thumb Code    20  dunder.o(i.__mathlib_dbl_infnan)
    __mathlib_dbl_invalid                    0x08008ac1   Thumb Code    24  dunder.o(i.__mathlib_dbl_invalid)
    __mathlib_dbl_underflow                  0x08008ae1   Thumb Code    24  dunder.o(i.__mathlib_dbl_underflow)
    __scatterload_copy                       0x08008b01   Thumb Code    14  handlers.o(i.__scatterload_copy)
    __scatterload_null                       0x08008b0f   Thumb Code     2  handlers.o(i.__scatterload_null)
    __scatterload_zeroinit                   0x08008b11   Thumb Code    14  handlers.o(i.__scatterload_zeroinit)
    __set_errno                              0x08008b21   Thumb Code     6  errno.o(i.__set_errno)
    fabs                                     0x08008cef   Thumb Code    24  fabs.o(i.fabs)
    malloc                                   0x08008d09   Thumb Code    92  malloc.o(i.malloc)
    puts                                     0x08008d75   Thumb Code    30  puts.o(i.puts)
    AHBPrescTable                            0x08008ec0   Data          16  system_stm32f4xx.o(.rodata.AHBPrescTable)
    APBPrescTable                            0x08008ed0   Data           8  system_stm32f4xx.o(.rodata.APBPrescTable)
    ILI9341_BLACK                            0x08008ed8   Data           2  ili9341_gfx.o(.rodata.ILI9341_BLACK)
    ILI9341_DARKGREY                         0x08008eda   Data           2  ili9341_gfx.o(.rodata.ILI9341_DARKGREY)
    ILI9341_PINK                             0x08008edc   Data           2  ili9341_gfx.o(.rodata.ILI9341_PINK)
    ILI9341_RED                              0x08008ede   Data           2  ili9341_gfx.o(.rodata.ILI9341_RED)
    ILI9341_WHITE                            0x08008ee0   Data           2  ili9341_gfx.o(.rodata.ILI9341_WHITE)
    ILI9341_YELLOW                           0x08008ee2   Data           2  ili9341_gfx.o(.rodata.ILI9341_YELLOW)
    ili9341_font_11x18                       0x08008eec   Data        3422  ili9341_font.o(.rodata.ili9341_font_11x18)
    Region$$Table$$Base                      0x08009d58   Number         0  anon$$obj.o(Region$$Table)
    Region$$Table$$Limit                     0x08009d78   Number         0  anon$$obj.o(Region$$Table)
    __stdout                                 0x20000004   Data           4  stdout.o(.data)
    __microlib_freelist                      0x20000008   Data           4  mvars.o(.data)
    __microlib_freelist_initialised          0x2000000c   Data           4  mvars.o(.data)
    uwTickFreq                               0x20000014   Data           1  stm32f4xx_hal.o(.data..L_MergedGlobals)
    uwTickPrio                               0x20000018   Data           4  stm32f4xx_hal.o(.data..L_MergedGlobals)
    SystemCoreClock                          0x2000001c   Data           4  system_stm32f4xx.o(.data.SystemCoreClock)
    maze                                     0x20000020   Data        1536  game.o(.data.maze)
    scale_factor                             0x20000620   Data           4  main.o(.data.scale_factor)
    sprite_01                                0x20000624   Data         200  game.o(.data.sprite_01)
    sprite_01_meta                           0x200006ec   Data          12  game.o(.data.sprite_01_meta)
    sprite_02                                0x200006f8   Data         200  game.o(.data.sprite_02)
    sprite_02_meta                           0x200007c0   Data          12  game.o(.data.sprite_02_meta)
    sprite_03                                0x200007cc   Data         200  game.o(.data.sprite_03)
    sprite_03_meta                           0x20000894   Data          12  game.o(.data.sprite_03_meta)
    sprite_04                                0x200008a0   Data         200  game.o(.data.sprite_04)
    sprite_04_meta                           0x20000968   Data          12  game.o(.data.sprite_04_meta)
    sprite_05                                0x20000974   Data         200  game.o(.data.sprite_05)
    sprite_05_meta                           0x20000a3c   Data          12  game.o(.data.sprite_05_meta)
    sprite_06                                0x20000a48   Data         200  game.o(.data.sprite_06)
    sprite_06_meta                           0x20000b10   Data          12  game.o(.data.sprite_06_meta)
    sprite_07                                0x20000b1c   Data         200  game.o(.data.sprite_07)
    sprite_07_meta                           0x20000be4   Data          12  game.o(.data.sprite_07_meta)
    sprite_08                                0x20000bf0   Data         200  game.o(.data.sprite_08)
    sprite_08_meta                           0x20000cb8   Data          12  game.o(.data.sprite_08_meta)
    sprite_09                                0x20000cc4   Data         200  game.o(.data.sprite_09)
    sprite_09_meta                           0x20000d8c   Data          12  game.o(.data.sprite_09_meta)
    sprite_10                                0x20000d98   Data         200  game.o(.data.sprite_10)
    sprite_10_meta                           0x20000e60   Data          12  game.o(.data.sprite_10_meta)
    sprite_11                                0x20000e6c   Data         200  game.o(.data.sprite_11)
    sprite_11_meta                           0x20000f34   Data          12  game.o(.data.sprite_11_meta)
    sprite_12                                0x20000f40   Data         200  game.o(.data.sprite_12)
    sprite_12_meta                           0x20001008   Data          12  game.o(.data.sprite_12_meta)
    sprite_13                                0x20001014   Data         200  game.o(.data.sprite_13)
    sprite_13_meta                           0x200010dc   Data          12  game.o(.data.sprite_13_meta)
    sprite_14                                0x200010e8   Data         200  game.o(.data.sprite_14)
    sprite_14_meta                           0x200011b0   Data          12  game.o(.data.sprite_14_meta)
    sprite_15                                0x200011bc   Data         200  game.o(.data.sprite_15)
    sprite_15_meta                           0x20001284   Data          12  game.o(.data.sprite_15_meta)
    sprite_16                                0x20001290   Data         200  game.o(.data.sprite_16)
    sprite_16_meta                           0x20001358   Data          12  game.o(.data.sprite_16_meta)
    sprites                                  0x20001364   Data          64  game.o(.data.sprites)
    uart_state                               0x200013ac   Data           1  main.o(.bss..L_MergedGlobals)
    rx_data_size                             0x200013ad   Data           1  main.o(.bss..L_MergedGlobals)
    rx_byte                                  0x200013ae   Data           1  main.o(.bss..L_MergedGlobals)
    buffer_index                             0x200013b0   Data           2  main.o(.bss..L_MergedGlobals)
    flag                                     0x200013b4   Data           4  main.o(.bss..L_MergedGlobals)
    accel_x                                  0x200013b8   Data           4  main.o(.bss..L_MergedGlobals)
    accel_y                                  0x200013bc   Data           4  main.o(.bss..L_MergedGlobals)
    accel_z                                  0x200013c0   Data           4  main.o(.bss..L_MergedGlobals)
    flag20                                   0x200013c4   Data           4  main.o(.bss..L_MergedGlobals)
    filtered_accel_x                         0x200013c8   Data           4  main.o(.bss..L_MergedGlobals)
    filtered_accel_y                         0x200013cc   Data           4  main.o(.bss..L_MergedGlobals)
    _screen                                  0x200013d4   Data           4  main.o(.bss..L_MergedGlobals)
    data_buffer                              0x200013d8   Data           6  main.o(.bss..L_MergedGlobals)
    players                                  0x200013de   Data          32  main.o(.bss..L_MergedGlobals)
    buffer                                   0x200013fe   Data         255  main.o(.bss.buffer)
    hdma_i2c1_rx                             0x20001500   Data          96  i2c.o(.bss.hdma_i2c1_rx)
    hdma_i2c1_tx                             0x20001560   Data          96  i2c.o(.bss.hdma_i2c1_tx)
    hdma_spi1_tx                             0x200015c0   Data          96  spi.o(.bss.hdma_spi1_tx)
    hdma_uart5_tx                            0x20001620   Data          96  usart.o(.bss.hdma_uart5_tx)
    hi2c1                                    0x20001680   Data          84  i2c.o(.bss.hi2c1)
    hspi1                                    0x200016d4   Data          88  spi.o(.bss.hspi1)
    htim14                                   0x2000172c   Data          72  tim.o(.bss.htim14)
    huart2                                   0x20001774   Data          72  usart.o(.bss.huart2)
    huart5                                   0x200017bc   Data          72  usart.o(.bss.huart5)
    uwTick                                   0x20002204   Data           4  stm32f4xx_hal.o(.bss.uwTick)
    __heap_base                              0x20002208   Data           0  startup_stm32f446xx.o(HEAP)
    __heap_limit                             0x20002408   Data           0  startup_stm32f446xx.o(HEAP)
    __initial_sp                             0x20002808   Data           0  startup_stm32f446xx.o(STACK)



==============================================================================

Memory Map of the image

  Image Entry point : 0x080001c5

  Load Region LR_IROM1 (Base: 0x08000000, Size: 0x0000b120, Max: 0x00080000, ABSOLUTE, COMPRESSED[0x0000a198])

    Execution Region ER_IROM1 (Exec base: 0x08000000, Load base: 0x08000000, Size: 0x00009d78, Max: 0x00080000, ABSOLUTE)

    Exec Addr    Load Addr    Size         Type   Attr      Idx    E Section Name        Object

    0x08000000   0x08000000   0x000001c4   Data   RO            3    RESET               startup_stm32f446xx.o
    0x080001c4   0x080001c4   0x00000000   Code   RO         1587  * .ARM.Collect$$$$00000000  mc_w.l(entry.o)
    0x080001c4   0x080001c4   0x00000004   Code   RO         1947    .ARM.Collect$$$$00000001  mc_w.l(entry2.o)
    0x080001c8   0x080001c8   0x00000004   Code   RO         1950    .ARM.Collect$$$$00000004  mc_w.l(entry5.o)
    0x080001cc   0x080001cc   0x00000000   Code   RO         1952    .ARM.Collect$$$$00000008  mc_w.l(entry7b.o)
    0x080001cc   0x080001cc   0x00000000   Code   RO         1954    .ARM.Collect$$$$0000000A  mc_w.l(entry8b.o)
    0x080001cc   0x080001cc   0x00000008   Code   RO         1955    .ARM.Collect$$$$0000000B  mc_w.l(entry9a.o)
    0x080001d4   0x080001d4   0x00000000   Code   RO         1957    .ARM.Collect$$$$0000000D  mc_w.l(entry10a.o)
    0x080001d4   0x080001d4   0x00000000   Code   RO         1959    .ARM.Collect$$$$0000000F  mc_w.l(entry11a.o)
    0x080001d4   0x080001d4   0x00000004   Code   RO         1948    .ARM.Collect$$$$00002712  mc_w.l(entry2.o)
    0x080001d8   0x080001d8   0x00000024   Code   RO            4    .text               startup_stm32f446xx.o
    0x080001fc   0x080001fc   0x00000062   Code   RO         1596    .text               mc_w.l(uldiv.o)
    0x0800025e   0x0800025e   0x00000002   PAD
    0x08000260   0x08000260   0x00000024   Code   RO         1598    .text               mc_w.l(rand.o)
    0x08000284   0x08000284   0x00000024   Code   RO         1601    .text               mc_w.l(memseta.o)
    0x080002a8   0x080002a8   0x0000014e   Code   RO         1892    .text               mf_w.l(dadd.o)
    0x080003f6   0x080003f6   0x000000de   Code   RO         1894    .text               mf_w.l(ddiv.o)
    0x080004d4   0x080004d4   0x00000036   Code   RO         1896    .text               mf_w.l(dcmpge.o)
    0x0800050a   0x0800050a   0x00000036   Code   RO         1898    .text               mf_w.l(dcmpgt.o)
    0x08000540   0x08000540   0x0000003e   Code   RO         1902    .text               mf_w.l(dfixi.o)
    0x0800057e   0x0800057e   0x00000026   Code   RO         1904    .text               mf_w.l(f2d.o)
    0x080005a4   0x080005a4   0x00000038   Code   RO         1906    .text               mf_w.l(d2f.o)
    0x080005dc   0x080005dc   0x0000002c   Code   RO         1971    .text               mc_w.l(uidiv.o)
    0x08000608   0x08000608   0x0000001e   Code   RO         1973    .text               mc_w.l(llshl.o)
    0x08000626   0x08000626   0x00000020   Code   RO         1975    .text               mc_w.l(llushr.o)
    0x08000646   0x08000646   0x00000024   Code   RO         1977    .text               mc_w.l(llsshr.o)
    0x0800066a   0x0800066a   0x00000000   Code   RO         1992    .text               mc_w.l(iusefp.o)
    0x0800066a   0x0800066a   0x0000006e   Code   RO         1993    .text               mf_w.l(fepilogue.o)
    0x080006d8   0x080006d8   0x000000ba   Code   RO         1997    .text               mf_w.l(depilogue.o)
    0x08000792   0x08000792   0x000000e4   Code   RO         1999    .text               mf_w.l(dmul.o)
    0x08000876   0x08000876   0x00000002   PAD
    0x08000878   0x08000878   0x00000030   Code   RO         2017    .text               mc_w.l(init.o)
    0x080008a8   0x080008a8   0x00000022   Code   RO         2019    .text               mf_w.l(dflti.o)
    0x080008ca   0x080008ca   0x0000001a   Code   RO         2021    .text               mf_w.l(dfltui.o)
    0x080008e4   0x080008e4   0x0000005e   Code   RO         2031    .text               mc_w.l(__dclz77c.o)
    0x08000942   0x08000942   0x00000002   PAD
    0x08000944   0x08000944   0x00000002   Code   RO          378    .text.BusFault_Handler  stm32f4xx_it.o
    0x08000946   0x08000946   0x00000002   PAD
    0x08000948   0x08000948   0x000001ac   Code   RO          240    .text.Configure_MPU6050  main.o
    0x08000af4   0x08000af4   0x0000000c   Code   RO          390    .text.DMA1_Stream0_IRQHandler  stm32f4xx_it.o
    0x08000b00   0x08000b00   0x0000000c   Code   RO          392    .text.DMA1_Stream6_IRQHandler  stm32f4xx_it.o
    0x08000b0c   0x08000b0c   0x0000000c   Code   RO          404    .text.DMA1_Stream7_IRQHandler  stm32f4xx_it.o
    0x08000b18   0x08000b18   0x0000000c   Code   RO          408    .text.DMA2_Stream3_IRQHandler  stm32f4xx_it.o
    0x08000b24   0x08000b24   0x00000002   Code   RO          384    .text.DebugMon_Handler  stm32f4xx_it.o
    0x08000b26   0x08000b26   0x00000002   PAD
    0x08000b28   0x08000b28   0x00000008   Code   RO          400    .text.EXTI15_10_IRQHandler  stm32f4xx_it.o
    0x08000b30   0x08000b30   0x00000006   Code   RO          264    .text.Error_Handler  main.o
    0x08000b36   0x08000b36   0x00000002   PAD
    0x08000b38   0x08000b38   0x0000008e   Code   RO          765    .text.HAL_DMA_Abort  stm32f4xx_hal_dma.o
    0x08000bc6   0x08000bc6   0x00000002   PAD
    0x08000bc8   0x08000bc8   0x00000024   Code   RO          767    .text.HAL_DMA_Abort_IT  stm32f4xx_hal_dma.o
    0x08000bec   0x08000bec   0x00000004   Code   RO          779    .text.HAL_DMA_GetError  stm32f4xx_hal_dma.o
    0x08000bf0   0x08000bf0   0x00000006   Code   RO          777    .text.HAL_DMA_GetState  stm32f4xx_hal_dma.o
    0x08000bf6   0x08000bf6   0x00000002   PAD
    0x08000bf8   0x08000bf8   0x000001c4   Code   RO          771    .text.HAL_DMA_IRQHandler  stm32f4xx_hal_dma.o
    0x08000dbc   0x08000dbc   0x00000162   Code   RO          757    .text.HAL_DMA_Init  stm32f4xx_hal_dma.o
    0x08000f1e   0x08000f1e   0x00000002   PAD
    0x08000f20   0x08000f20   0x000000a2   Code   RO          763    .text.HAL_DMA_Start_IT  stm32f4xx_hal_dma.o
    0x08000fc2   0x08000fc2   0x00000002   PAD
    0x08000fc4   0x08000fc4   0x00000028   Code   RO          930    .text.HAL_Delay     stm32f4xx_hal.o
    0x08000fec   0x08000fec   0x00000078   Code   RO          242    .text.HAL_GPIO_EXTI_Callback  main.o
    0x08001064   0x08001064   0x00000016   Code   RO          731    .text.HAL_GPIO_EXTI_IRQHandler  stm32f4xx_hal_gpio.o
    0x0800107a   0x0800107a   0x00000002   PAD
    0x0800107c   0x0800107c   0x0000019e   Code   RO          719    .text.HAL_GPIO_Init  stm32f4xx_hal_gpio.o
    0x0800121a   0x0800121a   0x00000002   PAD
    0x0800121c   0x0800121c   0x0000000a   Code   RO          725    .text.HAL_GPIO_WritePin  stm32f4xx_hal_gpio.o
    0x08001226   0x08001226   0x00000002   PAD
    0x08001228   0x08001228   0x0000000c   Code   RO          922    .text.HAL_GetTick   stm32f4xx_hal.o
    0x08001234   0x08001234   0x00000002   Code   RO          545    .text.HAL_I2C_AbortCpltCallback  stm32f4xx_hal_i2c.o
    0x08001236   0x08001236   0x00000002   PAD
    0x08001238   0x08001238   0x00000002   Code   RO          535    .text.HAL_I2C_AddrCallback  stm32f4xx_hal_i2c.o
    0x0800123a   0x0800123a   0x00000002   PAD
    0x0800123c   0x0800123c   0x00000150   Code   RO          525    .text.HAL_I2C_ER_IRQHandler  stm32f4xx_hal_i2c.o
    0x0800138c   0x0800138c   0x000005fc   Code   RO          513    .text.HAL_I2C_EV_IRQHandler  stm32f4xx_hal_i2c.o
    0x08001988   0x08001988   0x00000002   Code   RO          543    .text.HAL_I2C_ErrorCallback  stm32f4xx_hal_i2c.o
    0x0800198a   0x0800198a   0x00000002   PAD
    0x0800198c   0x0800198c   0x00000164   Code   RO          425    .text.HAL_I2C_Init  stm32f4xx_hal_i2c.o
    0x08001af0   0x08001af0   0x00000002   Code   RO          537    .text.HAL_I2C_ListenCpltCallback  stm32f4xx_hal_i2c.o
    0x08001af2   0x08001af2   0x00000002   PAD
    0x08001af4   0x08001af4   0x00000002   Code   RO          529    .text.HAL_I2C_MasterRxCpltCallback  stm32f4xx_hal_i2c.o
    0x08001af6   0x08001af6   0x00000002   PAD
    0x08001af8   0x08001af8   0x00000002   Code   RO          527    .text.HAL_I2C_MasterTxCpltCallback  stm32f4xx_hal_i2c.o
    0x08001afa   0x08001afa   0x00000002   PAD
    0x08001afc   0x08001afc   0x00000066   Code   RO          244    .text.HAL_I2C_MemRxCpltCallback  main.o
    0x08001b62   0x08001b62   0x00000002   PAD
    0x08001b64   0x08001b64   0x00000002   Code   RO          539    .text.HAL_I2C_MemTxCpltCallback  stm32f4xx_hal_i2c.o
    0x08001b66   0x08001b66   0x00000002   PAD
    0x08001b68   0x08001b68   0x00000258   Code   RO          473    .text.HAL_I2C_Mem_Read  stm32f4xx_hal_i2c.o
    0x08001dc0   0x08001dc0   0x00000244   Code   RO          483    .text.HAL_I2C_Mem_Read_DMA  stm32f4xx_hal_i2c.o
    0x08002004   0x08002004   0x0000015c   Code   RO          469    .text.HAL_I2C_Mem_Write  stm32f4xx_hal_i2c.o
    0x08002160   0x08002160   0x00000112   Code   RO          307    .text.HAL_I2C_MspInit  i2c.o
    0x08002272   0x08002272   0x00000002   PAD
    0x08002274   0x08002274   0x00000002   Code   RO          533    .text.HAL_I2C_SlaveRxCpltCallback  stm32f4xx_hal_i2c.o
    0x08002276   0x08002276   0x00000002   PAD
    0x08002278   0x08002278   0x00000002   Code   RO          531    .text.HAL_I2C_SlaveTxCpltCallback  stm32f4xx_hal_i2c.o
    0x0800227a   0x0800227a   0x00000002   PAD
    0x0800227c   0x0800227c   0x0000001a   Code   RO          920    .text.HAL_IncTick   stm32f4xx_hal.o
    0x08002296   0x08002296   0x00000002   PAD
    0x08002298   0x08002298   0x00000036   Code   RO          910    .text.HAL_Init      stm32f4xx_hal.o
    0x080022ce   0x080022ce   0x00000002   PAD
    0x080022d0   0x080022d0   0x00000048   Code   RO          912    .text.HAL_InitTick  stm32f4xx_hal.o
    0x08002318   0x08002318   0x0000003c   Code   RO          417    .text.HAL_MspInit   stm32f4xx_hal_msp.o
    0x08002354   0x08002354   0x00000022   Code   RO          862    .text.HAL_NVIC_EnableIRQ  stm32f4xx_hal_cortex.o
    0x08002376   0x08002376   0x00000002   PAD
    0x08002378   0x08002378   0x00000056   Code   RO          860    .text.HAL_NVIC_SetPriority  stm32f4xx_hal_cortex.o
    0x080023ce   0x080023ce   0x00000002   PAD
    0x080023d0   0x080023d0   0x00000020   Code   RO          858    .text.HAL_NVIC_SetPriorityGrouping  stm32f4xx_hal_cortex.o
    0x080023f0   0x080023f0   0x00000164   Code   RO          579    .text.HAL_RCC_ClockConfig  stm32f4xx_hal_rcc.o
    0x08002554   0x08002554   0x00000026   Code   RO          591    .text.HAL_RCC_GetPCLK1Freq  stm32f4xx_hal_rcc.o
    0x0800257a   0x0800257a   0x00000002   PAD
    0x0800257c   0x0800257c   0x00000026   Code   RO          593    .text.HAL_RCC_GetPCLK2Freq  stm32f4xx_hal_rcc.o
    0x080025a2   0x080025a2   0x00000002   PAD
    0x080025a4   0x080025a4   0x000000a2   Code   RO          627    .text.HAL_RCC_GetSysClockFreq  stm32f4xx_hal_rcc_ex.o
    0x08002646   0x08002646   0x00000002   PAD
    0x08002648   0x08002648   0x000003dc   Code   RO          631    .text.HAL_RCC_OscConfig  stm32f4xx_hal_rcc_ex.o
    0x08002a24   0x08002a24   0x00000002   Code   RO         1080    .text.HAL_SPI_ErrorCallback  stm32f4xx_hal_spi.o
    0x08002a26   0x08002a26   0x00000002   PAD
    0x08002a28   0x08002a28   0x0000012e   Code   RO         1076    .text.HAL_SPI_IRQHandler  stm32f4xx_hal_spi.o
    0x08002b56   0x08002b56   0x00000002   PAD
    0x08002b58   0x08002b58   0x000000b0   Code   RO         1000    .text.HAL_SPI_Init  stm32f4xx_hal_spi.o
    0x08002c08   0x08002c08   0x000000c0   Code   RO          324    .text.HAL_SPI_MspInit  spi.o
    0x08002cc8   0x08002cc8   0x0000027a   Code   RO         1008    .text.HAL_SPI_Transmit  stm32f4xx_hal_spi.o
    0x08002f42   0x08002f42   0x00000002   PAD
    0x08002f44   0x08002f44   0x000000de   Code   RO         1036    .text.HAL_SPI_Transmit_DMA  stm32f4xx_hal_spi.o
    0x08003022   0x08003022   0x00000002   PAD
    0x08003024   0x08003024   0x00000002   Code   RO         1082    .text.HAL_SPI_TxCpltCallback  stm32f4xx_hal_spi.o
    0x08003026   0x08003026   0x00000002   PAD
    0x08003028   0x08003028   0x00000002   Code   RO         1088    .text.HAL_SPI_TxHalfCpltCallback  stm32f4xx_hal_spi.o
    0x0800302a   0x0800302a   0x00000002   PAD
    0x0800302c   0x0800302c   0x0000002c   Code   RO          870    .text.HAL_SYSTICK_Config  stm32f4xx_hal_cortex.o
    0x08003058   0x08003058   0x00000002   Code   RO         1419    .text.HAL_TIMEx_BreakCallback  stm32f4xx_hal_tim_ex.o
    0x0800305a   0x0800305a   0x00000002   PAD
    0x0800305c   0x0800305c   0x00000002   Code   RO         1415    .text.HAL_TIMEx_CommutCallback  stm32f4xx_hal_tim_ex.o
    0x0800305e   0x0800305e   0x00000002   PAD
    0x08003060   0x08003060   0x0000005a   Code   RO         1114    .text.HAL_TIM_Base_Init  stm32f4xx_hal_tim.o
    0x080030ba   0x080030ba   0x00000002   PAD
    0x080030bc   0x080030bc   0x00000048   Code   RO          340    .text.HAL_TIM_Base_MspInit  tim.o
    0x08003104   0x08003104   0x000000aa   Code   RO         1128    .text.HAL_TIM_Base_Start_IT  stm32f4xx_hal_tim.o
    0x080031ae   0x080031ae   0x00000002   PAD
    0x080031b0   0x080031b0   0x00000002   Code   RO         1250    .text.HAL_TIM_IC_CaptureCallback  stm32f4xx_hal_tim.o
    0x080031b2   0x080031b2   0x00000002   PAD
    0x080031b4   0x080031b4   0x0000014e   Code   RO         1248    .text.HAL_TIM_IRQHandler  stm32f4xx_hal_tim.o
    0x08003302   0x08003302   0x00000002   PAD
    0x08003304   0x08003304   0x00000002   Code   RO         1252    .text.HAL_TIM_OC_DelayElapsedCallback  stm32f4xx_hal_tim.o
    0x08003306   0x08003306   0x00000002   PAD
    0x08003308   0x08003308   0x00000002   Code   RO         1254    .text.HAL_TIM_PWM_PulseFinishedCallback  stm32f4xx_hal_tim.o
    0x0800330a   0x0800330a   0x00000002   PAD
    0x0800330c   0x0800330c   0x0000001e   Code   RO          268    .text.HAL_TIM_PeriodElapsedCallback  main.o
    0x0800332a   0x0800332a   0x00000002   PAD
    0x0800332c   0x0800332c   0x00000002   Code   RO         1258    .text.HAL_TIM_TriggerCallback  stm32f4xx_hal_tim.o
    0x0800332e   0x0800332e   0x00000002   PAD
    0x08003330   0x08003330   0x00000002   Code   RO         1519    .text.HAL_UARTEx_RxEventCallback  stm32f4xx_hal_uart.o
    0x08003332   0x08003332   0x00000002   PAD
    0x08003334   0x08003334   0x00000002   Code   RO         1517    .text.HAL_UART_ErrorCallback  stm32f4xx_hal_uart.o
    0x08003336   0x08003336   0x00000002   PAD
    0x08003338   0x08003338   0x00000570   Code   RO         1511    .text.HAL_UART_IRQHandler  stm32f4xx_hal_uart.o
    0x080038a8   0x080038a8   0x00000060   Code   RO         1433    .text.HAL_UART_Init  stm32f4xx_hal_uart.o
    0x08003908   0x08003908   0x00000164   Code   RO          357    .text.HAL_UART_MspInit  usart.o
    0x08003a6c   0x08003a6c   0x00000054   Code   RO         1455    .text.HAL_UART_Receive_IT  stm32f4xx_hal_uart.o
    0x08003ac0   0x08003ac0   0x00000110   Code   RO          250    .text.HAL_UART_RxCpltCallback  main.o
    0x08003bd0   0x08003bd0   0x00000192   Code   RO         1449    .text.HAL_UART_Transmit  stm32f4xx_hal_uart.o
    0x08003d62   0x08003d62   0x00000002   PAD
    0x08003d64   0x08003d64   0x000000bc   Code   RO         1459    .text.HAL_UART_Transmit_DMA  stm32f4xx_hal_uart.o
    0x08003e20   0x08003e20   0x0000001e   Code   RO          252    .text.HAL_UART_TxCpltCallback  main.o
    0x08003e3e   0x08003e3e   0x00000002   PAD
    0x08003e40   0x08003e40   0x00000002   Code   RO         1523    .text.HAL_UART_TxHalfCpltCallback  stm32f4xx_hal_uart.o
    0x08003e42   0x08003e42   0x00000002   PAD
    0x08003e44   0x08003e44   0x00000002   Code   RO          374    .text.HardFault_Handler  stm32f4xx_it.o
    0x08003e46   0x08003e46   0x00000002   PAD
    0x08003e48   0x08003e48   0x0000000c   Code   RO          396    .text.I2C1_ER_IRQHandler  stm32f4xx_it.o
    0x08003e54   0x08003e54   0x0000000c   Code   RO          394    .text.I2C1_EV_IRQHandler  stm32f4xx_it.o
    0x08003e60   0x08003e60   0x00000122   Code   RO          499    .text.I2C_DMAAbort  stm32f4xx_hal_i2c.o
    0x08003f82   0x08003f82   0x00000002   PAD
    0x08003f84   0x08003f84   0x0000004c   Code   RO          461    .text.I2C_DMAError  stm32f4xx_hal_i2c.o
    0x08003fd0   0x08003fd0   0x00000130   Code   RO          459    .text.I2C_DMAXferCplt  stm32f4xx_hal_i2c.o
    0x08004100   0x08004100   0x0000018c   Code   RO          511    .text.I2C_ITError   stm32f4xx_hal_i2c.o
    0x0800428c   0x0800428c   0x000000f8   Code   RO          523    .text.I2C_MasterReceive_BTF  stm32f4xx_hal_i2c.o
    0x08004384   0x08004384   0x00000146   Code   RO          521    .text.I2C_MasterReceive_RXNE  stm32f4xx_hal_i2c.o
    0x080044ca   0x080044ca   0x00000002   PAD
    0x080044cc   0x080044cc   0x00000082   Code   RO          517    .text.I2C_MasterTransmit_BTF  stm32f4xx_hal_i2c.o
    0x0800454e   0x0800454e   0x00000002   PAD
    0x08004550   0x08004550   0x000000b2   Code   RO          515    .text.I2C_MasterTransmit_TXE  stm32f4xx_hal_i2c.o
    0x08004602   0x08004602   0x00000002   PAD
    0x08004604   0x08004604   0x000000be   Code   RO          519    .text.I2C_MemoryTransmit_TXE_BTF  stm32f4xx_hal_i2c.o
    0x080046c2   0x080046c2   0x00000002   PAD
    0x080046c4   0x080046c4   0x00000112   Code   RO          475    .text.I2C_RequestMemoryRead  stm32f4xx_hal_i2c.o
    0x080047d6   0x080047d6   0x00000002   PAD
    0x080047d8   0x080047d8   0x000000c8   Code   RO          471    .text.I2C_RequestMemoryWrite  stm32f4xx_hal_i2c.o
    0x080048a0   0x080048a0   0x000000ba   Code   RO          439    .text.I2C_WaitOnBTFFlagUntilTimeout  stm32f4xx_hal_i2c.o
    0x0800495a   0x0800495a   0x00000002   PAD
    0x0800495c   0x0800495c   0x000001ca   Code   RO          435    .text.I2C_WaitOnFlagUntilTimeout  stm32f4xx_hal_i2c.o
    0x08004b26   0x08004b26   0x00000002   PAD
    0x08004b28   0x08004b28   0x000000d6   Code   RO          553    .text.I2C_WaitOnMasterAddressFlagUntilTimeout  stm32f4xx_hal_i2c.o
    0x08004bfe   0x08004bfe   0x00000002   PAD
    0x08004c00   0x08004c00   0x00000090   Code   RO          443    .text.I2C_WaitOnRXNEFlagUntilTimeout  stm32f4xx_hal_i2c.o
    0x08004c90   0x08004c90   0x000000ba   Code   RO          437    .text.I2C_WaitOnTXEFlagUntilTimeout  stm32f4xx_hal_i2c.o
    0x08004d4a   0x08004d4a   0x00000002   PAD
    0x08004d4c   0x08004d4c   0x0000007c   Code   RO          296    .text.MX_DMA_Init   dma.o
    0x08004dc8   0x08004dc8   0x000000f8   Code   RO          287    .text.MX_GPIO_Init  gpio.o
    0x08004ec0   0x08004ec0   0x00000042   Code   RO          305    .text.MX_I2C1_Init  i2c.o
    0x08004f02   0x08004f02   0x00000002   PAD
    0x08004f04   0x08004f04   0x00000046   Code   RO          322    .text.MX_SPI1_Init  spi.o
    0x08004f4a   0x08004f4a   0x00000002   PAD
    0x08004f4c   0x08004f4c   0x00000036   Code   RO          338    .text.MX_TIM14_Init  tim.o
    0x08004f82   0x08004f82   0x00000002   PAD
    0x08004f84   0x08004f84   0x0000003c   Code   RO          353    .text.MX_UART5_Init  usart.o
    0x08004fc0   0x08004fc0   0x0000003c   Code   RO          355    .text.MX_USART2_UART_Init  usart.o
    0x08004ffc   0x08004ffc   0x00000002   Code   RO          376    .text.MemManage_Handler  stm32f4xx_it.o
    0x08004ffe   0x08004ffe   0x00000002   PAD
    0x08005000   0x08005000   0x00000002   Code   RO          372    .text.NMI_Handler   stm32f4xx_it.o
    0x08005002   0x08005002   0x00000002   PAD
    0x08005004   0x08005004   0x00000002   Code   RO          386    .text.PendSV_Handler  stm32f4xx_it.o
    0x08005006   0x08005006   0x00000002   PAD
    0x08005008   0x08005008   0x0000000c   Code   RO          398    .text.SPI1_IRQHandler  stm32f4xx_it.o
    0x08005014   0x08005014   0x0000000c   Code   RO         1078    .text.SPI_DMAAbortOnError  stm32f4xx_hal_spi.o
    0x08005020   0x08005020   0x0000001e   Code   RO         1042    .text.SPI_DMAError  stm32f4xx_hal_spi.o
    0x0800503e   0x0800503e   0x00000002   PAD
    0x08005040   0x08005040   0x00000006   Code   RO         1038    .text.SPI_DMAHalfTransmitCplt  stm32f4xx_hal_spi.o
    0x08005046   0x08005046   0x00000002   PAD
    0x08005048   0x08005048   0x00000112   Code   RO         1040    .text.SPI_DMATransmitCplt  stm32f4xx_hal_spi.o
    0x0800515a   0x0800515a   0x00000002   PAD
    0x0800515c   0x0800515c   0x00000120   Code   RO         1104    .text.SPI_WaitFlagStateUntilTimeout  stm32f4xx_hal_spi.o
    0x0800527c   0x0800527c   0x00000002   Code   RO          382    .text.SVC_Handler   stm32f4xx_it.o
    0x0800527e   0x0800527e   0x00000002   PAD
    0x08005280   0x08005280   0x00000004   Code   RO          388    .text.SysTick_Handler  stm32f4xx_it.o
    0x08005284   0x08005284   0x000000a4   Code   RO          262    .text.SystemClock_Config  main.o
    0x08005328   0x08005328   0x00000012   Code   RO         1555    .text.SystemInit    system_stm32f4xx.o
    0x0800533a   0x0800533a   0x00000002   PAD
    0x0800533c   0x0800533c   0x0000000c   Code   RO          402    .text.TIM8_TRG_COM_TIM14_IRQHandler  stm32f4xx_it.o
    0x08005348   0x08005348   0x00000144   Code   RO         1118    .text.TIM_Base_SetConfig  stm32f4xx_hal_tim.o
    0x0800548c   0x0800548c   0x0000000c   Code   RO          406    .text.UART5_IRQHandler  stm32f4xx_it.o
    0x08005498   0x08005498   0x0000000c   Code   RO         1515    .text.UART_DMAAbortOnError  stm32f4xx_hal_uart.o
    0x080054a4   0x080054a4   0x0000017c   Code   RO         1465    .text.UART_DMAError  stm32f4xx_hal_uart.o
    0x08005620   0x08005620   0x000000b0   Code   RO         1461    .text.UART_DMATransmitCplt  stm32f4xx_hal_uart.o
    0x080056d0   0x080056d0   0x00000006   Code   RO         1463    .text.UART_DMATxHalfCplt  stm32f4xx_hal_uart.o
    0x080056d6   0x080056d6   0x00000002   PAD
    0x080056d8   0x080056d8   0x000000fe   Code   RO         1513    .text.UART_Receive_IT  stm32f4xx_hal_uart.o
    0x080057d6   0x080057d6   0x00000002   PAD
    0x080057d8   0x080057d8   0x000000e6   Code   RO         1437    .text.UART_SetConfig  stm32f4xx_hal_uart.o
    0x080058be   0x080058be   0x00000002   PAD
    0x080058c0   0x080058c0   0x00000002   Code   RO          380    .text.UsageFault_Handler  stm32f4xx_it.o
    0x080058c2   0x080058c2   0x00000002   PAD
    0x080058c4   0x080058c4   0x000000f2   Code   RO           21    .text.battle        battle.o
    0x080059b6   0x080059b6   0x00000002   PAD
    0x080059b8   0x080059b8   0x0000031c   Code   RO           43    .text.checkBoundary  game.o
    0x08005cd4   0x08005cd4   0x000000f0   Code   RO           19    .text.checkWinner   battle.o
    0x08005dc4   0x08005dc4   0x00000218   Code   RO          229    .text.choosePlayer  menu.o
    0x08005fdc   0x08005fdc   0x000000dc   Code   RO           11    .text.drawBattleScreen  battle.o
    0x080060b8   0x080060b8   0x000000f2   Code   RO           99    .text.drawGhost     graphics.o
    0x080061aa   0x080061aa   0x00000002   PAD
    0x080061ac   0x080061ac   0x000000b4   Code   RO           91    .text.drawGrave     graphics.o
    0x08006260   0x08006260   0x000002a0   Code   RO           39    .text.drawMaze      game.o
    0x08006500   0x08006500   0x00000080   Code   RO           97    .text.drawPacMan    graphics.o
    0x08006580   0x08006580   0x000000c8   Code   RO           47    .text.drawRemotePlayer  game.o
    0x08006648   0x08006648   0x00000020   Code   RO          266    .text.fputc         main.o
    0x08006668   0x08006668   0x0000008e   Code   RO           33    .text.getSprite     game.o
    0x080066f6   0x080066f6   0x00000002   PAD
    0x080066f8   0x080066f8   0x0000000e   Code   RO          159    .text.glyph_index   ili9341_font.o
    0x08006706   0x08006706   0x00000002   PAD
    0x08006708   0x08006708   0x000001f0   Code   RO          197    .text.ili9341_draw_char  ili9341_gfx.o
    0x080068f8   0x080068f8   0x00000156   Code   RO          183    .text.ili9341_draw_line  ili9341_gfx.o
    0x08006a4e   0x08006a4e   0x00000002   PAD
    0x08006a50   0x08006a50   0x000000b8   Code   RO          181    .text.ili9341_draw_pixel  ili9341_gfx.o
    0x08006b08   0x08006b08   0x00000066   Code   RO          187    .text.ili9341_draw_rect  ili9341_gfx.o
    0x08006b6e   0x08006b6e   0x00000002   PAD
    0x08006b70   0x08006b70   0x0000006e   Code   RO          199    .text.ili9341_draw_string  ili9341_gfx.o
    0x08006bde   0x08006bde   0x00000002   PAD
    0x08006be0   0x08006be0   0x00000112   Code   RO          191    .text.ili9341_fill_circle  ili9341_gfx.o
    0x08006cf2   0x08006cf2   0x00000002   PAD
    0x08006cf4   0x08006cf4   0x000001a4   Code   RO          185    .text.ili9341_fill_rect  ili9341_gfx.o
    0x08006e98   0x08006e98   0x0000001c   Code   RO          193    .text.ili9341_fill_screen  ili9341_gfx.o
    0x08006eb4   0x08006eb4   0x00000730   Code   RO          109    .text.ili9341_new   ili9341.o
    0x080075e4   0x080075e4   0x0000000c   Code   RO          133    .text.ili9341_spi_tft_release  ili9341.o
    0x080075f0   0x080075f0   0x0000000c   Code   RO          131    .text.ili9341_spi_tft_select  ili9341.o
    0x080075fc   0x080075fc   0x0000007c   Code   RO          175    .text.ili9341_spi_tft_set_address_rect  ili9341_gfx.o
    0x08007678   0x08007678   0x0000006e   Code   RO          139    .text.ili9341_spi_write_command  ili9341.o
    0x080076e6   0x080076e6   0x00000002   PAD
    0x080076e8   0x080076e8   0x000000b0   Code   RO          145    .text.ili9341_spi_write_command_data  ili9341.o
    0x08007798   0x08007798   0x00000032   Code   RO          179    .text.ili9341_transmit_color  ili9341_gfx.o
    0x080077ca   0x080077ca   0x00000002   PAD
    0x080077cc   0x080077cc   0x00000344   Code   RO          260    .text.main          main.o
    0x08007b10   0x08007b10   0x0000014c   Code   RO           45    .text.updatePosition  game.o
    0x08007c5c   0x08007c5c   0x00000004   PAD
    0x08007c60   0x08007c60   0x0000046c   Code   RO           93    .text.writeFillArcHelper  graphics.o
    0x080080cc   0x080080cc   0x00000020   Code   RO         1692    i.__0printf$3       mc_w.l(printf3.o)
    0x080080ec   0x080080ec   0x00000028   Code   RO         1694    i.__0sprintf$3      mc_w.l(printf3.o)
    0x08008114   0x08008114   0x00000030   Code   RO         2013    i.__ARM_fpclassify  m_wm.l(fpclassify.o)
    0x08008144   0x08008144   0x00000004   PAD
    0x08008148   0x08008148   0x000000c8   Code   RO         1569    i.__hardfp_cos      m_wm.l(cos.o)
    0x08008210   0x08008210   0x000000c8   Code   RO         1581    i.__hardfp_sin      m_wm.l(sin.o)
    0x080082d8   0x080082d8   0x00000438   Code   RO         1939    i.__ieee754_rem_pio2  m_wm.l(rred.o)
    0x08008710   0x08008710   0x00000170   Code   RO         1908    i.__kernel_cos      m_wm.l(cos_i.o)
    0x08008880   0x08008880   0x000000f8   Code   RO         2015    i.__kernel_poly     m_wm.l(poly.o)
    0x08008978   0x08008978   0x00000130   Code   RO         1944    i.__kernel_sin      m_wm.l(sin_i.o)
    0x08008aa8   0x08008aa8   0x00000014   Code   RO         1912    i.__mathlib_dbl_infnan  m_wm.l(dunder.o)
    0x08008abc   0x08008abc   0x00000004   PAD
    0x08008ac0   0x08008ac0   0x00000020   Code   RO         1914    i.__mathlib_dbl_invalid  m_wm.l(dunder.o)
    0x08008ae0   0x08008ae0   0x00000020   Code   RO         1917    i.__mathlib_dbl_underflow  m_wm.l(dunder.o)
    0x08008b00   0x08008b00   0x0000000e   Code   RO         2025    i.__scatterload_copy  mc_w.l(handlers.o)
    0x08008b0e   0x08008b0e   0x00000002   Code   RO         2026    i.__scatterload_null  mc_w.l(handlers.o)
    0x08008b10   0x08008b10   0x0000000e   Code   RO         2027    i.__scatterload_zeroinit  mc_w.l(handlers.o)
    0x08008b1e   0x08008b1e   0x00000002   PAD
    0x08008b20   0x08008b20   0x0000000c   Code   RO         1987    i.__set_errno       mc_w.l(errno.o)
    0x08008b2c   0x08008b2c   0x000001b8   Code   RO         1699    i._printf_core      mc_w.l(printf3.o)
    0x08008ce4   0x08008ce4   0x0000000a   Code   RO         1701    i._sputc            mc_w.l(printf3.o)
    0x08008cee   0x08008cee   0x00000018   Code   RO         2009    i.fabs              m_wm.l(fabs.o)
    0x08008d06   0x08008d06   0x00000002   PAD
    0x08008d08   0x08008d08   0x0000006c   Code   RO         1865    i.malloc            mc_w.l(malloc.o)
    0x08008d74   0x08008d74   0x00000024   Code   RO         1590    i.puts              mc_w.l(puts.o)
    0x08008d98   0x08008d98   0x00000030   Data   RO         1909    .constdata          m_wm.l(cos_i.o)
    0x08008dc8   0x08008dc8   0x000000cc   Data   RO         1941    .constdata          m_wm.l(rred.o)
    0x08008e94   0x08008e94   0x00000004   PAD
    0x08008e98   0x08008e98   0x00000028   Data   RO         1945    .constdata          m_wm.l(sin_i.o)
    0x08008ec0   0x08008ec0   0x00000010   Data   RO         1560    .rodata.AHBPrescTable  system_stm32f4xx.o
    0x08008ed0   0x08008ed0   0x00000008   Data   RO         1561    .rodata.APBPrescTable  system_stm32f4xx.o
    0x08008ed8   0x08008ed8   0x00000002   Data   RO          201    .rodata.ILI9341_BLACK  ili9341_gfx.o
    0x08008eda   0x08008eda   0x00000002   Data   RO          209    .rodata.ILI9341_DARKGREY  ili9341_gfx.o
    0x08008edc   0x08008edc   0x00000002   Data   RO          219    .rodata.ILI9341_PINK  ili9341_gfx.o
    0x08008ede   0x08008ede   0x00000002   Data   RO          213    .rodata.ILI9341_RED  ili9341_gfx.o
    0x08008ee0   0x08008ee0   0x00000002   Data   RO          216    .rodata.ILI9341_WHITE  ili9341_gfx.o
    0x08008ee2   0x08008ee2   0x00000002   Data   RO          215    .rodata.ILI9341_YELLOW  ili9341_gfx.o
    0x08008ee4   0x08008ee4   0x00000008   Data   RO          781    .rodata.cst8        stm32f4xx_hal_dma.o
    0x08008eec   0x08008eec   0x00000d5e   Data   RO          162    .rodata.ili9341_font_11x18  ili9341_font.o
    0x08009c4a   0x08009c4a   0x0000010e   Data   RO          272    .rodata.str1.1      main.o
    0x08009d58   0x08009d58   0x00000020   Data   RO         2024    Region$$Table       anon$$obj.o


    Execution Region RW_IRAM1 (Exec base: 0x20000000, Load base: 0x08009d78, Size: 0x00002808, Max: 0x00020000, ABSOLUTE, COMPRESSED[0x00000420])

    Exec Addr    Load Addr    Size         Type   Attr      Idx    E Section Name        Object

    0x20000000   COMPRESSED   0x00000004   Data   RW         1599    .data               mc_w.l(rand.o)
    0x20000004   COMPRESSED   0x00000004   Data   RW         1961    .data               mc_w.l(stdout.o)
    0x20000008   COMPRESSED   0x00000004   Data   RW         1983    .data               mc_w.l(mvars.o)
    0x2000000c   COMPRESSED   0x00000004   Data   RW         1984    .data               mc_w.l(mvars.o)
    0x20000010   COMPRESSED   0x00000004   Data   RW         1988    .data               mc_w.l(errno.o)
    0x20000014   COMPRESSED   0x00000008   Data   RW          965    .data..L_MergedGlobals  stm32f4xx_hal.o
    0x2000001c   COMPRESSED   0x00000004   Data   RW         1559    .data.SystemCoreClock  system_stm32f4xx.o
    0x20000020   COMPRESSED   0x00000600   Data   RW           82    .data.maze          game.o
    0x20000620   COMPRESSED   0x00000004   Data   RW          270    .data.scale_factor  main.o
    0x20000624   COMPRESSED   0x000000c8   Data   RW           49    .data.sprite_01     game.o
    0x200006ec   COMPRESSED   0x0000000c   Data   RW           65    .data.sprite_01_meta  game.o
    0x200006f8   COMPRESSED   0x000000c8   Data   RW           50    .data.sprite_02     game.o
    0x200007c0   COMPRESSED   0x0000000c   Data   RW           66    .data.sprite_02_meta  game.o
    0x200007cc   COMPRESSED   0x000000c8   Data   RW           51    .data.sprite_03     game.o
    0x20000894   COMPRESSED   0x0000000c   Data   RW           67    .data.sprite_03_meta  game.o
    0x200008a0   COMPRESSED   0x000000c8   Data   RW           52    .data.sprite_04     game.o
    0x20000968   COMPRESSED   0x0000000c   Data   RW           68    .data.sprite_04_meta  game.o
    0x20000974   COMPRESSED   0x000000c8   Data   RW           53    .data.sprite_05     game.o
    0x20000a3c   COMPRESSED   0x0000000c   Data   RW           69    .data.sprite_05_meta  game.o
    0x20000a48   COMPRESSED   0x000000c8   Data   RW           54    .data.sprite_06     game.o
    0x20000b10   COMPRESSED   0x0000000c   Data   RW           70    .data.sprite_06_meta  game.o
    0x20000b1c   COMPRESSED   0x000000c8   Data   RW           55    .data.sprite_07     game.o
    0x20000be4   COMPRESSED   0x0000000c   Data   RW           71    .data.sprite_07_meta  game.o
    0x20000bf0   COMPRESSED   0x000000c8   Data   RW           56    .data.sprite_08     game.o
    0x20000cb8   COMPRESSED   0x0000000c   Data   RW           72    .data.sprite_08_meta  game.o
    0x20000cc4   COMPRESSED   0x000000c8   Data   RW           57    .data.sprite_09     game.o
    0x20000d8c   COMPRESSED   0x0000000c   Data   RW           73    .data.sprite_09_meta  game.o
    0x20000d98   COMPRESSED   0x000000c8   Data   RW           58    .data.sprite_10     game.o
    0x20000e60   COMPRESSED   0x0000000c   Data   RW           74    .data.sprite_10_meta  game.o
    0x20000e6c   COMPRESSED   0x000000c8   Data   RW           59    .data.sprite_11     game.o
    0x20000f34   COMPRESSED   0x0000000c   Data   RW           75    .data.sprite_11_meta  game.o
    0x20000f40   COMPRESSED   0x000000c8   Data   RW           60    .data.sprite_12     game.o
    0x20001008   COMPRESSED   0x0000000c   Data   RW           76    .data.sprite_12_meta  game.o
    0x20001014   COMPRESSED   0x000000c8   Data   RW           61    .data.sprite_13     game.o
    0x200010dc   COMPRESSED   0x0000000c   Data   RW           77    .data.sprite_13_meta  game.o
    0x200010e8   COMPRESSED   0x000000c8   Data   RW           62    .data.sprite_14     game.o
    0x200011b0   COMPRESSED   0x0000000c   Data   RW           78    .data.sprite_14_meta  game.o
    0x200011bc   COMPRESSED   0x000000c8   Data   RW           63    .data.sprite_15     game.o
    0x20001284   COMPRESSED   0x0000000c   Data   RW           79    .data.sprite_15_meta  game.o
    0x20001290   COMPRESSED   0x000000c8   Data   RW           64    .data.sprite_16     game.o
    0x20001358   COMPRESSED   0x0000000c   Data   RW           80    .data.sprite_16_meta  game.o
    0x20001364   COMPRESSED   0x00000040   Data   RW           81    .data.sprites       game.o
    0x200013a4   COMPRESSED   0x00000004   Data   RW          275    .data.transmission_complete  main.o
    0x200013a8        -       0x00000004   Zero   RW           24    .bss..L_MergedGlobals  battle.o
    0x200013ac        -       0x00000052   Zero   RW          278    .bss..L_MergedGlobals  main.o
    0x200013fe        -       0x000000ff   Zero   RW          273    .bss.buffer         main.o
    0x200014fd   COMPRESSED   0x00000003   PAD
    0x20001500        -       0x00000060   Zero   RW          312    .bss.hdma_i2c1_rx   i2c.o
    0x20001560        -       0x00000060   Zero   RW          313    .bss.hdma_i2c1_tx   i2c.o
    0x200015c0        -       0x00000060   Zero   RW          329    .bss.hdma_spi1_tx   spi.o
    0x20001620        -       0x00000060   Zero   RW          363    .bss.hdma_uart5_tx  usart.o
    0x20001680        -       0x00000054   Zero   RW          311    .bss.hi2c1          i2c.o
    0x200016d4        -       0x00000058   Zero   RW          328    .bss.hspi1          spi.o
    0x2000172c        -       0x00000048   Zero   RW          344    .bss.htim14         tim.o
    0x20001774        -       0x00000048   Zero   RW          362    .bss.huart2         usart.o
    0x200017bc        -       0x00000048   Zero   RW          361    .bss.huart5         usart.o
    0x20001804        -       0x000000ff   Zero   RW          274    .bss.rx_data        main.o
    0x20001903   COMPRESSED   0x00000001   PAD
    0x20001904        -       0x00000800   Zero   RW          220    .bss.spi_tx_block   ili9341_gfx.o
    0x20002104        -       0x000000ff   Zero   RW          276    .bss.tx_buffer      main.o
    0x20002203   COMPRESSED   0x00000001   PAD
    0x20002204        -       0x00000004   Zero   RW          964    .bss.uwTick         stm32f4xx_hal.o
    0x20002208        -       0x00000200   Zero   RW            2    HEAP                startup_stm32f446xx.o
    0x20002408        -       0x00000400   Zero   RW            1    STACK               startup_stm32f446xx.o


==============================================================================

Image component sizes


      Code (inc. data)   RO Data    RW Data    ZI Data      Debug   Object Name

       702         32          0          0          4       9851   battle.o
       124          0          0          0          0       3728   dma.o
      2142          0          0       4992          0      15817   game.o
       248          0          0          0          0       4296   gpio.o
      1682         56          0          0          0      11499   graphics.o
       340          0          0          0        276       7563   i2c.o
      2150          0          0          0          0      23147   ili9341.o
        14          0       3422          0          0        991   ili9341_font.o
      2130          0         12          0       2048      20519   ili9341_gfx.o
      2020        166        270          8        847      20552   main.o
       536         12          0          0          0       7473   menu.o
       262          0          0          0        184       7260   spi.o
        36          8        452          0       1536        844   startup_stm32f446xx.o
       204          0          0          8          4       7522   stm32f4xx_hal.o
       196          0          0          0          0      10850   stm32f4xx_hal_cortex.o
      1156          6          8          0          0      10560   stm32f4xx_hal_dma.o
       446          0          0          0          0       5493   stm32f4xx_hal_gpio.o
      7570         16          0          0          0      44451   stm32f4xx_hal_i2c.o
        60          0          0          0          0       1728   stm32f4xx_hal_msp.o
       432          0          0          0          0       7592   stm32f4xx_hal_rcc.o
      1150          4          0          0          0      11178   stm32f4xx_hal_rcc_ex.o
      1950          0          0          0          0      26373   stm32f4xx_hal_spi.o
       926          0          0          0          0      57366   stm32f4xx_hal_tim.o
         4          0          0          0          0      21513   stm32f4xx_hal_tim_ex.o
      3226          0          0          0          0      32170   stm32f4xx_hal_uart.o
       136          0          0          0          0       9077   stm32f4xx_it.o
        18          0         24          4          0       2764   system_stm32f4xx.o
       126          0          0          0         72       7162   tim.o
       476          0          0          0        240       7676   usart.o

    ----------------------------------------------------------------------
     30636        300       4220       5012       5216     397015   Object Totals
         0          0         32          0          0          0   (incl. Generated)
       174          0          0          0          5          0   (incl. Padding)

    ----------------------------------------------------------------------

      Code (inc. data)   RO Data    RW Data    ZI Data      Debug   Library Member Name

       200         20          0          0          0        164   cos.o
       368         46         48          0          0        200   cos_i.o
        84         16          0          0          0        372   dunder.o
        24          0          0          0          0        124   fabs.o
        48          0          0          0          0        124   fpclassify.o
       248          0          0          0          0        152   poly.o
      1080        142        204          0          0        188   rred.o
       200         20          0          0          0        164   sin.o
       304         24         40          0          0        208   sin_i.o
        94          0          0          0          0          0   __dclz77c.o
         0          0          0          0          0          0   entry.o
         0          0          0          0          0          0   entry10a.o
         0          0          0          0          0          0   entry11a.o
         8          4          0          0          0          0   entry2.o
         4          0          0          0          0          0   entry5.o
         0          0          0          0          0          0   entry7b.o
         0          0          0          0          0          0   entry8b.o
         8          4          0          0          0          0   entry9a.o
        12          6          0          4          0         68   errno.o
        30          0          0          0          0          0   handlers.o
        48         10          0          0          0         68   init.o
         0          0          0          0          0          0   iusefp.o
        30          0          0          0          0         68   llshl.o
        36          0          0          0          0         68   llsshr.o
        32          0          0          0          0         68   llushr.o
       108         16          0          0          0         84   malloc.o
        36          0          0          0          0        108   memseta.o
         0          0          0          8          0          0   mvars.o
       522         20          0          0          0        336   printf3.o
        36          6          0          0          0         80   puts.o
        36         10          0          4          0        136   rand.o
         0          0          0          4          0          0   stdout.o
        44          0          0          0          0         80   uidiv.o
        98          0          0          0          0         92   uldiv.o
        56          0          0          0          0         88   d2f.o
       334          0          0          0          0        148   dadd.o
        54          0          0          0          0         80   dcmpge.o
        54          0          0          0          0         80   dcmpgt.o
       222          0          0          0          0        100   ddiv.o
       186          0          0          0          0        176   depilogue.o
        62          0          0          0          0         80   dfixi.o
        34          0          0          0          0         76   dflti.o
        26          0          0          0          0         76   dfltui.o
       228          0          0          0          0         96   dmul.o
        38          0          0          0          0         68   f2d.o
       110          0          0          0          0        168   fepilogue.o

    ----------------------------------------------------------------------
      5160        344        296         20          0       4188   Library Totals
        18          0          4          0          0          0   (incl. Padding)

    ----------------------------------------------------------------------

      Code (inc. data)   RO Data    RW Data    ZI Data      Debug   Library Name

      2556        268        292          0          0       1696   m_wm.l
      1182         76          0         20          0       1256   mc_w.l
      1404          0          0          0          0       1236   mf_w.l

    ----------------------------------------------------------------------
      5160        344        296         20          0       4188   Library Totals

    ----------------------------------------------------------------------

==============================================================================


      Code (inc. data)   RO Data    RW Data    ZI Data      Debug   

     35796        644       4516       5032       5216     398647   Grand Totals
     35796        644       4516       1056       5216     398647   ELF Image Totals (compressed)
     35796        644       4516       1056          0          0   ROM Totals

==============================================================================

    Total RO  Size (Code + RO Data)                40312 (  39.37kB)
    Total RW  Size (RW Data + ZI Data)             10248 (  10.01kB)
    Total ROM Size (Code + RO Data + RW Data)      41368 (  40.40kB)

==============================================================================

